---------------------------------------------------------------------------
Starting test 1
Trading Strategy Final Return: 8.20%
Buy and Hold Final Return: -3.24%
Total trades: 434
Average return per trade: 1.8887%
Median return per trade: -5.2766%
Standard deviation of returns: 63.6557%
Percentage of profitable trades: 45.16%
Largest gain: 395.24%
Largest loss: -146.18%
Sharpe Ratio: 0.4710
Maximum Drawdown: -22.39%
Top 5 largest losses:
              timestamp  entry_price          size  leverage  collateral   type symbol  tp_price  sl_price  liq_price         pnl  exit_price exit_reason    return  cumulative_return
17  2024-10-16 12:45:00       1.4530  15186.511196     118.0         187   long    FET  1.483059   1.35129   1.444947 -273.357303      1.4350         liq -1.461804          -1.218614
217 2024-10-20 03:30:00       0.1177  29736.617742      70.0          50  short   RARE  0.115642   0.14124   0.118860  -65.420559      0.1199         liq -1.308411           5.660853
119 2024-10-18 11:00:00       2.6650   2169.606035     118.0          49   long    WIF  2.719925   2.47845   2.650230  -62.918670      2.6360         liq -1.284054           5.327282
374 2024-10-23 02:45:00       1.4930   4188.881361     118.0          53   long    IMX  1.502000   1.47900   1.484725  -67.022238      1.4770         liq -1.264571          12.805115
384 2024-10-23 06:15:00       2.4320   2319.901390     108.5          52   long    WIF  2.433000   2.40500   2.417161  -64.956956      2.4040         liq -1.249172          13.084730
Top 5 largest gains:
              timestamp  entry_price         size  leverage  collateral   type symbol  tp_price  sl_price  liq_price         pnl  exit_price exit_reason    return  cumulative_return
255 2024-10-20 21:45:00        2.687  3161.890542     118.0          72   long    WIF  2.734998   2.49891   2.672108  284.569877       2.777          tp  3.952359           5.550826
287 2024-10-21 09:15:00        2.240  2274.999990      98.0          52  short    FXS  2.174183   2.68800   2.255314  159.249847       2.170          tp  3.062497          15.131963
22  2024-10-16 12:15:00        2.606  8829.624126     118.0         195  short    WIF  2.531726   3.12720   2.620443  582.755058       2.540     opening  2.988487           0.295147
286 2024-10-21 10:45:00        2.594  1754.047734      87.5          52  short    WIF  2.542798   3.11280   2.614100  119.275383       2.526          tp  2.293757          17.329840
131 2024-10-18 14:30:00        1.398  4135.908435     118.0          49   long    FET  1.421316   1.30014   1.390252  111.669323       1.425          tp  2.278966           5.834112
Testing Report
+--------+------------+--------------+------------+----------+------------+--------------+--------------+----------------+---------+---------+----------+
| Crypto | Num Trades | Win Rate (%) | Avg Profit | Avg Loss | Net Profit | Sharpe Ratio | Max Drawdown | Risk to Reward | Num Tps | Num Sls | Num Liqs |
+--------+------------+--------------+------------+----------+------------+--------------+--------------+----------------+---------+---------+----------+
| EOS    |         45 |        48.89 |      28.75 |   -17.06 |     240.23 |        4.513 |        0.510 |          2.159 |      14 |      15 |        0 |
| FET    |         39 |        56.41 |      52.78 |   -45.23 |     392.23 |        2.550 |        0.808 |          1.131 |      14 |       5 |       10 |
| FXS    |         42 |        42.86 |      35.23 |   -50.23 |    -571.31 |        1.486 |        3.996 |          1.787 |      14 |      16 |        2 |
| GMT    |         43 |        39.53 |      14.64 |   -10.74 |     -30.49 |       -2.887 |       19.591 |          0.892 |       9 |      15 |        2 |
| IMX    |         46 |        34.78 |      39.97 |   -25.33 |    -120.37 |       -3.004 |        2.825 |          1.144 |      11 |      14 |        8 |
| RARE   |         44 |        61.36 |      31.69 |   -21.32 |     493.26 |        5.052 |        0.435 |          1.466 |      22 |      10 |        1 |
| STX    |         45 |        53.33 |      21.41 |   -27.05 |     -54.14 |        0.549 |       19.202 |          0.907 |      15 |      11 |        3 |
| W      |         45 |        28.89 |      66.71 |   -30.64 |    -113.19 |       -2.661 |        2.904 |          1.555 |       7 |      14 |       11 |
| WIF    |         42 |        40.48 |      97.89 |   -69.59 |     -75.55 |       -0.531 |        2.049 |          1.349 |       8 |       5 |       17 |
| XRP    |         43 |        46.51 |      25.09 |   -16.66 |     118.61 |        0.893 |        2.185 |          1.329 |      11 |      14 |        3 |
+--------+------------+--------------+------------+----------+------------+--------------+--------------+----------------+---------+---------+----------+
+--------+------------+--------------+------------+----------+------------+--------------+--------------+----------------+---------+---------+----------+
| Crypto | Num Trades | Win Rate (%) | Avg Profit | Avg Loss | Net Profit | Sharpe Ratio | Max Drawdown | Risk to Reward | Num Tps | Num Sls | Num Liqs |
+--------+------------+--------------+------------+----------+------------+--------------+--------------+----------------+---------+---------+----------+
| PF     |        434 |        45.16 |      39.38 |   -31.26 |     279.28 |        0.472 |      828.772 |          1.287 |     125 |     119 |       57 |
+--------+------------+--------------+------------+----------+------------+--------------+--------------+----------------+---------+---------+----------+
Test Performance Score (Strategy Return): 5.59%
---------------------------------------------------------------------------
Starting test 2
Trading Strategy Final Return: -23.25%
Buy and Hold Final Return: -3.24%
Total trades: 440
Average return per trade: -5.2837%
Median return per trade: -8.0865%
Standard deviation of returns: 62.1629%
Percentage of profitable trades: 43.64%
Largest gain: 334.56%
Largest loss: -210.49%
Sharpe Ratio: -1.3493
Maximum Drawdown: -20.01%
Top 5 largest losses:
              timestamp  entry_price         size  leverage  collateral   type symbol  tp_price  sl_price  liq_price         pnl  exit_price exit_reason    return  cumulative_return
57  2024-10-17 05:45:00        2.594  6881.264188     105.0         170   long    WIF  2.650707   2.41242   2.577646 -357.826053       2.542         liq -2.104859          -7.842750
264 2024-10-20 23:00:00        2.730  3241.758219     118.0          75  short    WIF  2.673335   3.27600   2.745131 -152.362414       2.777         liq -2.031499         -22.269276
146 2024-10-18 22:00:00        2.613  4786.835209     118.0         106  short    WIF  2.569335   3.13560   2.627482 -177.113761       2.650         liq -1.670885         -14.352417
292 2024-10-21 10:15:00        2.604  2099.462292      77.0          71   long    WIF  2.658627   2.42172   2.580801 -113.371256       2.550         liq -1.596778         -28.151938
207 2024-10-19 22:30:00        2.619  2140.893505      63.0          89  short    WIF  2.583571   3.14280   2.648017 -130.594737       2.680         liq -1.467357         -19.474097
Top 5 largest gains:
              timestamp  entry_price          size  leverage  collateral   type symbol  tp_price  sl_price  liq_price         pnl  exit_price exit_reason    return  cumulative_return
434 2024-10-23 19:00:00       1.3050   4701.915898     118.0          52   long    FET  1.329759  1.213650   1.297767  173.971171      1.3420          tp  3.345599         -26.326861
72  2024-10-17 12:00:00       2.5340   6891.870778     118.0         148   long    WIF  2.585456  2.356620   2.519956  434.187609      2.5970          tp  2.933700          -7.173457
370 2024-10-22 16:45:00       2.3850   2770.649906     112.0          59   long    WIF  2.445847  2.218050   2.370988  146.844371      2.4380     opening  2.488888         -27.720240
274 2024-10-21 02:00:00       2.7160   2384.020548      87.5          74  short    WIF  2.652246  3.259200   2.737045  159.729736      2.6490          tp  2.158510         -21.941806
425 2024-10-23 18:00:00       0.2646  24973.544150     118.0          56   long      W  0.269267  0.246078   0.263133  119.872808      0.2694          tp  2.140586         -29.672461
Testing Report
+--------+------------+--------------+------------+----------+------------+--------------+--------------+----------------+---------+---------+----------+
| Crypto | Num Trades | Win Rate (%) | Avg Profit | Avg Loss | Net Profit | Sharpe Ratio | Max Drawdown | Risk to Reward | Num Tps | Num Sls | Num Liqs |
+--------+------------+--------------+------------+----------+------------+--------------+--------------+----------------+---------+---------+----------+
| EOS    |         44 |        47.73 |      28.55 |   -23.09 |      68.62 |        0.283 |      192.912 |          1.144 |      16 |      17 |        0 |
| FET    |         45 |        37.78 |      88.98 |   -60.38 |    -177.97 |       -1.166 |        4.159 |          1.369 |       9 |      13 |       13 |
| FXS    |         45 |        37.78 |      30.78 |   -30.15 |    -320.82 |       -2.648 |       81.714 |          1.062 |      14 |      14 |        4 |
| GMT    |         44 |        52.27 |      19.22 |   -21.89 |     -17.74 |       -0.072 |        3.368 |          0.903 |      13 |      14 |        1 |
| IMX    |         45 |        48.89 |      43.21 |   -56.63 |    -351.82 |        0.150 |        4.010 |          1.069 |      16 |      11 |        6 |
| RARE   |         45 |        46.67 |      33.54 |   -31.10 |     -42.08 |        1.330 |        6.513 |          1.442 |      16 |      17 |        2 |
| STX    |         38 |        52.63 |      24.92 |   -19.83 |     141.50 |        2.341 |        0.893 |          1.146 |      15 |      11 |        0 |
| W      |         46 |        36.96 |      41.26 |   -51.39 |    -788.91 |       -2.834 |       47.522 |          1.035 |      11 |      13 |        9 |
| WIF    |         43 |        32.56 |     102.22 |   -96.96 |  -1,380.78 |       -3.869 |      120.424 |          1.177 |       7 |       3 |       24 |
| XRP    |         45 |        44.44 |      20.46 |   -33.82 |    -436.36 |       -3.338 |       12.812 |          0.734 |      11 |      18 |        3 |
+--------+------------+--------------+------------+----------+------------+--------------+--------------+----------------+---------+---------+----------+
+--------+------------+--------------+------------+----------+------------+--------------+--------------+----------------+---------+---------+----------+
| Crypto | Num Trades | Win Rate (%) | Avg Profit | Avg Loss | Net Profit | Sharpe Ratio | Max Drawdown | Risk to Reward | Num Tps | Num Sls | Num Liqs |
+--------+------------+--------------+------------+----------+------------+--------------+--------------+----------------+---------+---------+----------+
| PF     |        440 |        43.64 |      40.48 |   -44.67 |  -3,306.35 |       -1.351 |       27.697 |          1.007 |     128 |     131 |       62 |
+--------+------------+--------------+------------+----------+------------+--------------+--------------+----------------+---------+---------+----------+
Test Performance Score (Strategy Return): -66.13%
---------------------------------------------------------------------------
Starting test 3
Trading Strategy Final Return: -2.35%
Buy and Hold Final Return: -3.24%
Total trades: 423
Average return per trade: -0.5560%
Median return per trade: -8.7971%
Standard deviation of returns: 61.0893%
Percentage of profitable trades: 43.74%
Largest gain: 289.89%
Largest loss: -144.81%
Sharpe Ratio: -0.1445
Maximum Drawdown: -0.00%
Top 5 largest losses:
              timestamp  entry_price          size  leverage  collateral   type symbol  tp_price  sl_price  liq_price         pnl  exit_price exit_reason    return  cumulative_return
291 2024-10-21 13:30:00       2.5260   4624.703046     118.0          99   long    WIF  2.579437   2.34918   2.512000 -143.366430      2.4950         liq -1.448146          -7.198078
212 2024-10-20 04:30:00       0.1371  46870.898451      59.5         108  short    GMT  0.134997   0.16452   0.138718 -149.987319      0.1403         liq -1.388771          -6.386243
229 2024-10-20 08:15:00       0.2910  42577.318332     118.0         105  short      W  0.286878   0.34920   0.292613 -136.247187      0.2942         liq -1.297592          -6.886297
113 2024-10-18 11:00:00       2.6650   5977.486014     118.0         135   long    WIF  2.719925   2.47845   2.650230 -173.347357      2.6360         liq -1.284054          -7.645309
72  2024-10-17 14:00:00       1.3810  14098.478934     118.0         165  short    FET  1.355271   1.65720   1.388654 -197.377845      1.3950         liq -1.196229          -6.490473
Top 5 largest gains:
              timestamp  entry_price         size  leverage  collateral   type symbol  tp_price  sl_price  liq_price         pnl  exit_price exit_reason    return  cumulative_return
284 2024-10-21 10:00:00        2.620  4182.633770     108.5         101  short    WIF  2.564837   3.14400   2.635986  292.784085       2.550          tp  2.898852          -7.552407
404 2024-10-23 16:45:00        1.293  6662.026384     118.0          73   long    FET  1.315383   1.20249   1.285834  179.875176       1.320          tp  2.464044          -5.295289
150 2024-10-19 00:15:00        2.681  4315.926902     101.5         114   long    WIF  2.723561   2.49333   2.663408  271.903238       2.744          tp  2.385116          -5.171918
215 2024-10-20 05:45:00        1.596  8058.897465     118.0         109   long    IMX  1.616883   1.48428   1.587154  233.708380       1.625          tp  2.144114          -4.916245
338 2024-10-22 11:45:00        2.474  3406.628973      98.0          86  short    WIF  2.428589   2.96880   2.490914  166.924904       2.425          tp  1.940987          -6.679801
Testing Report
+--------+------------+--------------+------------+----------+------------+--------------+--------------+----------------+---------+---------+----------+
| Crypto | Num Trades | Win Rate (%) | Avg Profit | Avg Loss | Net Profit | Sharpe Ratio | Max Drawdown | Risk to Reward | Num Tps | Num Sls | Num Liqs |
+--------+------------+--------------+------------+----------+------------+--------------+--------------+----------------+---------+---------+----------+
| EOS    |         43 |        39.53 |      28.73 |   -27.45 |    -225.38 |       -1.645 |       12.174 |          1.146 |      10 |      18 |        1 |
| FET    |         41 |        51.22 |      90.63 |   -70.79 |     487.43 |        2.406 |        1.351 |          1.296 |      14 |       9 |        9 |
| FXS    |         46 |        36.96 |      47.12 |   -28.21 |     -17.22 |       -0.615 |        1.765 |          1.540 |      10 |      19 |        1 |
| GMT    |         39 |        38.46 |      21.34 |   -28.10 |    -354.33 |       -4.726 |       24.820 |          0.648 |      10 |      17 |        2 |
| IMX    |         47 |        36.17 |      55.63 |   -50.57 |    -571.33 |       -2.483 |       86.214 |          1.135 |       7 |      22 |        4 |
| RARE   |         41 |        51.22 |      43.02 |   -39.37 |     115.99 |        2.655 |       10.284 |          1.418 |      14 |      15 |        1 |
| STX    |         44 |        56.82 |      39.38 |   -33.25 |     352.83 |        2.598 |        0.358 |          1.077 |      17 |      12 |        2 |
| W      |         43 |        46.51 |      47.00 |   -75.99 |    -807.72 |       -2.676 |       -0.000 |          0.766 |      11 |       8 |       11 |
| WIF    |         38 |        44.74 |     130.74 |   -94.06 |     247.15 |        1.492 |        2.088 |          1.532 |      12 |       4 |       15 |
| XRP    |         41 |        36.59 |      27.79 |   -34.92 |    -491.09 |       -3.177 |        9.689 |          1.020 |       8 |      16 |        0 |
+--------+------------+--------------+------------+----------+------------+--------------+--------------+----------------+---------+---------+----------+
+--------+------------+--------------+------------+----------+------------+--------------+--------------+----------------+---------+---------+----------+
| Crypto | Num Trades | Win Rate (%) | Avg Profit | Avg Loss | Net Profit | Sharpe Ratio | Max Drawdown | Risk to Reward | Num Tps | Num Sls | Num Liqs |
+--------+------------+--------------+------------+----------+------------+--------------+--------------+----------------+---------+---------+----------+
| PF     |        423 |        43.74 |      53.65 |   -47.01 |  -1,263.67 |       -0.145 |       -0.000 |          1.229 |     113 |     140 |       46 |
+--------+------------+--------------+------------+----------+------------+--------------+--------------+----------------+---------+---------+----------+
Test Performance Score (Strategy Return): -25.27%
---------------------------------------------------------------------------
Starting test 4
Trading Strategy Final Return: 21.05%
Buy and Hold Final Return: -3.24%
Total trades: 441
Average return per trade: 4.7743%
Median return per trade: -5.1646%
Standard deviation of returns: 71.4519%
Percentage of profitable trades: 45.80%
Largest gain: 377.38%
Largest loss: -194.11%
Sharpe Ratio: 1.0607
Maximum Drawdown: -1.24%
Top 5 largest losses:
              timestamp  entry_price          size  leverage  collateral   type symbol  tp_price  sl_price  liq_price         pnl  exit_price exit_reason    return  cumulative_return
263 2024-10-20 23:15:00       2.7190   2075.027507      91.0          62  short    WIF  2.664113    3.2628   2.739139 -120.351283      2.7770         liq -1.941150          14.037234
73  2024-10-17 11:00:00       1.3740  16059.680313     118.0         187  short    FET  1.352205    1.6488   1.381615 -256.955406      1.3900         liq -1.374093           1.949830
81  2024-10-17 14:30:00       0.2865  18739.964644      91.0          59  short      W  0.281535    0.3438   0.288622  -80.581816      0.2908         liq -1.365793          -0.824792
138 2024-10-18 15:15:00       2.6490   2232.918142      91.0          65  short    WIF  2.586473    3.1788   2.668620  -80.385083      2.6850         liq -1.236694           8.925432
44  2024-10-17 01:45:00       1.4400  42447.220536     118.0         518   long    FET  1.462455    1.3392   1.432019 -636.712761      1.4250         liq -1.229175           1.214359
Top 5 largest gains:
              timestamp  entry_price          size  leverage  collateral   type symbol  tp_price  sl_price  liq_price          pnl  exit_price exit_reason    return  cumulative_return
85  2024-10-17 16:00:00        2.564   2715.288727     118.0          59  short    WIF  2.493437   3.07680   2.578211   222.653075       2.482          tp  3.773781           6.496340
83  2024-10-17 15:45:00        1.397   5068.003026     118.0          60  short    FET  1.370248   1.67640   1.404743   187.515812       1.360          tp  3.125264           2.722559
8   2024-10-16 08:30:00        2.577  32556.462230     118.0         711   long    WIF  2.640479   2.39661   2.562717  2148.726010       2.643          tp  3.022118           2.267121
301 2024-10-21 12:45:00        2.560   2950.000066     118.0          64  short    WIF  2.510281   3.07200   2.574188   191.750173       2.495          tp  2.996096          17.901788
413 2024-10-23 13:30:00        2.453   3126.783443     118.0          65  short    WIF  2.404927   2.94360   2.466596   193.860687       2.391          tp  2.982472          25.502056
Testing Report
+--------+------------+--------------+------------+----------+------------+--------------+--------------+----------------+---------+---------+----------+
| Crypto | Num Trades | Win Rate (%) | Avg Profit | Avg Loss | Net Profit | Sharpe Ratio | Max Drawdown | Risk to Reward | Num Tps | Num Sls | Num Liqs |
+--------+------------+--------------+------------+----------+------------+--------------+--------------+----------------+---------+---------+----------+
| EOS    |         42 |        42.86 |      27.67 |   -39.29 |    -444.93 |       -3.633 |        5.962 |          0.729 |       9 |      18 |        2 |
| FET    |         44 |        45.45 |     103.48 |   -96.78 |    -253.14 |        0.481 |        8.438 |          1.238 |      13 |       3 |       19 |
| FXS    |         39 |        38.46 |      40.92 |   -41.99 |    -393.83 |       -0.221 |        7.089 |          1.414 |      11 |      16 |        2 |
| GMT    |         43 |        44.19 |      27.52 |   -15.95 |     140.00 |        0.558 |        2.029 |          1.377 |       9 |      16 |        0 |
| IMX    |         42 |        45.24 |      61.92 |   -42.69 |     194.65 |        1.992 |        1.769 |          1.682 |      15 |      15 |        4 |
| RARE   |         49 |        61.22 |      32.96 |   -57.82 |    -109.65 |        3.734 |       69.575 |          1.219 |      23 |      12 |        2 |
| STX    |         44 |        45.45 |      27.67 |   -32.84 |    -234.92 |       -1.731 |       -0.000 |          0.873 |      12 |      14 |        3 |
| W      |         46 |        47.83 |      60.09 |   -50.30 |     114.75 |        0.209 |        3.205 |          1.080 |      11 |      14 |        8 |
| WIF    |         45 |        51.11 |     228.59 |   -84.92 |   3,389.35 |        4.449 |        0.268 |          1.861 |      14 |       4 |       15 |
| XRP    |         47 |        34.04 |      23.64 |   -30.77 |    -575.52 |       -3.394 |        4.381 |          1.095 |       9 |      18 |        1 |
+--------+------------+--------------+------------+----------+------------+--------------+--------------+----------------+---------+---------+----------+
+--------+------------+--------------+------------+----------+------------+--------------+--------------+----------------+---------+---------+----------+
| Crypto | Num Trades | Win Rate (%) | Avg Profit | Avg Loss | Net Profit | Sharpe Ratio | Max Drawdown | Risk to Reward | Num Tps | Num Sls | Num Liqs |
+--------+------------+--------------+------------+----------+------------+--------------+--------------+----------------+---------+---------+----------+
| PF     |        441 |        45.80 |      66.24 |   -48.34 |   1,826.76 |        1.062 |        1.599 |          1.396 |     126 |     130 |       56 |
+--------+------------+--------------+------------+----------+------------+--------------+--------------+----------------+---------+---------+----------+
Test Performance Score (Strategy Return): 36.54%
---------------------------------------------------------------------------
Starting test 5
Trading Strategy Final Return: -1.17%
Buy and Hold Final Return: -3.24%
Total trades: 432
Average return per trade: -0.2702%
Median return per trade: -5.4247%
Standard deviation of returns: 68.0653%
Percentage of profitable trades: 44.21%
Largest gain: 452.62%
Largest loss: -157.53%
Sharpe Ratio: -0.0630
Maximum Drawdown: -5.38%
Top 5 largest losses:
              timestamp  entry_price          size  leverage  collateral   type symbol  tp_price  sl_price  liq_price         pnl  exit_price exit_reason    return  cumulative_return
347 2024-10-22 13:45:00        2.397   2461.410020     118.0          50  short    WIF  2.340980   2.87640   2.410285  -78.764693       2.429         liq -1.575294           5.732009
290 2024-10-21 12:45:00        1.401   3897.216210     105.0          52   long    FET  1.423063   1.30293   1.392167  -81.841648       1.380         liq -1.573878          14.263960
14  2024-10-16 12:30:00        1.453  15592.567645     118.0         192   long    FET  1.483276   1.35129   1.444947 -280.666322       1.435         liq -1.461804          -1.779927
22  2024-10-16 16:15:00        1.418  13564.175058     118.0         163  short    FET  1.385757   1.70160   1.425859 -217.027241       1.434         liq -1.331455          -3.106409
282 2024-10-21 08:45:00        1.429   4376.486993     118.0          53   long    FET  1.451254   1.32897   1.421080  -70.023934       1.413         liq -1.321206          14.258917
Top 5 largest gains:
              timestamp  entry_price          size  leverage  collateral   type symbol  tp_price  sl_price  liq_price          pnl  exit_price exit_reason    return  cumulative_return
80  2024-10-17 14:45:00        2.581  15635.799534     118.0         342  short    WIF  2.511223   3.09720   2.595305  1547.943796       2.482          tp  4.526151          12.169817
257 2024-10-20 22:00:00        2.681   2156.657968     118.0          49   long    WIF  2.734163   2.49333   2.666141   207.039070       2.777          tp  4.225287          15.550845
71  2024-10-17 11:15:00        2.523   8558.858495     118.0         183   long    WIF  2.575554   2.34639   2.509017   633.354517       2.597          tp  3.460954           6.780851
287 2024-10-21 10:00:00        2.620   2153.435209     108.5          52  short    WIF  2.564837   3.14400   2.635986   150.740321       2.550          tp  2.898852          16.413523
160 2024-10-19 00:30:00        2.670   1908.614178      98.0          52   long    WIF  2.712764   2.48310   2.651746   141.237223       2.744          tp  2.716100          16.104535
Testing Report
+--------+------------+--------------+------------+----------+------------+--------------+--------------+----------------+---------+---------+----------+
| Crypto | Num Trades | Win Rate (%) | Avg Profit | Avg Loss | Net Profit | Sharpe Ratio | Max Drawdown | Risk to Reward | Num Tps | Num Sls | Num Liqs |
+--------+------------+--------------+------------+----------+------------+--------------+--------------+----------------+---------+---------+----------+
| EOS    |         39 |        53.85 |      31.35 |   -20.98 |     280.76 |        4.359 |        0.552 |          1.658 |      14 |      15 |        0 |
| FET    |         44 |        50.00 |      65.72 |   -69.29 |     -78.57 |        0.781 |      271.105 |          1.130 |      14 |       9 |       11 |
| FXS    |         38 |        47.37 |      39.22 |   -28.16 |     142.69 |       -0.650 |        1.529 |          0.992 |      12 |      11 |        4 |
| GMT    |         43 |        51.16 |      17.02 |   -19.43 |     -33.55 |        1.351 |        5.034 |          1.003 |      15 |      16 |        0 |
| IMX    |         46 |        41.30 |      30.31 |   -50.13 |    -777.67 |       -2.394 |        6.109 |          1.000 |      11 |      17 |        4 |
| RARE   |         43 |        55.81 |      26.38 |   -35.43 |     -40.10 |        0.617 |        1.527 |          0.875 |      17 |      12 |        5 |
| STX    |         46 |        47.83 |      52.82 |   -26.46 |     526.95 |        1.521 |        9.859 |          1.346 |      12 |      17 |        1 |
| W      |         44 |        31.82 |      36.84 |   -49.37 |    -965.42 |       -6.071 |       20.185 |          0.845 |       8 |      12 |        9 |
| WIF    |         44 |        29.55 |     253.51 |   -83.40 |     710.20 |        1.018 |        3.384 |          2.766 |       9 |       7 |       20 |
| XRP    |         45 |        35.56 |      34.05 |   -22.72 |    -114.17 |       -1.437 |        1.732 |          1.346 |      10 |      15 |        3 |
+--------+------------+--------------+------------+----------+------------+--------------+--------------+----------------+---------+---------+----------+
+--------+------------+--------------+------------+----------+------------+--------------+--------------+----------------+---------+---------+----------+
| Crypto | Num Trades | Win Rate (%) | Avg Profit | Avg Loss | Net Profit | Sharpe Ratio | Max Drawdown | Risk to Reward | Num Tps | Num Sls | Num Liqs |
+--------+------------+--------------+------------+----------+------------+--------------+--------------+----------------+---------+---------+----------+
| PF     |        432 |        44.21 |      51.89 |   -42.57 |    -348.88 |       -0.063 |        4.735 |          1.211 |     122 |     131 |       57 |
+--------+------------+--------------+------------+----------+------------+--------------+--------------+----------------+---------+---------+----------+
Test Performance Score (Strategy Return): -6.98%
---------------------------------------------------------------------------
Starting test 6
Trading Strategy Final Return: -1.91%
Buy and Hold Final Return: -3.24%
Total trades: 448
Average return per trade: -0.4253%
Median return per trade: -9.5037%
Standard deviation of returns: 64.2003%
Percentage of profitable trades: 44.20%
Largest gain: 299.61%
Largest loss: -195.04%
Sharpe Ratio: -0.1052
Maximum Drawdown: -2.17%
Top 5 largest losses:
              timestamp  entry_price          size  leverage  collateral   type symbol  tp_price  sl_price  liq_price         pnl  exit_price exit_reason    return  cumulative_return
83  2024-10-17 17:00:00        2.541   3867.768763      84.0         117   long    WIF  2.607140   2.36313   2.520369 -228.197494      2.4820         liq -1.950406          -1.700212
103 2024-10-18 01:30:00        2.600   6444.615621     118.0         142  short    WIF  2.546211   3.12000   2.614410 -244.896082      2.6380         liq -1.724620          -3.549159
429 2024-10-23 19:30:00        2.467   2774.219691     118.0          58  short    WIF  2.399240   2.96040   2.480673  -99.871946      2.5030         liq -1.721930          -2.194604
334 2024-10-22 02:00:00        0.286  25580.418386     118.0          62   long      W  0.289817   0.26598   0.284415  -94.648007      0.2823         liq -1.526581           2.653309
247 2024-10-20 10:30:00        2.645   3702.835565     118.0          83   long    WIF  2.686069   2.45985   2.630340 -125.896113      2.6110         liq -1.516821          -5.158771
Top 5 largest gains:
              timestamp  entry_price          size  leverage  collateral   type symbol  tp_price  sl_price  liq_price         pnl  exit_price exit_reason    return  cumulative_return
313 2024-10-21 12:45:00       2.5600   3272.656323     118.0          71  short    WIF  2.510281   3.07200   2.574188  212.722848      2.4950          tp  2.996096           4.340696
28  2024-10-16 17:30:00       2.5720   3821.150816      91.0         108   long    WIF  2.640546   2.39196   2.552950  286.586493      2.6470          tp  2.653579           2.936729
416 2024-10-23 13:45:00       2.4410   2997.132342     118.0          62  short    WIF  2.391496   2.92920   2.454529  149.856474      2.3910          tp  2.417040           2.603943
82  2024-10-17 15:30:00       0.2908  32352.131471     112.0          84  short      W  0.285598   0.34896   0.292508  194.113182      0.2848          tp  2.310871           0.250194
251 2024-10-20 12:45:00       1.6260   5753.689872     115.5          81   long    IMX  1.654416   1.51218   1.616793  172.610532      1.6560          tp  2.130994          -3.921168
Testing Report
+--------+------------+--------------+------------+----------+------------+--------------+--------------+----------------+---------+---------+----------+
| Crypto | Num Trades | Win Rate (%) | Avg Profit | Avg Loss | Net Profit | Sharpe Ratio | Max Drawdown | Risk to Reward | Num Tps | Num Sls | Num Liqs |
+--------+------------+--------------+------------+----------+------------+--------------+--------------+----------------+---------+---------+----------+
| EOS    |         47 |        48.94 |      25.13 |   -34.09 |    -240.21 |       -1.067 |        7.437 |          0.874 |      12 |      18 |        3 |
| FET    |         41 |        36.59 |     100.24 |   -62.90 |    -131.87 |       -0.692 |        1.848 |          1.566 |       7 |      11 |       11 |
| FXS    |         45 |        40.00 |      43.81 |   -39.50 |    -278.05 |       -0.518 |       15.581 |          1.369 |      10 |      18 |        3 |
| GMT    |         44 |        40.91 |      18.30 |   -13.55 |     -22.96 |       -1.048 |        6.980 |          1.240 |       9 |      21 |        0 |
| IMX    |         42 |        42.86 |      47.50 |   -39.44 |     -91.52 |        0.075 |        2.951 |          1.349 |      13 |      14 |        5 |
| RARE   |         46 |        52.17 |      31.12 |   -30.06 |      85.76 |       -0.443 |        1.864 |          0.853 |      16 |      16 |        3 |
| STX    |         48 |        43.75 |      25.37 |   -41.44 |    -586.15 |       -1.631 |        9.150 |          0.989 |      11 |      18 |        2 |
| W      |         46 |        43.48 |      72.85 |   -39.49 |     430.42 |        1.383 |        0.986 |          1.621 |      14 |      12 |        9 |
| WIF    |         44 |        56.82 |      84.93 |   -81.60 |     572.89 |        1.629 |        1.750 |          0.980 |      13 |       2 |       14 |
| XRP    |         45 |        35.56 |      24.26 |   -25.92 |    -363.55 |       -4.238 |       -0.000 |          0.934 |       9 |      14 |        2 |
+--------+------------+--------------+------------+----------+------------+--------------+--------------+----------------+---------+---------+----------+
+--------+------------+--------------+------------+----------+------------+--------------+--------------+----------------+---------+---------+----------+
| Crypto | Num Trades | Win Rate (%) | Avg Profit | Avg Loss | Net Profit | Sharpe Ratio | Max Drawdown | Risk to Reward | Num Tps | Num Sls | Num Liqs |
+--------+------------+--------------+------------+----------+------------+--------------+--------------+----------------+---------+---------+----------+
| PF     |        448 |        44.20 |      46.98 |   -39.71 |    -625.25 |       -0.105 |        2.452 |          1.240 |     114 |     144 |       52 |
+--------+------------+--------------+------------+----------+------------+--------------+--------------+----------------+---------+---------+----------+
Test Performance Score (Strategy Return): -12.5%
---------------------------------------------------------------------------
Starting test 7
Trading Strategy Final Return: -4.40%
Buy and Hold Final Return: -3.24%
Total trades: 422
Average return per trade: -1.0417%
Median return per trade: -1.6923%
Standard deviation of returns: 59.4557%
Percentage of profitable trades: 46.68%
Largest gain: 231.21%
Largest loss: -191.02%
Sharpe Ratio: -0.2781
Maximum Drawdown: -697.68%
Top 5 largest losses:
              timestamp  entry_price          size  leverage  collateral   type symbol  tp_price  sl_price  liq_price         pnl  exit_price exit_reason    return  cumulative_return
399 2024-10-23 11:30:00       0.2718  19970.565756     118.0          46   long      W  0.275930  0.252774   0.270294  -87.870786      0.2674         liq -1.910234          -0.886105
276 2024-10-21 06:30:00       2.7000   1969.074039     108.5          49   long    WIF  2.759801  2.511000   2.683526  -76.793955      2.6610         liq -1.567224          -5.660837
242 2024-10-20 13:45:00       0.1220  30926.229161      77.0          49  short   RARE  0.119860  0.146400   0.123087  -71.130379      0.1243         liq -1.451640          -5.094580
290 2024-10-21 13:30:00       2.5260   2989.707020     118.0          64   long    WIF  2.579437  2.349180   2.512000  -92.681328      2.4950         liq -1.448146          -7.057181
59  2024-10-17 07:15:00       1.3890   9174.945620     118.0         108  short    FET  1.367442  1.666800   1.396698 -155.973708      1.4060         liq -1.444201          -1.336296
Top 5 largest gains:
              timestamp  entry_price          size  leverage  collateral   type symbol  tp_price  sl_price  liq_price         pnl  exit_price exit_reason    return  cumulative_return
243 2024-10-20 15:15:00       1.4290   3798.460409     118.0          46   long    FET  1.452865   1.32897   1.421080  106.356881      1.4570          tp  2.312106          -1.568538
335 2024-10-22 11:45:00       2.4740   2733.225571      98.0          69  short    WIF  2.428589   2.96880   2.490914  133.928121      2.4250          tp  1.940987          -5.110265
204 2024-10-19 22:45:00       2.6310   3472.063799     101.5          90   long    WIF  2.666979   2.44683   2.613737  170.131212      2.6800          tp  1.890347          -5.857775
208 2024-10-20 00:00:00       0.2957  31525.193000     118.0          79  short      W  0.291671   0.35484   0.297339  148.168566      0.2910          tp  1.875551          -3.956396
392 2024-10-23 06:45:00       0.2771  15561.169432      98.0          44  short      W  0.272936   0.33252   0.278994   82.473971      0.2718          tp  1.874408           1.371116
Testing Report
+--------+------------+--------------+------------+----------+------------+--------------+--------------+----------------+---------+---------+----------+
| Crypto | Num Trades | Win Rate (%) | Avg Profit | Avg Loss | Net Profit | Sharpe Ratio | Max Drawdown | Risk to Reward | Num Tps | Num Sls | Num Liqs |
+--------+------------+--------------+------------+----------+------------+--------------+--------------+----------------+---------+---------+----------+
| EOS    |         44 |        52.27 |      27.74 |   -18.62 |     247.04 |        1.372 |        1.716 |          1.094 |      15 |      17 |        1 |
| FET    |         39 |        35.90 |      58.19 |   -52.75 |    -504.04 |       -2.064 |        5.298 |          1.248 |       7 |      10 |       10 |
| FXS    |         47 |        55.32 |      21.65 |   -25.76 |      21.94 |        0.965 |        2.395 |          0.901 |      16 |      11 |        3 |
| GMT    |         37 |        48.65 |       9.97 |   -12.34 |     -55.11 |       -1.318 |        1.961 |          0.855 |      12 |      13 |        0 |
| IMX    |         44 |        43.18 |      29.77 |   -41.94 |    -483.01 |        0.354 |        0.740 |          1.389 |      11 |      19 |        2 |
| RARE   |         44 |        43.18 |      44.33 |   -23.62 |     251.79 |       -0.730 |        3.753 |          1.123 |      17 |      13 |        3 |
| STX    |         38 |        47.37 |      33.45 |   -37.05 |    -138.79 |        0.212 |        1.130 |          1.035 |      11 |      14 |        1 |
| W      |         47 |        46.81 |      56.81 |   -38.04 |     298.86 |        1.075 |        1.199 |          1.358 |      16 |      11 |        6 |
| WIF    |         40 |        37.50 |      59.38 |   -63.43 |    -695.05 |       -2.871 |       -0.000 |          1.061 |      12 |       4 |       18 |
| XRP    |         42 |        54.76 |      31.83 |   -14.04 |     465.38 |        3.098 |        1.129 |          1.234 |      14 |      11 |        1 |
+--------+------------+--------------+------------+----------+------------+--------------+--------------+----------------+---------+---------+----------+
+--------+------------+--------------+------------+----------+------------+--------------+--------------+----------------+---------+---------+----------+
| Crypto | Num Trades | Win Rate (%) | Avg Profit | Avg Loss | Net Profit | Sharpe Ratio | Max Drawdown | Risk to Reward | Num Tps | Num Sls | Num Liqs |
+--------+------------+--------------+------------+----------+------------+--------------+--------------+----------------+---------+---------+----------+
| PF     |        422 |        46.68 |      35.93 |   -34.08 |    -590.99 |       -0.278 |        5.188 |          1.046 |     131 |     123 |       45 |
+--------+------------+--------------+------------+----------+------------+--------------+--------------+----------------+---------+---------+----------+
Test Performance Score (Strategy Return): -11.82%
---------------------------------------------------------------------------
Starting test 8
Trading Strategy Final Return: -12.34%
Buy and Hold Final Return: -3.24%
Total trades: 423
Average return per trade: -2.9181%
Median return per trade: -9.9815%
Standard deviation of returns: 71.3564%
Percentage of profitable trades: 44.44%
Largest gain: 496.41%
Largest loss: -209.09%
Sharpe Ratio: -0.6492
Maximum Drawdown: -3.90%
Top 5 largest losses:
              timestamp  entry_price          size  leverage  collateral   type symbol  tp_price  sl_price  liq_price         pnl  exit_price exit_reason    return  cumulative_return
292 2024-10-21 11:00:00       2.5960   2272.727311     118.0          50   long    WIF  2.646625   2.41428   2.581612 -104.545465      2.5500         liq -2.090909          -5.590725
279 2024-10-21 07:30:00       2.2160   2290.162372     101.5          50  short    FXS  2.166236   2.65920   2.230541  -98.476943      2.2590         liq -1.969539          -1.890898
343 2024-10-22 11:30:00       0.2790  24953.403760     118.0          59   long      W  0.280800   0.27770   0.277454 -114.786113      0.2744         liq -1.945527         -10.211150
201 2024-10-19 22:45:00       0.2883  12625.736747      70.0          52  short      W  0.285453   0.34596   0.291142  -93.430528      0.2957         liq -1.796741           0.535505
276 2024-10-21 06:15:00       2.7000   2141.481444     118.0          49   long    WIF  2.760211   2.51100   2.685036  -83.517850      2.6610         liq -1.704446          -0.983346
Top 5 largest gains:
              timestamp  entry_price          size  leverage  collateral   type symbol  tp_price  sl_price  liq_price         pnl  exit_price exit_reason    return  cumulative_return
72  2024-10-17 12:45:00       2.5910   2322.655274     118.0          51  short    WIF  2.531243  3.109200   2.605360  253.169350      2.4820          tp  4.964105           3.047360
355 2024-10-22 14:15:00       0.2743  25380.968907     118.0          59   long      W  0.280120  0.255099   0.272780  192.894847      0.2819          tp  3.269404          -7.008111
9   2024-10-16 11:15:00       2.6430  13438.517409     118.0         301  short    WIF  2.580107  3.171600   2.657648  927.257778      2.5740          tp  3.080591           1.865195
77  2024-10-17 16:30:00       1.3760   4373.546363     118.0          51  short    FET  1.347418  1.651200   1.383626  131.206787      1.3460          tp  2.572682           4.471022
218 2024-10-20 05:45:00       1.5960   3844.611634     118.0          52   long    IMX  1.616883  1.484280   1.587154  111.493906      1.6250          tp  2.144114           2.427995
Testing Report
+--------+------------+--------------+------------+----------+------------+--------------+--------------+----------------+---------+---------+----------+
| Crypto | Num Trades | Win Rate (%) | Avg Profit | Avg Loss | Net Profit | Sharpe Ratio | Max Drawdown | Risk to Reward | Num Tps | Num Sls | Num Liqs |
+--------+------------+--------------+------------+----------+------------+--------------+--------------+----------------+---------+---------+----------+
| EOS    |         40 |        37.50 |      20.46 |   -39.90 |    -690.64 |       -1.084 |        3.413 |          1.397 |      11 |      19 |        0 |
| FET    |         43 |        48.84 |      64.71 |   -63.10 |     -29.23 |        2.768 |      314.126 |          1.596 |      11 |       9 |       11 |
| FXS    |         40 |        22.50 |      51.52 |   -24.19 |    -286.22 |       -8.020 |       19.340 |          0.762 |       5 |      23 |        5 |
| GMT    |         41 |        48.78 |      19.11 |   -12.05 |     129.22 |        0.062 |        1.479 |          1.010 |      10 |      16 |        1 |
| IMX    |         41 |        43.90 |      40.05 |   -32.54 |     -27.39 |        0.571 |        1.581 |          1.397 |      15 |      11 |        9 |
| RARE   |         44 |        36.36 |      69.27 |   -26.16 |     375.85 |       -4.139 |        4.827 |          0.887 |      10 |      18 |        5 |
| STX    |         41 |        51.22 |      16.79 |   -34.42 |    -335.86 |       -5.081 |      101.945 |          0.392 |      11 |      13 |        3 |
| W      |         46 |        50.00 |      34.55 |   -47.21 |    -291.17 |       -0.533 |       73.750 |          0.910 |      17 |      12 |        9 |
| WIF    |         42 |        40.48 |     151.49 |   -70.77 |     806.04 |       -0.315 |        1.113 |          1.398 |      10 |       4 |       19 |
| XRP    |         45 |        62.22 |      15.64 |   -19.57 |     105.19 |        3.801 |        5.527 |          1.183 |      10 |      12 |        0 |
+--------+------------+--------------+------------+----------+------------+--------------+--------------+----------------+---------+---------+----------+
+--------+------------+--------------+------------+----------+------------+--------------+--------------+----------------+---------+---------+----------+
| Crypto | Num Trades | Win Rate (%) | Avg Profit | Avg Loss | Net Profit | Sharpe Ratio | Max Drawdown | Risk to Reward | Num Tps | Num Sls | Num Liqs |
+--------+------------+--------------+------------+----------+------------+--------------+--------------+----------------+---------+---------+----------+
| PF     |        423 |        44.44 |      45.22 |   -37.21 |    -244.22 |       -0.650 |       17.036 |          1.099 |     110 |     137 |       62 |
+--------+------------+--------------+------------+----------+------------+--------------+--------------+----------------+---------+---------+----------+
Test Performance Score (Strategy Return): -4.88%
---------------------------------------------------------------------------
Starting test 9
Trading Strategy Final Return: -24.08%
Buy and Hold Final Return: -3.24%
Total trades: 425
Average return per trade: -5.6667%
Median return per trade: -11.0965%
Standard deviation of returns: 63.5792%
Percentage of profitable trades: 42.35%
Largest gain: 259.04%
Largest loss: -168.13%
Sharpe Ratio: -1.4149
Maximum Drawdown: -18.99%
Top 5 largest losses:
             timestamp  entry_price          size  leverage  collateral   type symbol  tp_price  sl_price  liq_price         pnl  exit_price exit_reason    return  cumulative_return
83 2024-10-17 17:30:00        1.859   5043.840863      66.5         141   long    STX  1.909934   1.72887   1.839599 -237.060174       1.812         liq -1.681278         -11.382484
11 2024-10-16 10:30:00        1.543  10064.484882     101.5         153  short    IMX  1.520418   1.85160   1.553124 -241.548127       1.567         liq -1.578746          -0.713035
14 2024-10-16 11:30:00        2.629  10996.576861     118.0         245   long    WIF  2.694048   2.44497   2.614429 -373.882732       2.595         liq -1.526052          -1.376384
16 2024-10-16 12:45:00        1.453   8689.608010     118.0         107   long    FET  1.483059   1.35129   1.444947 -156.413002       1.435         liq -1.461804          -3.627020
30 2024-10-16 19:15:00        2.602   4485.972332      80.5         145  short    WIF  2.541915   3.12240   2.624044 -201.869097       2.647         liq -1.392201          -7.273013
Top 5 largest gains:
              timestamp  entry_price          size  leverage  collateral   type symbol  tp_price  sl_price  liq_price         pnl  exit_price exit_reason    return  cumulative_return
292 2024-10-21 13:15:00        2.551   2867.894810     118.0          62  short    WIF  2.498865   3.06120   2.565139  160.602777       2.495          tp  2.590367         -25.299447
82  2024-10-17 17:00:00        1.382  10353.111661      98.0         146  short    FET  1.354842   1.65840   1.391448  372.712158       1.346          tp  2.552823          -9.131079
241 2024-10-20 15:00:00        1.428   6941.176600     118.0          84   long    FET  1.452478   1.32804   1.420085  201.294426       1.457          tp  2.396362         -23.417529
220 2024-10-20 06:00:00        1.625   5809.230769     118.0          80   long    IMX  1.655255   1.51125   1.615994  180.086259       1.656          tp  2.251078         -19.632305
209 2024-10-20 00:30:00        2.645   3345.935752     118.0          75  short    WIF  2.602993   3.17400   2.659660  167.296628       2.595          tp  2.230622         -22.344832
Testing Report
+--------+------------+--------------+------------+----------+------------+--------------+--------------+----------------+---------+---------+----------+
| Crypto | Num Trades | Win Rate (%) | Avg Profit | Avg Loss | Net Profit | Sharpe Ratio | Max Drawdown | Risk to Reward | Num Tps | Num Sls | Num Liqs |
+--------+------------+--------------+------------+----------+------------+--------------+--------------+----------------+---------+---------+----------+
| EOS    |         41 |        46.34 |      34.47 |   -24.35 |     119.40 |        2.504 |        0.314 |          1.754 |      15 |      12 |        1 |
| FET    |         45 |        44.44 |      86.54 |   -83.26 |    -350.69 |        0.046 |       17.705 |          1.258 |      15 |       7 |       16 |
| FXS    |         40 |        37.50 |      30.59 |   -33.55 |    -379.92 |       -4.352 |        5.439 |          0.783 |      10 |      11 |        4 |
| GMT    |         37 |        48.65 |      20.56 |   -25.93 |    -122.71 |       -1.607 |        6.304 |          0.830 |      11 |      13 |        0 |
| IMX    |         42 |        33.33 |      47.01 |   -49.28 |    -721.55 |       -3.756 |       -0.000 |          1.041 |      10 |      17 |        7 |
| RARE   |         45 |        55.56 |      33.20 |   -37.74 |      75.01 |        0.127 |        4.803 |          0.775 |      17 |      11 |        4 |
| STX    |         46 |        50.00 |      42.12 |   -41.34 |      18.09 |       -1.689 |        1.936 |          0.765 |      13 |      14 |        3 |
| W      |         43 |        32.56 |      61.87 |   -56.62 |    -775.73 |       -2.932 |       -0.000 |          1.320 |      11 |      13 |       11 |
| WIF    |         40 |        27.50 |     145.92 |   -83.59 |    -818.90 |       -2.097 |        7.584 |          1.865 |       8 |       5 |       19 |
| XRP    |         46 |        45.65 |      20.82 |   -24.19 |    -167.54 |       -0.801 |       16.158 |          1.011 |      13 |      15 |        0 |
+--------+------------+--------------+------------+----------+------------+--------------+--------------+----------------+---------+---------+----------+
+--------+------------+--------------+------------+----------+------------+--------------+--------------+----------------+---------+---------+----------+
| Crypto | Num Trades | Win Rate (%) | Avg Profit | Avg Loss | Net Profit | Sharpe Ratio | Max Drawdown | Risk to Reward | Num Tps | Num Sls | Num Liqs |
+--------+------------+--------------+------------+----------+------------+--------------+--------------+----------------+---------+---------+----------+
| PF     |        425 |        42.35 |      47.67 |   -47.77 |  -3,124.54 |       -1.417 |       81.230 |          1.050 |     123 |     118 |       65 |
+--------+------------+--------------+------------+----------+------------+--------------+--------------+----------------+---------+---------+----------+
Test Performance Score (Strategy Return): -62.49%
---------------------------------------------------------------------------
Starting test 10
Trading Strategy Final Return: 38.45%
Buy and Hold Final Return: -3.24%
Total trades: 430
Average return per trade: 8.9429%
Median return per trade: -1.4216%
Standard deviation of returns: 72.6362%
Percentage of profitable trades: 46.74%
Largest gain: 387.06%
Largest loss: -157.53%
Sharpe Ratio: 1.9545
Maximum Drawdown: -2.58%
Top 5 largest losses:
              timestamp  entry_price          size  leverage  collateral   type symbol  tp_price  sl_price  liq_price         pnl  exit_price exit_reason    return  cumulative_return
348 2024-10-22 13:45:00        2.397  22398.831178     118.0         455  short    WIF  2.340980   2.87640   2.410285 -716.758710       2.429         liq -1.575294          34.447105
73  2024-10-17 16:15:00        1.382   9502.170977      98.0         134   long    FET  1.410336   1.28526   1.372552 -209.047336       1.360         liq -1.560055           0.532125
382 2024-10-23 06:15:00        2.432   2944.490226     108.5          66   long    WIF  2.433000   2.40500   2.417161  -82.445367       2.404         liq -1.249172          33.201737
103 2024-10-18 04:45:00        2.650   2092.830113     118.0          47   long    WIF  2.717061   2.46450   2.635313  -58.599487       2.622         liq -1.246798           7.300121
18  2024-10-16 14:45:00        2.573   6189.273332      87.5         182   long    WIF  2.652237   2.39289   2.553063 -204.245973       2.540         liq -1.122231          -3.874969
Top 5 largest gains:
              timestamp  entry_price          size  leverage  collateral   type symbol  tp_price  sl_price  liq_price         pnl  exit_price exit_reason    return  cumulative_return
77  2024-10-17 15:45:00        2.588   4929.482113      94.5         135  short    WIF  2.518296   3.10560   2.606458  522.524841       2.482          tp  3.870554           2.354682
55  2024-10-17 04:15:00        2.632   6462.766032     105.0         162  short    WIF  2.582509   3.15840   2.648594  581.648388       2.542          tp  3.590422          -0.605359
411 2024-10-23 14:15:00        2.437   3050.471846     118.0          63  short    WIF  2.386695   2.92440   2.450507  189.129365       2.375          tp  3.002053          32.735263
346 2024-10-22 11:00:00        2.493  11927.797688     118.0         252  short    WIF  2.446222   2.99160   2.506817  715.667179       2.433          tp  2.839949          36.193646
100 2024-10-18 01:45:00        2.638   3667.930234     118.0          82   long    WIF  2.697838   2.45334   2.623379  220.075604       2.698          tp  2.683849           8.286843
Testing Report
+--------+------------+--------------+------------+----------+------------+--------------+--------------+----------------+---------+---------+----------+
| Crypto | Num Trades | Win Rate (%) | Avg Profit | Avg Loss | Net Profit | Sharpe Ratio | Max Drawdown | Risk to Reward | Num Tps | Num Sls | Num Liqs |
+--------+------------+--------------+------------+----------+------------+--------------+--------------+----------------+---------+---------+----------+
| EOS    |         44 |        38.64 |      39.50 |   -33.01 |    -219.93 |        0.006 |        1.669 |          1.590 |      10 |      18 |        2 |
| FET    |         42 |        50.00 |      88.00 |   -74.72 |     278.90 |        2.477 |       12.185 |          1.378 |      13 |      10 |       10 |
| FXS    |         44 |        52.27 |      39.73 |   -35.89 |     160.11 |        0.534 |        1.412 |          0.945 |      16 |      11 |        3 |
| GMT    |         43 |        37.21 |      24.53 |   -20.63 |    -164.62 |        0.644 |        2.300 |          1.731 |      10 |      16 |        1 |
| IMX    |         40 |        47.50 |      60.58 |   -42.98 |     248.31 |        2.031 |        3.306 |          1.435 |      15 |      14 |        3 |
| RARE   |         43 |        48.84 |      39.17 |   -36.42 |      21.45 |        1.487 |        1.892 |          1.399 |      15 |      15 |        3 |
| STX    |         45 |        35.56 |      29.45 |   -45.73 |    -855.09 |       -3.362 |       -0.000 |          1.051 |      13 |      18 |        2 |
| W      |         41 |        63.41 |      55.51 |   -46.54 |     745.17 |        5.823 |        0.558 |          1.424 |      17 |      11 |        1 |
| WIF    |         43 |        51.16 |     189.37 |   -99.68 |   2,072.86 |        4.956 |        0.380 |          2.062 |      16 |       2 |       16 |
| XRP    |         45 |        44.44 |      23.01 |   -20.89 |     -61.99 |       -1.036 |       -0.000 |          0.971 |       8 |      17 |        1 |
+--------+------------+--------------+------------+----------+------------+--------------+--------------+----------------+---------+---------+----------+
+--------+------------+--------------+------------+----------+------------+--------------+--------------+----------------+---------+---------+----------+
| Crypto | Num Trades | Win Rate (%) | Avg Profit | Avg Loss | Net Profit | Sharpe Ratio | Max Drawdown | Risk to Reward | Num Tps | Num Sls | Num Liqs |
+--------+------------+--------------+------------+----------+------------+--------------+--------------+----------------+---------+---------+----------+
| PF     |        430 |        46.74 |      61.39 |   -44.17 |   2,225.20 |        1.957 |        4.034 |          1.576 |     133 |     132 |       42 |
+--------+------------+--------------+------------+----------+------------+--------------+--------------+----------------+---------+---------+----------+
Test Performance Score (Strategy Return): 44.5%
---------------------------------------------------------------------------
Starting test 11
Trading Strategy Final Return: -2.15%
Buy and Hold Final Return: -3.24%
Total trades: 430
Average return per trade: -0.5004%
Median return per trade: -7.6735%
Standard deviation of returns: 66.7138%
Percentage of profitable trades: 45.12%
Largest gain: 358.00%
Largest loss: -225.66%
Sharpe Ratio: -0.1191
Maximum Drawdown: -6.08%
Top 5 largest losses:
              timestamp  entry_price          size  leverage  collateral   type symbol  tp_price  sl_price  liq_price         pnl  exit_price exit_reason    return  cumulative_return
220 2024-10-20 06:15:00       1.6210   3712.523016     118.0          51  short    IMX  1.589825   1.94520   1.629984 -115.087838      1.6520         liq -2.256624          -0.635493
75  2024-10-17 15:00:00       1.8190   4476.085747     118.0          69  short    STX  1.783801   2.18280   1.829082 -138.758739      1.8500         liq -2.010996          -4.576176
202 2024-10-19 23:30:00       0.2903  15046.503014      91.0          48  short      W  0.287120   0.34836   0.292450  -81.251146      0.2957         liq -1.692732           0.625638
278 2024-10-21 08:00:00       1.4480   4350.828867     105.0          60   long    FET  1.470464   1.34664   1.438871  -82.665462      1.4290         liq -1.377758           1.349945
402 2024-10-23 14:30:00       2.4420   1973.587294      94.5          51   long    WIF  2.491954   2.27106   2.424583  -69.075254      2.4070         liq -1.354417           5.441355
Top 5 largest gains:
              timestamp  entry_price          size  leverage  collateral   type symbol  tp_price  sl_price  liq_price         pnl  exit_price exit_reason    return  cumulative_return
83  2024-10-17 16:30:00       2.5380   4928.289785     118.0         106  short    WIF  2.467835   3.04560   2.552067  379.479009       2.461          tp  3.579991          -0.714938
276 2024-10-21 08:00:00       2.2980   3080.939817     118.0          60  short    FXS  2.234569   2.75760   2.310736  203.341981       2.232          tp  3.389033           2.727702
208 2024-10-19 23:00:00       0.1212  47706.269553     118.0          49  short   RARE  0.118814   0.14544   0.121872  152.660159       0.118          tp  3.115513           2.143335
17  2024-10-16 12:15:00       1.4610  13952.087939     112.0         182  short    FET  1.430315   1.75320   1.469583  432.514979       1.430          tp  2.376456           4.401858
240 2024-10-20 14:45:00       1.4340   5595.536900     118.0          68   long    FET  1.458265   1.33362   1.426052  145.484087       1.460          tp  2.139472          -3.525637
Testing Report
+--------+------------+--------------+------------+----------+------------+--------------+--------------+----------------+---------+---------+----------+
| Crypto | Num Trades | Win Rate (%) | Avg Profit | Avg Loss | Net Profit | Sharpe Ratio | Max Drawdown | Risk to Reward | Num Tps | Num Sls | Num Liqs |
+--------+------------+--------------+------------+----------+------------+--------------+--------------+----------------+---------+---------+----------+
| EOS    |         42 |        54.76 |      27.61 |   -10.84 |     429.20 |        4.198 |        0.759 |          1.636 |      12 |      14 |        1 |
| FET    |         44 |        40.91 |      68.51 |   -54.43 |    -182.11 |       -1.664 |        2.258 |          1.128 |      11 |       5 |       17 |
| FXS    |         45 |        51.11 |      28.92 |   -15.25 |     329.66 |        3.589 |       38.342 |          2.028 |      15 |      15 |        1 |
| GMT    |         42 |        54.76 |      15.56 |   -10.77 |     153.37 |        2.842 |        0.785 |          1.287 |      16 |      12 |        0 |
| IMX    |         42 |        40.48 |      38.95 |   -27.36 |     -21.80 |       -2.412 |        1.931 |          0.992 |      13 |      11 |        6 |
| RARE   |         41 |        41.46 |      50.76 |   -32.46 |      83.98 |        1.594 |        5.204 |          1.928 |      14 |      13 |        4 |
| STX    |         44 |        43.18 |      34.17 |   -19.22 |     168.74 |        0.198 |        0.673 |          1.363 |      14 |      15 |        2 |
| W      |         45 |        31.11 |      47.26 |   -33.23 |    -368.41 |       -4.537 |      269.446 |          1.105 |      11 |      14 |       11 |
| WIF    |         40 |        42.50 |      71.55 |   -84.94 |    -737.23 |       -0.169 |       19.617 |          1.319 |      13 |       2 |       20 |
| XRP    |         45 |        51.11 |      24.98 |   -15.32 |     237.52 |       -0.335 |        1.885 |          0.822 |      11 |      15 |        1 |
+--------+------------+--------------+------------+----------+------------+--------------+--------------+----------------+---------+---------+----------+
+--------+------------+--------------+------------+----------+------------+--------------+--------------+----------------+---------+---------+----------+
| Crypto | Num Trades | Win Rate (%) | Avg Profit | Avg Loss | Net Profit | Sharpe Ratio | Max Drawdown | Risk to Reward | Num Tps | Num Sls | Num Liqs |
+--------+------------+--------------+------------+----------+------------+--------------+--------------+----------------+---------+---------+----------+
| PF     |        430 |        45.12 |      38.75 |   -31.46 |      92.91 |       -0.119 |       15.536 |          1.171 |     130 |     116 |       63 |
+--------+------------+--------------+------------+----------+------------+--------------+--------------+----------------+---------+---------+----------+
Test Performance Score (Strategy Return): 1.86%
---------------------------------------------------------------------------
Starting test 12
Trading Strategy Final Return: 4.09%
Buy and Hold Final Return: -3.24%
Total trades: 433
Average return per trade: 0.9441%
Median return per trade: -6.4776%
Standard deviation of returns: 64.9913%
Percentage of profitable trades: 45.96%
Largest gain: 355.83%
Largest loss: -183.30%
Sharpe Ratio: 0.2306
Maximum Drawdown: -7.59%
Top 5 largest losses:
              timestamp  entry_price          size  leverage  collateral  type symbol  tp_price  sl_price  liq_price         pnl  exit_price exit_reason    return  cumulative_return
12  2024-10-16 12:30:00        1.545   5957.281719     118.0          78  long    IMX  1.573303   1.43685   1.536437 -142.974341       1.521         liq -1.833004          -2.136093
212 2024-10-20 00:00:00        2.680   2421.641731     118.0          55  long    WIF  2.719235   2.49240   2.665147  -84.757668       2.645         liq -1.541049          -1.856491
11  2024-10-16 08:30:00        1.452  37057.850680     118.0         456  long    FET  1.480410   1.35036   1.443952 -629.986395       1.435         liq -1.381549          -1.241074
47  2024-10-17 01:45:00        2.646  17704.460174     118.0         397  long    WIF  2.702450   2.46078   2.631335 -495.722724       2.618         liq -1.248672           0.496487
410 2024-10-23 17:30:00        2.418   2084.367260     105.0          48  long    WIF  2.433000   2.40500   2.402755  -58.362029       2.390         liq -1.215876          -1.670580
Top 5 largest gains:
              timestamp  entry_price         size  leverage  collateral   type symbol  tp_price  sl_price  liq_price         pnl  exit_price exit_reason    return  cumulative_return
82  2024-10-17 15:15:00        2.583  2747.967539      91.0          78  short    WIF  2.511844   3.09960   2.602131  277.544260       2.482          tp  3.558260           0.275587
111 2024-10-18 04:15:00        2.722  1950.771575     118.0          45  short    WIF  2.659000   3.26640   2.737086  140.455140       2.650          tp  3.121225           5.158877
281 2024-10-21 06:30:00        2.700  2812.962913     108.5          70  short    WIF  2.640199   3.24000   2.716474  177.216562       2.637          tp  2.531665          -3.425066
392 2024-10-23 09:00:00        2.359  3051.292963     118.0          61   long    WIF  2.407699   2.19387   2.345926  149.513431       2.408          tp  2.451040          -0.701419
159 2024-10-19 00:15:00        2.681  2460.835514     101.5          65   long    WIF  2.723561   2.49333   2.663408  155.032548       2.744          tp  2.385116           3.932692
Testing Report
+--------+------------+--------------+------------+----------+------------+--------------+--------------+----------------+---------+---------+----------+
| Crypto | Num Trades | Win Rate (%) | Avg Profit | Avg Loss | Net Profit | Sharpe Ratio | Max Drawdown | Risk to Reward | Num Tps | Num Sls | Num Liqs |
+--------+------------+--------------+------------+----------+------------+--------------+--------------+----------------+---------+---------+----------+
| EOS    |         37 |        43.24 |      40.62 |   -26.09 |     101.89 |       -1.286 |        1.965 |          1.062 |      12 |      13 |        4 |
| FET    |         44 |        36.36 |      47.31 |   -68.97 |  -1,174.08 |       -2.213 |       -0.000 |          1.239 |      10 |      12 |       12 |
| FXS    |         45 |        42.22 |      39.52 |   -25.11 |      98.11 |       -4.803 |        6.333 |          0.628 |       9 |      14 |        4 |
| GMT    |         42 |        45.24 |      14.74 |   -12.39 |      -4.93 |        0.090 |        2.166 |          1.120 |       8 |      16 |        0 |
| IMX    |         46 |        54.35 |      36.90 |   -33.90 |     210.55 |        0.373 |        3.456 |          0.892 |      16 |      10 |        6 |
| RARE   |         47 |        55.32 |      38.37 |   -20.19 |     573.71 |        3.552 |        1.067 |          1.461 |      18 |      13 |        3 |
| STX    |         47 |        29.79 |      21.16 |   -27.90 |    -624.57 |       -5.879 |       -0.000 |          0.872 |      10 |      20 |        2 |
| W      |         43 |        58.14 |      51.38 |   -29.67 |     750.36 |        3.866 |        0.578 |          1.319 |      19 |       7 |        6 |
| WIF    |         41 |        39.02 |     112.73 |   -79.40 |    -181.43 |        1.624 |        1.300 |          2.034 |       8 |       4 |       17 |
| XRP    |         41 |        56.10 |      29.17 |   -14.68 |     406.68 |        2.958 |        0.467 |          1.298 |      11 |      10 |        1 |
+--------+------------+--------------+------------+----------+------------+--------------+--------------+----------------+---------+---------+----------+
+--------+------------+--------------+------------+----------+------------+--------------+--------------+----------------+---------+---------+----------+
| Crypto | Num Trades | Win Rate (%) | Avg Profit | Avg Loss | Net Profit | Sharpe Ratio | Max Drawdown | Risk to Reward | Num Tps | Num Sls | Num Liqs |
+--------+------------+--------------+------------+----------+------------+--------------+--------------+----------------+---------+---------+----------+
| PF     |        433 |        45.96 |      42.28 |   -35.29 |     156.30 |        0.231 |        5.692 |          1.210 |     121 |     119 |       55 |
+--------+------------+--------------+------------+----------+------------+--------------+--------------+----------------+---------+---------+----------+
Test Performance Score (Strategy Return): 3.13%
---------------------------------------------------------------------------
Starting test 13
Trading Strategy Final Return: -13.09%
Buy and Hold Final Return: -3.24%
Total trades: 436
Average return per trade: -3.0022%
Median return per trade: -9.0629%
Standard deviation of returns: 68.4874%
Percentage of profitable trades: 44.27%
Largest gain: 355.83%
Largest loss: -190.14%
Sharpe Ratio: -0.6959
Maximum Drawdown: -72.27%
Top 5 largest losses:
              timestamp  entry_price          size  leverage  collateral   type symbol  tp_price  sl_price  liq_price         pnl  exit_price exit_reason    return  cumulative_return
79  2024-10-17 19:30:00       2.4850   2492.957852      52.5         118  short    WIF  2.421712  2.982000   2.519430 -224.366587      2.5750         liq -1.901412          -5.877172
45  2024-10-17 00:15:00       0.5495  23248.408127      87.5         146  short    XRP  0.545766  0.553234   0.553758 -237.134313      0.5597         liq -1.624208         -10.373267
6   2024-10-16 10:30:00       1.5430  23418.017111     101.5         356  short    IMX  1.520418  1.851600   1.553124 -562.033550      1.5670         liq -1.578746          -3.100148
271 2024-10-21 06:30:00       2.7000   3455.925865     108.5          86   long    WIF  2.759801  2.511000   2.683526 -134.781227      2.6610         liq -1.567224         -10.073225
192 2024-10-19 22:30:00       2.6190   2309.278388      63.0          96  short    WIF  2.583571  3.142800   2.648017 -140.866233      2.6800         liq -1.467357         -21.519916
Top 5 largest gains:
              timestamp  entry_price          size  leverage  collateral   type symbol  tp_price  sl_price  liq_price         pnl  exit_price exit_reason    return  cumulative_return
74  2024-10-17 15:15:00        2.583   5108.401193      91.0         145  short    WIF  2.511844   3.09960   2.602131  515.947663       2.482          tp  3.558260          -5.625505
291 2024-10-21 12:45:00        2.560   3733.593833     118.0          81  short    WIF  2.510281   3.07200   2.574188  242.683813       2.495          tp  2.996096          -5.471764
260 2024-10-21 01:30:00        2.741   3400.948637     118.0          79  short    WIF  2.674810   3.28920   2.756192  227.863260       2.674          tp  2.884345         -10.054984
76  2024-10-17 16:30:00        1.376  12434.592601     118.0         145  short    FET  1.347418   1.65120   1.383626  373.038905       1.346          tp  2.572682          -2.552822
65  2024-10-17 11:00:00        2.523   5132.778434      87.5         148   long    WIF  2.577152   2.34639   2.503450  379.824997       2.597          tp  2.566385          -7.314303
Testing Report
+--------+------------+--------------+------------+----------+------------+--------------+--------------+----------------+---------+---------+----------+
| Crypto | Num Trades | Win Rate (%) | Avg Profit | Avg Loss | Net Profit | Sharpe Ratio | Max Drawdown | Risk to Reward | Num Tps | Num Sls | Num Liqs |
+--------+------------+--------------+------------+----------+------------+--------------+--------------+----------------+---------+---------+----------+
| EOS    |         44 |        50.00 |      26.92 |   -28.76 |     -40.42 |       -0.660 |        2.177 |          0.900 |      12 |      15 |        3 |
| FET    |         44 |        34.09 |      92.49 |   -66.37 |    -537.43 |       -2.736 |        2.909 |          1.279 |       8 |       9 |       18 |
| FXS    |         41 |        56.10 |      43.97 |   -34.82 |     384.52 |        1.382 |        1.613 |          0.982 |      13 |      13 |        1 |
| GMT    |         38 |        50.00 |      15.47 |   -19.53 |     -77.26 |       -0.781 |        6.321 |          0.829 |      12 |      15 |        1 |
| IMX    |         53 |        43.40 |      53.07 |   -57.69 |    -510.03 |        0.556 |        2.015 |          1.425 |      10 |      21 |        6 |
| RARE   |         43 |        58.14 |      36.51 |   -27.37 |     419.96 |        3.488 |        0.899 |          1.253 |      18 |      10 |        2 |
| STX    |         43 |        51.16 |      29.95 |   -47.18 |    -331.83 |        0.919 |        0.491 |          1.059 |      15 |      12 |        1 |
| W      |         47 |        27.66 |      65.89 |   -44.87 |    -668.93 |       -2.109 |       -0.000 |          1.866 |      10 |      19 |        9 |
| WIF    |         43 |        20.93 |     191.08 |   -85.10 |  -1,173.53 |       -3.587 |      100.512 |          2.160 |       6 |       5 |       25 |
| XRP    |         40 |        55.00 |      32.88 |   -30.57 |     173.10 |        2.782 |       35.779 |          1.340 |      17 |       7 |        1 |
+--------+------------+--------------+------------+----------+------------+--------------+--------------+----------------+---------+---------+----------+
+--------+------------+--------------+------------+----------+------------+--------------+--------------+----------------+---------+---------+----------+
| Crypto | Num Trades | Win Rate (%) | Avg Profit | Avg Loss | Net Profit | Sharpe Ratio | Max Drawdown | Risk to Reward | Num Tps | Num Sls | Num Liqs |
+--------+------------+--------------+------------+----------+------------+--------------+--------------+----------------+---------+---------+----------+
| PF     |        436 |        44.27 |      48.58 |   -48.31 |  -2,361.85 |       -0.697 |       83.230 |          1.099 |     121 |     126 |       67 |
+--------+------------+--------------+------------+----------+------------+--------------+--------------+----------------+---------+---------+----------+
Test Performance Score (Strategy Return): -47.24%
---------------------------------------------------------------------------
Starting test 14
Trading Strategy Final Return: 1.97%
Buy and Hold Final Return: -3.24%
Total trades: 447
Average return per trade: 0.4397%
Median return per trade: -1.7986%
Standard deviation of returns: 66.4245%
Percentage of profitable trades: 48.55%
Largest gain: 286.79%
Largest loss: -372.52%
Sharpe Ratio: 0.1051
Maximum Drawdown: -14.65%
Top 5 largest losses:
              timestamp  entry_price          size  leverage  collateral   type symbol  tp_price  sl_price  liq_price         pnl  exit_price exit_reason    return  cumulative_return
284 2024-10-21 06:45:00       2.1540   2410.399208     118.0          44  short    FXS  2.117003  2.584800   2.165938 -163.906760      2.2220         liq -3.725154           3.297621
426 2024-10-23 17:15:00       2.4310   2038.667220     118.0          42   long    WIF  2.433000  2.405000   2.417526  -83.585130      2.3900         liq -1.990122           2.289634
14  2024-10-16 11:45:00       2.5950   8275.915130     118.0         182  short    WIF  2.525032  3.114000   2.609382 -231.724613      2.6230         liq -1.273212          -1.373792
50  2024-10-17 01:45:00       1.4400  35645.831917     118.0         435   long    FET  1.462455  1.339200   1.432019 -534.691218      1.4250         liq -1.229175           1.544041
301 2024-10-21 13:15:00       0.2901  17490.520013     118.0          43   long      W  0.294829  0.269793   0.288492  -52.471927      0.2871         liq -1.220277           4.579671
Top 5 largest gains:
              timestamp  entry_price          size  leverage  collateral   type symbol  tp_price  sl_price  liq_price         pnl  exit_price exit_reason    return  cumulative_return
81  2024-10-17 11:15:00       0.2839  19535.048054     118.0          47   long      W  0.288673  0.264027   0.282327  134.792076      0.2908          tp  2.867917           9.028803
62  2024-10-17 04:30:00       2.6280   1464.992378      87.5          44  short    WIF  2.577342  3.153600   2.648363  125.989294      2.5420          tp  2.863393           6.344763
18  2024-10-16 12:00:00       1.5640   9774.935996      84.0         182  short    IMX  1.535702  1.876800   1.576698  420.322080      1.5210          tp  2.309462           1.788235
91  2024-10-17 16:15:00       0.2886  14407.484519      94.5          44  short      W  0.283485  0.346320   0.290658   93.648732      0.2821          tp  2.128380          12.570043
431 2024-10-23 16:45:00       0.2657  19096.724736     118.0          43   long      W  0.270031  0.247101   0.264227   85.935293      0.2702          tp  1.998495           4.279757
Testing Report
+--------+------------+--------------+------------+----------+------------+--------------+--------------+----------------+---------+---------+----------+
| Crypto | Num Trades | Win Rate (%) | Avg Profit | Avg Loss | Net Profit | Sharpe Ratio | Max Drawdown | Risk to Reward | Num Tps | Num Sls | Num Liqs |
+--------+------------+--------------+------------+----------+------------+--------------+--------------+----------------+---------+---------+----------+
| EOS    |         42 |        57.14 |      32.56 |    -9.70 |     606.83 |        6.167 |        0.178 |          2.184 |      15 |      13 |        0 |
| FET    |         43 |        44.19 |      50.13 |   -58.71 |    -456.62 |        0.464 |       15.824 |          1.353 |      10 |       4 |       17 |
| FXS    |         48 |        50.00 |      25.17 |   -24.45 |      17.33 |       -1.469 |        2.059 |          0.733 |      14 |      14 |        4 |
| GMT    |         36 |        55.56 |      14.90 |   -16.35 |      36.37 |        1.431 |        4.597 |          1.033 |      14 |      14 |        1 |
| IMX    |         49 |        57.14 |      38.86 |   -45.22 |     138.37 |        1.699 |        1.015 |          0.991 |      16 |      13 |        5 |
| RARE   |         48 |        58.33 |      28.42 |   -23.92 |     317.28 |        4.323 |        0.403 |          1.394 |      19 |      14 |        2 |
| STX    |         46 |        47.83 |      29.17 |   -15.49 |     269.94 |        1.607 |        1.393 |          1.343 |      15 |      15 |        2 |
| W      |         49 |        48.98 |      39.88 |   -28.94 |     233.53 |        1.718 |        0.748 |          1.408 |      12 |      16 |        6 |
| WIF    |         45 |        22.22 |      35.43 |   -51.24 |  -1,439.20 |       -8.723 |      233.652 |          0.893 |       4 |       9 |       23 |
| XRP    |         41 |        43.90 |      14.79 |   -26.81 |    -350.50 |       -1.734 |        2.837 |          0.975 |       8 |      16 |        2 |
+--------+------------+--------------+------------+----------+------------+--------------+--------------+----------------+---------+---------+----------+
+--------+------------+--------------+------------+----------+------------+--------------+--------------+----------------+---------+---------+----------+
| Crypto | Num Trades | Win Rate (%) | Avg Profit | Avg Loss | Net Profit | Sharpe Ratio | Max Drawdown | Risk to Reward | Num Tps | Num Sls | Num Liqs |
+--------+------------+--------------+------------+----------+------------+--------------+--------------+----------------+---------+---------+----------+
| PF     |        447 |        48.55 |      31.06 |   -32.02 |    -626.65 |        0.105 |        1.061 |          1.061 |     127 |     128 |       62 |
+--------+------------+--------------+------------+----------+------------+--------------+--------------+----------------+---------+---------+----------+
Test Performance Score (Strategy Return): -12.53%
---------------------------------------------------------------------------
Starting test 15
Trading Strategy Final Return: 6.49%
Buy and Hold Final Return: -3.24%
Total trades: 434
Average return per trade: 1.4955%
Median return per trade: -8.7545%
Standard deviation of returns: 69.4931%
Percentage of profitable trades: 44.24%
Largest gain: 291.67%
Largest loss: -147.16%
Sharpe Ratio: 0.3416
Maximum Drawdown: -3.68%
Top 5 largest losses:
              timestamp  entry_price         size  leverage  collateral   type symbol  tp_price  sl_price  liq_price         pnl  exit_price exit_reason    return  cumulative_return
15  2024-10-16 13:30:00        2.566  9105.222190     118.0         198  short    WIF  2.492799  3.079200   2.580222 -291.367701       2.598         liq -1.471554           2.777617
156 2024-10-19 03:00:00        2.744  5117.347017     118.0         119   long    WIF  2.797210  2.551920   2.728792 -163.755436       2.712         liq -1.376096          -7.482872
69  2024-10-17 13:00:00        2.573  3852.312544     118.0          84  short    WIF  2.512809  3.087600   2.587260 -115.569266       2.603         liq -1.375825          -0.511612
23  2024-10-16 17:00:00        2.554  9669.538355      56.0         441  short    WIF  2.481582  3.064800   2.586016 -560.834073       2.612         liq -1.271733          -0.194433
118 2024-10-18 09:15:00        1.394  6889.526278      98.0          98   long    FET  1.412604  1.384903   1.384470 -124.011519       1.376         liq -1.265424          -6.796521
Top 5 largest gains:
              timestamp  entry_price          size  leverage  collateral   type symbol  tp_price  sl_price  liq_price         pnl  exit_price exit_reason    return  cumulative_return
12  2024-10-16 11:30:00        1.566  10564.814918     101.5         163  short    IMX  1.539696   1.87920   1.576275  475.416218       1.521          tp  2.916664           3.575311
140 2024-10-18 16:30:00        2.685   5713.221723     118.0         130  short    WIF  2.618109   3.22200   2.699881  371.359739       2.620     opening  2.856613          -9.374544
279 2024-10-21 06:15:00        2.700   3277.777720     118.0          75  short    WIF  2.639789   3.24000   2.714964  206.499878       2.637          tp  2.753332           1.995278
258 2024-10-20 22:30:00        2.714   3695.652192     118.0          85   long    WIF  2.768166   2.52402   2.698958  232.825954       2.777          tp  2.739129          -0.768932
416 2024-10-23 17:00:00        1.300   4886.538641     115.5          55   long    FET  1.322243   1.20900   1.292639  136.823068       1.328          tp  2.487692           8.448617
Testing Report
+--------+------------+--------------+------------+----------+------------+--------------+--------------+----------------+---------+---------+----------+
| Crypto | Num Trades | Win Rate (%) | Avg Profit | Avg Loss | Net Profit | Sharpe Ratio | Max Drawdown | Risk to Reward | Num Tps | Num Sls | Num Liqs |
+--------+------------+--------------+------------+----------+------------+--------------+--------------+----------------+---------+---------+----------+
| EOS    |         41 |        46.34 |      31.01 |   -24.48 |      50.63 |       -1.271 |        3.040 |          0.949 |      10 |      20 |        2 |
| FET    |         46 |        45.65 |     106.44 |   -66.62 |     569.75 |        1.958 |        0.923 |          1.590 |      13 |       8 |       14 |
| FXS    |         41 |        39.02 |      35.58 |   -27.03 |    -106.63 |       -0.273 |        1.841 |          1.432 |      10 |      19 |        0 |
| GMT    |         41 |        46.34 |      32.78 |   -16.21 |     266.33 |        2.129 |        2.559 |          1.738 |      15 |      15 |        0 |
| IMX    |         45 |        57.78 |      72.30 |   -44.27 |   1,038.64 |        3.538 |        0.328 |          1.298 |      19 |      11 |        6 |
| RARE   |         45 |        60.00 |      43.33 |   -27.56 |     673.79 |        6.243 |        2.111 |          1.835 |      20 |      11 |        1 |
| STX    |         41 |        43.90 |      27.99 |   -50.14 |    -649.47 |       -3.980 |       13.359 |          0.648 |       7 |      16 |        3 |
| W      |         48 |        29.17 |      39.55 |   -44.06 |    -944.42 |       -6.944 |       -0.000 |          0.846 |       9 |      14 |       12 |
| WIF    |         44 |        29.55 |     146.52 |   -92.23 |    -954.29 |       -0.697 |       -0.000 |          2.145 |       9 |       7 |       21 |
| XRP    |         42 |        45.24 |      43.05 |   -20.13 |     354.96 |        2.320 |        6.196 |          1.807 |      14 |      12 |        2 |
+--------+------------+--------------+------------+----------+------------+--------------+--------------+----------------+---------+---------+----------+
+--------+------------+--------------+------------+----------+------------+--------------+--------------+----------------+---------+---------+----------+
| Crypto | Num Trades | Win Rate (%) | Avg Profit | Avg Loss | Net Profit | Sharpe Ratio | Max Drawdown | Risk to Reward | Num Tps | Num Sls | Num Liqs |
+--------+------------+--------------+------------+----------+------------+--------------+--------------+----------------+---------+---------+----------+
| PF     |        434 |        44.24 |      56.49 |   -43.58 |     299.31 |        0.342 |        5.723 |          1.326 |     126 |     133 |       61 |
+--------+------------+--------------+------------+----------+------------+--------------+--------------+----------------+---------+---------+----------+
Test Performance Score (Strategy Return): 5.99%
---------------------------------------------------------------------------
Starting test 16
Trading Strategy Final Return: -4.20%
Buy and Hold Final Return: -3.24%
Total trades: 423
Average return per trade: -0.9931%
Median return per trade: -7.5292%
Standard deviation of returns: 67.2451%
Percentage of profitable trades: 44.68%
Largest gain: 387.43%
Largest loss: -194.11%
Sharpe Ratio: -0.2344
Maximum Drawdown: -10.07%
Top 5 largest losses:
              timestamp  entry_price          size  leverage  collateral   type symbol  tp_price  sl_price  liq_price         pnl  exit_price exit_reason    return  cumulative_return
258 2024-10-20 23:15:00       2.7190   1807.282022      91.0          54  short    WIF  2.664113  3.262800   2.739139 -104.822085      2.7770         liq -1.941150           4.215452
396 2024-10-23 11:30:00       0.2718  22575.422159     118.0          52   long      W  0.275930  0.252774   0.270294  -99.332193      0.2674         liq -1.910234          -3.195191
288 2024-10-21 10:30:00       1.4160   4192.090370     112.0          53   long    FET  1.438526  1.316880   1.407681  -92.225800      1.3940         liq -1.740109          -0.369614
394 2024-10-23 14:30:00       2.4420   1934.889504      94.5          50   long    WIF  2.491954  2.271060   2.424583  -67.720837      2.4070         liq -1.354417          -4.806414
103 2024-10-17 23:45:00       1.5040   5654.920406      94.5          90  short    IMX  1.487442  1.804800   1.514727 -101.788605      1.5220         liq -1.130985          -4.526044
Top 5 largest gains:
              timestamp  entry_price         size  leverage  collateral   type symbol  tp_price  sl_price  liq_price         pnl  exit_price exit_reason    return  cumulative_return
406 2024-10-23 19:30:00        2.467  2343.737326     118.0          49   long    WIF  2.534760   2.29431   2.453327  189.842933       2.548          tp  3.874346          -3.937260
87  2024-10-17 16:30:00        2.538  2975.571191     118.0          64  short    WIF  2.467835   3.04560   2.552067  229.119402       2.461          tp  3.579991          -2.651821
27  2024-10-16 16:15:00        2.538  8067.375547     105.0         195   long    WIF  2.612971   2.36034   2.521999  685.725306       2.623          tp  3.516540          -1.926559
30  2024-10-16 20:00:00        2.623  6314.144335      91.0         182   long    WIF  2.679410   2.43939   2.603572  454.618561       2.695          tp  2.497904           0.133642
237 2024-10-20 13:15:00        2.594  2410.948248     118.0          53   long    WIF  2.636545   2.41242   2.579623  130.190966       2.648          tp  2.456433           1.948963
Testing Report
+--------+------------+--------------+------------+----------+------------+--------------+--------------+----------------+---------+---------+----------+
| Crypto | Num Trades | Win Rate (%) | Avg Profit | Avg Loss | Net Profit | Sharpe Ratio | Max Drawdown | Risk to Reward | Num Tps | Num Sls | Num Liqs |
+--------+------------+--------------+------------+----------+------------+--------------+--------------+----------------+---------+---------+----------+
| EOS    |         40 |        45.00 |      15.79 |   -23.74 |    -238.19 |       -3.240 |       15.816 |          0.739 |       9 |      19 |        2 |
| FET    |         44 |        38.64 |      63.77 |   -48.47 |    -224.57 |       -0.569 |       54.258 |          1.456 |       9 |      12 |       14 |
| FXS    |         45 |        60.00 |      27.87 |   -24.81 |     305.76 |        2.813 |        2.732 |          1.040 |      16 |      10 |        2 |
| GMT    |         45 |        51.11 |      11.55 |   -10.43 |      36.03 |        1.656 |        1.683 |          1.230 |      15 |      15 |        0 |
| IMX    |         44 |        29.55 |      29.35 |   -30.83 |    -574.27 |       -5.110 |       65.883 |          1.055 |       8 |      15 |        8 |
| RARE   |         44 |        56.82 |      21.45 |   -22.42 |     110.31 |        2.505 |        5.418 |          1.034 |      17 |      15 |        0 |
| STX    |         42 |        45.24 |      37.62 |   -23.40 |     176.70 |       -0.186 |        1.552 |          1.175 |      14 |      11 |        4 |
| W      |         40 |        45.00 |      32.99 |   -33.10 |    -134.36 |       -0.807 |      264.688 |          1.069 |      10 |      12 |        6 |
| WIF    |         41 |        46.34 |     121.79 |   -58.18 |   1,034.14 |        2.249 |        8.949 |          1.675 |      12 |       5 |       16 |
| XRP    |         38 |        26.32 |      13.85 |   -15.89 |    -306.49 |       -8.534 |       -0.000 |          0.685 |       3 |      19 |        1 |
+--------+------------+--------------+------------+----------+------------+--------------+--------------+----------------+---------+---------+----------+
+--------+------------+--------------+------------+----------+------------+--------------+--------------+----------------+---------+---------+----------+
| Crypto | Num Trades | Win Rate (%) | Avg Profit | Avg Loss | Net Profit | Sharpe Ratio | Max Drawdown | Risk to Reward | Num Tps | Num Sls | Num Liqs |
+--------+------------+--------------+------------+----------+------------+--------------+--------------+----------------+---------+---------+----------+
| PF     |        423 |        44.68 |      37.38 |   -29.40 |     185.05 |       -0.235 |       45.341 |          1.176 |     113 |     133 |       53 |
+--------+------------+--------------+------------+----------+------------+--------------+--------------+----------------+---------+---------+----------+
Test Performance Score (Strategy Return): 3.7%
---------------------------------------------------------------------------
Starting test 17
Trading Strategy Final Return: 9.50%
Buy and Hold Final Return: -3.24%
Total trades: 426
Average return per trade: 2.2291%
Median return per trade: -6.8796%
Standard deviation of returns: 69.3304%
Percentage of profitable trades: 45.31%
Largest gain: 336.55%
Largest loss: -212.78%
Sharpe Ratio: 0.5104
Maximum Drawdown: -2.39%
Top 5 largest losses:
              timestamp  entry_price          size  leverage  collateral   type symbol  tp_price  sl_price  liq_price         pnl  exit_price exit_reason    return  cumulative_return
66  2024-10-17 12:15:00       2.5510   2127.792924     118.0          46  short    WIF  2.497707   3.06120   2.565139  -97.877975      2.5970         liq -2.127782          -0.654444
196 2024-10-19 22:45:00       2.6310  14582.667954     101.5         378  short    WIF  2.595021   3.15720   2.648264 -714.551091      2.6800         liq -1.890347           7.276139
145 2024-10-19 01:30:00       2.6950   3225.974106      80.5         108  short    WIF  2.649091   3.23400   2.717832 -158.072811      2.7440         liq -1.463637           5.153685
99  2024-10-18 04:30:00       2.7030  12974.472478      70.0         501   long    WIF  2.764743   2.51379   2.676356 -687.646695      2.6500         liq -1.372548           7.072166
239 2024-10-20 15:15:00       0.2957  31662.156132      87.5         107  short      W  0.290438   0.35484   0.297991 -145.645553      0.3003         liq -1.361173           7.004823
Top 5 largest gains:
              timestamp  entry_price          size  leverage  collateral   type symbol  tp_price  sl_price  liq_price          pnl  exit_price exit_reason    return  cumulative_return
281 2024-10-21 08:45:00        2.629   2726.512035     112.0          64  short    WIF  2.569998   3.15480   2.644445   215.394440       2.550          tp  3.365538          15.331072
83  2024-10-17 19:00:00        2.479   7929.003338      84.0         234   long    WIF  2.546234   2.30547   2.458873   761.183973       2.575          tp  3.252923           3.972992
10  2024-10-16 11:15:00        2.643   4598.562436     118.0         103  short    WIF  2.580107   3.17160   2.657648   317.300834       2.574          tp  3.080591           1.364181
96  2024-10-18 01:45:00        2.638  23215.314532     118.0         519   long    WIF  2.697838   2.45334   2.623379  1392.917544       2.698          tp  2.683849           9.122542
94  2024-10-17 22:15:00        2.549  12110.631502      73.5         420   long    WIF  2.603071   2.37057   2.525071  1077.846042       2.638          tp  2.566300           5.859966
Testing Report
+--------+------------+--------------+------------+----------+------------+--------------+--------------+----------------+---------+---------+----------+
| Crypto | Num Trades | Win Rate (%) | Avg Profit | Avg Loss | Net Profit | Sharpe Ratio | Max Drawdown | Risk to Reward | Num Tps | Num Sls | Num Liqs |
+--------+------------+--------------+------------+----------+------------+--------------+--------------+----------------+---------+---------+----------+
| EOS    |         44 |        54.55 |      79.39 |   -36.74 |   1,170.54 |        3.464 |        1.359 |          1.412 |      18 |      18 |        1 |
| FET    |         43 |        51.16 |     157.64 |  -112.44 |   1,106.86 |        2.462 |        2.817 |          1.314 |      14 |       9 |       10 |
| FXS    |         45 |        40.00 |     102.33 |   -96.90 |    -774.30 |       -0.840 |        3.361 |          1.309 |      10 |      16 |        7 |
| GMT    |         47 |        36.17 |      46.74 |   -28.24 |     -52.81 |       -0.935 |        1.499 |          1.523 |       9 |      19 |        0 |
| IMX    |         42 |        42.86 |     120.83 |   -77.17 |     322.97 |        1.036 |        5.915 |          1.518 |      12 |      18 |        2 |
| RARE   |         38 |        60.53 |      49.15 |  -105.70 |    -455.02 |        1.573 |        3.999 |          0.834 |      16 |      11 |        3 |
| STX    |         41 |        39.02 |      27.08 |   -60.07 |  -1,068.46 |       -2.369 |        0.000 |          0.918 |      10 |      15 |        3 |
| W      |         46 |        34.78 |      90.26 |   -70.52 |    -671.38 |       -4.267 |       25.272 |          0.924 |       6 |      12 |       13 |
| WIF    |         38 |        55.26 |     251.06 |  -183.88 |   2,146.21 |        3.058 |        0.883 |          1.308 |      16 |       2 |       13 |
| XRP    |         42 |        42.86 |      44.94 |   -46.81 |    -314.68 |        0.023 |        1.347 |          1.283 |      10 |      16 |        1 |
+--------+------------+--------------+------------+----------+------------+--------------+--------------+----------------+---------+---------+----------+
+--------+------------+--------------+------------+----------+------------+--------------+--------------+----------------+---------+---------+----------+
| Crypto | Num Trades | Win Rate (%) | Avg Profit | Avg Loss | Net Profit | Sharpe Ratio | Max Drawdown | Risk to Reward | Num Tps | Num Sls | Num Liqs |
+--------+------------+--------------+------------+----------+------------+--------------+--------------+----------------+---------+---------+----------+
| PF     |        426 |        45.31 |      99.86 |   -76.67 |   1,409.92 |        0.511 |        5.298 |          1.289 |     121 |     136 |       53 |
+--------+------------+--------------+------------+----------+------------+--------------+--------------+----------------+---------+---------+----------+
Test Performance Score (Strategy Return): 28.2%
---------------------------------------------------------------------------
Starting test 18
Trading Strategy Final Return: -20.83%
Buy and Hold Final Return: -3.24%
Total trades: 443
Average return per trade: -4.7028%
Median return per trade: -6.6641%
Standard deviation of returns: 60.9322%
Percentage of profitable trades: 45.37%
Largest gain: 336.55%
Largest loss: -276.71%
Sharpe Ratio: -1.2252
Maximum Drawdown: -11.20%
Top 5 largest losses:
              timestamp  entry_price          size  leverage  collateral   type symbol  tp_price  sl_price  liq_price         pnl  exit_price exit_reason    return  cumulative_return
83  2024-10-17 20:00:00        2.516   6941.176381     118.0         148  short    WIF  2.454273  3.019200   2.529945 -409.529512       2.575         liq -2.767091         -12.931097
76  2024-10-17 17:00:00        2.541   4958.677902      84.0         150   long    WIF  2.607140  2.363130   2.520369 -292.560890       2.482         liq -1.950406         -10.254914
80  2024-10-17 16:00:00        1.870   4744.652394      52.5         169   long    STX  1.920198  1.845454   1.844091 -275.189690       1.812         liq -1.628341          -8.381542
15  2024-10-16 12:45:00        1.453  25987.612742     118.0         320   long    FET  1.483059  1.351290   1.444947 -467.777203       1.435         liq -1.461804          -0.759699
355 2024-10-22 14:45:00        2.440   2853.278622     118.0          59   long    WIF  2.505481  2.269200   2.426477  -79.892133       2.412         liq -1.354104         -10.954065
Top 5 largest gains:
              timestamp  entry_price          size  leverage  collateral   type symbol  tp_price  sl_price  liq_price         pnl  exit_price exit_reason    return  cumulative_return
290 2024-10-21 08:45:00       2.6290   3876.759300     112.0          91  short    WIF  2.569998   3.15480   2.644445  306.263970       2.550          tp  3.365538         -14.341200
343 2024-10-22 07:00:00       2.5470   2263.250944      94.5          61  short    WIF  2.512500   3.05640   2.565166  124.478413       2.492          tp  2.040630          -9.738719
203 2024-10-20 00:00:00       0.2957  37510.989139     118.0          94  short      W  0.291671   0.35484   0.297339  176.301839       0.291          tp  1.875551         -14.144922
220 2024-10-20 05:30:00       1.3800   7866.666694     118.0          92   long    FET  1.397390   1.28340   1.372352  165.200218       1.401          tp  1.795655         -17.194708
101 2024-10-18 00:00:00       1.8570   5201.938629      84.0         115   long    STX  1.891081   1.72701   1.841923  202.875785       1.896          tp  1.764137         -12.662728
Testing Report
+--------+------------+--------------+------------+----------+------------+--------------+--------------+----------------+---------+---------+----------+
| Crypto | Num Trades | Win Rate (%) | Avg Profit | Avg Loss | Net Profit | Sharpe Ratio | Max Drawdown | Risk to Reward | Num Tps | Num Sls | Num Liqs |
+--------+------------+--------------+------------+----------+------------+--------------+--------------+----------------+---------+---------+----------+
| EOS    |         47 |        34.04 |      29.06 |   -29.05 |    -435.46 |       -2.529 |       13.988 |          1.221 |      14 |      21 |        3 |
| FET    |         44 |        45.45 |      77.65 |   -70.08 |    -129.12 |        0.149 |        8.846 |          1.227 |      11 |       7 |       13 |
| FXS    |         41 |        46.34 |      28.78 |   -29.86 |    -110.15 |       -0.349 |        1.881 |          1.095 |      10 |      15 |        3 |
| GMT    |         45 |        57.78 |      17.21 |   -19.95 |      68.49 |        1.624 |        1.399 |          0.939 |      15 |      13 |        0 |
| IMX    |         44 |        40.91 |      34.40 |   -54.16 |    -788.84 |       -4.439 |       11.499 |          0.752 |       8 |      16 |        8 |
| RARE   |         42 |        50.00 |      37.91 |   -37.37 |      11.35 |        0.896 |        1.579 |          1.146 |      15 |      14 |        4 |
| STX    |         45 |        55.56 |      60.56 |   -38.46 |     744.93 |        1.803 |        1.220 |          1.113 |      18 |      11 |        3 |
| W      |         43 |        48.84 |      53.65 |   -51.92 |     -15.66 |       -1.420 |        3.094 |          0.834 |      13 |       5 |       11 |
| WIF    |         42 |        23.81 |      92.91 |   -84.64 |  -1,779.43 |       -5.595 |       -0.000 |          1.376 |       9 |       7 |       23 |
| XRP    |         50 |        50.00 |      34.84 |   -27.40 |     185.94 |        1.726 |        0.543 |          1.232 |      12 |      13 |        1 |
+--------+------------+--------------+------------+----------+------------+--------------+--------------+----------------+---------+---------+----------+
+--------+------------+--------------+------------+----------+------------+--------------+--------------+----------------+---------+---------+----------+
| Crypto | Num Trades | Win Rate (%) | Avg Profit | Avg Loss | Net Profit | Sharpe Ratio | Max Drawdown | Risk to Reward | Num Tps | Num Sls | Num Liqs |
+--------+------------+--------------+------------+----------+------------+--------------+--------------+----------------+---------+---------+----------+
| PF     |        443 |        45.37 |      44.12 |   -45.93 |  -2,247.96 |       -1.227 |       15.045 |          0.964 |     125 |     122 |       69 |
+--------+------------+--------------+------------+----------+------------+--------------+--------------+----------------+---------+---------+----------+
Test Performance Score (Strategy Return): -44.96%
---------------------------------------------------------------------------
Starting test 19
Trading Strategy Final Return: 1.41%
Buy and Hold Final Return: -3.24%
Total trades: 431
Average return per trade: 0.3262%
Median return per trade: -1.6321%
Standard deviation of returns: 67.1135%
Percentage of profitable trades: 47.80%
Largest gain: 360.90%
Largest loss: -260.36%
Sharpe Ratio: 0.0772
Maximum Drawdown: -1.04%
Top 5 largest losses:
              timestamp  entry_price          size  leverage  collateral   type symbol  tp_price  sl_price  liq_price          pnl  exit_price exit_reason    return  cumulative_return
78  2024-10-17 16:30:00        2.538  24920.408723     118.0         536   long    WIF  2.608165   2.36034   2.523934 -1395.542746      2.4820         liq -2.603625          10.218117
412 2024-10-23 18:45:00        2.419   2878.048887     118.0          59  short    WIF  2.405000   2.43300   2.432407  -138.146627      2.4670         liq -2.341468           1.484937
219 2024-10-20 05:45:00        1.596  27799.499511     118.0         376  short    IMX  1.575117   1.91520   1.604846  -806.186705      1.6250         liq -2.144114           8.025597
343 2024-10-22 11:30:00        0.279  56250.893221     118.0         133   long      W  0.280800   0.27770   0.277454  -258.755136      0.2744         liq -1.945527           9.130084
257 2024-10-20 23:30:00        2.716   1971.649426      63.0          85  short    WIF  2.662601   3.25920   2.746092  -120.270359      2.7770         liq -1.414945           3.173377
Top 5 largest gains:
              timestamp  entry_price          size  leverage  collateral   type symbol  tp_price  sl_price  liq_price          pnl  exit_price exit_reason    return  cumulative_return
86  2024-10-17 19:15:00        2.473  24590.577752      87.5         695   long    WIF  2.538188   2.29989   2.453838  2508.238884       2.575          tp  3.608977          13.602386
278 2024-10-21 06:30:00        2.700   2451.296253     108.5          61  short    WIF  2.640199   3.24000   2.716474   154.431575       2.637          tp  2.531665           7.239133
14  2024-10-16 11:30:00        1.460  28449.314325     118.0         352  short    FET  1.431316   1.75200   1.468092   853.482007       1.430          tp  2.424665           3.692631
101 2024-10-18 02:30:00        1.376  68690.404644     118.0         801   long    FET  1.396759   1.27968   1.368374  1854.637519       1.403          tp  2.315403          12.800019
26  2024-10-16 14:30:00        2.549  24211.062927     118.0         523   long    WIF  2.628919   2.37057   2.534873  1186.342684       2.598     opening  2.268342           8.728018
Testing Report
+--------+------------+--------------+------------+----------+------------+--------------+--------------+----------------+---------+---------+----------+
| Crypto | Num Trades | Win Rate (%) | Avg Profit | Avg Loss | Net Profit | Sharpe Ratio | Max Drawdown | Risk to Reward | Num Tps | Num Sls | Num Liqs |
+--------+------------+--------------+------------+----------+------------+--------------+--------------+----------------+---------+---------+----------+
| EOS    |         42 |        54.76 |     113.35 |  -106.56 |     582.40 |        0.340 |        1.033 |          0.873 |      16 |      13 |        3 |
| FET    |         44 |        59.09 |     332.35 |  -164.34 |   5,683.10 |        5.218 |        0.524 |          1.485 |      18 |       5 |       10 |
| FXS    |         42 |        42.86 |      84.95 |   -75.09 |    -272.90 |       -0.231 |        4.520 |          1.226 |       7 |      20 |        1 |
| GMT    |         38 |        55.26 |      45.79 |   -60.97 |     -74.96 |        3.123 |        0.871 |          1.224 |      12 |      13 |        0 |
| IMX    |         45 |        48.89 |     102.32 |  -193.83 |  -2,207.06 |       -1.183 |        2.056 |          0.872 |      13 |      12 |        8 |
| RARE   |         47 |        57.45 |     103.15 |   -97.69 |     831.24 |        1.749 |        0.926 |          0.985 |      20 |      11 |        5 |
| STX    |         44 |        45.45 |     116.24 |  -119.35 |    -539.51 |        1.567 |        0.978 |          1.567 |      15 |      14 |        3 |
| W      |         43 |        30.23 |     188.33 |  -112.82 |    -936.29 |       -4.483 |        9.181 |          1.078 |       8 |      11 |       11 |
| WIF    |         39 |        28.21 |     395.66 |  -257.90 |  -2,868.92 |       -3.269 |       11.466 |          1.494 |       8 |       5 |       18 |
| XRP    |         47 |        53.19 |      69.46 |   -45.35 |     739.01 |        0.351 |        1.092 |          0.889 |      10 |      16 |        1 |
+--------+------------+--------------+------------+----------+------------+--------------+--------------+----------------+---------+---------+----------+
+--------+------------+--------------+------------+----------+------------+--------------+--------------+----------------+---------+---------+----------+
| Crypto | Num Trades | Win Rate (%) | Avg Profit | Avg Loss | Net Profit | Sharpe Ratio | Max Drawdown | Risk to Reward | Num Tps | Num Sls | Num Liqs |
+--------+------------+--------------+------------+----------+------------+--------------+--------------+----------------+---------+---------+----------+
| PF     |        431 |        47.80 |     143.87 |  -127.56 |     936.10 |        0.077 |        1.894 |          1.083 |     127 |     120 |       60 |
+--------+------------+--------------+------------+----------+------------+--------------+--------------+----------------+---------+---------+----------+
Test Performance Score (Strategy Return): 18.72%
---------------------------------------------------------------------------
Starting test 20
Trading Strategy Final Return: 9.23%
Buy and Hold Final Return: -3.24%
Total trades: 428
Average return per trade: 2.1567%
Median return per trade: -4.4462%
Standard deviation of returns: 68.0194%
Percentage of profitable trades: 47.43%
Largest gain: 387.43%
Largest loss: -203.12%
Sharpe Ratio: 0.5033
Maximum Drawdown: -25.86%
Top 5 largest losses:
              timestamp  entry_price          size  leverage  collateral   type symbol  tp_price  sl_price  liq_price         pnl  exit_price exit_reason    return  cumulative_return
22  2024-10-16 16:45:00       2.5640   8167.122031     108.5         193  short    WIF  2.488979   3.07680   2.579644 -392.022652      2.6120         liq -2.031205          -2.823267
87  2024-10-17 17:15:00       2.4820  11933.117912     118.0         251  short    WIF  2.408586   2.97840   2.495756 -405.725053      2.5160         liq -1.616434           3.408876
12  2024-10-16 08:30:00       1.4520  34132.230889     118.0         420   long    FET  1.480410   1.35036   1.443952 -580.250627      1.4350         liq -1.381549          -1.808058
106 2024-10-18 04:30:00       2.7030   1061.783177      70.0          41   long    WIF  2.764743   2.51379   2.676356  -56.274480      2.6500         liq -1.372548           1.932327
80  2024-10-17 14:30:00       0.2865  26998.254148      91.0          85  short      W  0.281535   0.34380   0.288622 -116.092446      0.2908         liq -1.365793           3.878155
Top 5 largest gains:
              timestamp  entry_price          size  leverage  collateral   type symbol  tp_price  sl_price  liq_price         pnl  exit_price exit_reason    return  cumulative_return
416 2024-10-23 19:30:00       2.4670   2104.580456     118.0          44   long    WIF  2.534760  2.294310   2.453327  170.471206      2.5480          tp  3.874346          10.075016
57  2024-10-17 05:00:00       2.6350   6768.880480      91.0         196  short    WIF  2.585460  3.162000   2.654516  629.505446      2.5420          tp  3.211762           9.171991
29  2024-10-16 20:00:00       2.6230   5169.272010      91.0         149   long    WIF  2.679410  2.439390   2.603572  372.187723      2.6950          tp  2.497904           1.867498
254 2024-10-20 16:30:00       0.3003  29863.469655     118.0          76   long      W  0.305450  0.279279   0.298636  176.194339      0.3062          tp  2.318347          -1.498137
133 2024-10-18 14:30:00       1.3980   3713.876962     118.0          44   long    FET  1.421316  1.300140   1.390252  100.274494      1.4250          tp  2.278966           5.730593
Testing Report
+--------+------------+--------------+------------+----------+------------+--------------+--------------+----------------+---------+---------+----------+
| Crypto | Num Trades | Win Rate (%) | Avg Profit | Avg Loss | Net Profit | Sharpe Ratio | Max Drawdown | Risk to Reward | Num Tps | Num Sls | Num Liqs |
+--------+------------+--------------+------------+----------+------------+--------------+--------------+----------------+---------+---------+----------+
| EOS    |         45 |        53.33 |      46.72 |   -21.20 |     676.27 |        1.844 |        3.322 |          1.185 |      13 |      16 |        2 |
| FET    |         40 |        37.50 |      68.00 |   -87.36 |  -1,164.03 |       -0.400 |       17.358 |          1.569 |      11 |      11 |       12 |
| FXS    |         41 |        36.59 |      42.23 |   -25.70 |     -34.71 |       -1.410 |        2.004 |          1.347 |       9 |      15 |        2 |
| GMT    |         41 |        53.66 |      20.72 |   -15.49 |     161.45 |       -0.334 |        1.120 |          0.817 |      14 |      16 |        1 |
| IMX    |         40 |        52.50 |      54.13 |   -26.91 |     625.29 |        3.741 |        0.377 |          1.667 |      15 |      16 |        2 |
| RARE   |         47 |        51.06 |      36.15 |   -33.33 |     100.88 |        0.432 |        2.211 |          1.024 |      18 |      12 |        3 |
| STX    |         43 |        58.14 |      25.44 |   -38.04 |     -48.81 |        3.389 |        0.811 |          1.224 |      18 |      11 |        2 |
| W      |         44 |        43.18 |      49.69 |   -56.08 |    -457.89 |       -0.064 |        5.498 |          1.302 |      13 |      13 |       10 |
| WIF    |         44 |        40.91 |     117.02 |   -83.47 |     -63.81 |       -0.406 |        2.537 |          1.356 |       9 |       2 |       23 |
| XRP    |         43 |        46.51 |      27.94 |   -26.62 |     -53.28 |        1.260 |        1.113 |          1.423 |      11 |      14 |        1 |
+--------+------------+--------------+------------+----------+------------+--------------+--------------+----------------+---------+---------+----------+
+--------+------------+--------------+------------+----------+------------+--------------+--------------+----------------+---------+---------+----------+
| Crypto | Num Trades | Win Rate (%) | Avg Profit | Avg Loss | Net Profit | Sharpe Ratio | Max Drawdown | Risk to Reward | Num Tps | Num Sls | Num Liqs |
+--------+------------+--------------+------------+----------+------------+--------------+--------------+----------------+---------+---------+----------+
| PF     |        428 |        47.43 |      46.70 |   -43.28 |    -258.64 |        0.504 |       10.454 |          1.213 |     131 |     126 |       58 |
+--------+------------+--------------+------------+----------+------------+--------------+--------------+----------------+---------+---------+----------+
Test Performance Score (Strategy Return): -5.17%
---------------------------------------------------------------------------
Starting test 21
Trading Strategy Final Return: -24.16%
Buy and Hold Final Return: -3.24%
Total trades: 436
Average return per trade: -5.5403%
Median return per trade: -9.0344%
Standard deviation of returns: 64.7103%
Percentage of profitable trades: 43.12%
Largest gain: 318.18%
Largest loss: -199.01%
Sharpe Ratio: -1.3591
Maximum Drawdown: -12.48%
Top 5 largest losses:
              timestamp  entry_price          size  leverage  collateral   type symbol  tp_price  sl_price  liq_price         pnl  exit_price exit_reason    return  cumulative_return
414 2024-10-23 17:00:00       2.4310   3543.397787     118.0          73   long    WIF  2.433000  2.405000   2.417526 -145.278917      2.3900         liq -1.990122         -19.925585
243 2024-10-20 13:15:00       0.1225  52979.590806     118.0          55  short   RARE  0.120235  0.147000   0.123179  -95.363299      0.1243         liq -1.733878          -9.587018
54  2024-10-17 00:15:00       0.5495   7324.840917      87.5          46  short    XRP  0.545766  0.553234   0.553758  -74.713551      0.5597         liq -1.624208          -1.164132
88  2024-10-17 17:15:00       2.4820   2139.403610     118.0          45  short    WIF  2.408586  2.978400   2.495756  -72.739551      2.5160         liq -1.616434          -3.799489
120 2024-10-18 09:30:00       2.6310   1931.584918     115.5          44  short    WIF  2.575246  3.157200   2.645898  -65.673732      2.6650         liq -1.492585          -6.853939
Top 5 largest gains:
              timestamp  entry_price          size  leverage  collateral   type symbol  tp_price  sl_price  liq_price         pnl  exit_price exit_reason    return  cumulative_return
293 2024-10-21 11:00:00       2.5960   4227.272799     118.0          93  short    WIF  2.545374   3.11520   2.610388  295.908814       2.526          tp  3.181815         -11.713300
210 2024-10-19 23:00:00       0.1212  70099.008322     118.0          72  short   RARE  0.118814   0.14544   0.121872  224.316968       0.118          tp  3.115513          -7.590731
103 2024-10-17 22:45:00       2.5520   1382.445116      84.0          42   long    WIF  2.601449   2.37336   2.531280  118.890233       2.638          tp  2.830720          -3.513131
244 2024-10-20 14:00:00       1.4240   5469.101028     118.0          66   long    FET  1.447013   1.32432   1.416108  180.480292       1.457          tp  2.734550          -8.098834
59  2024-10-17 04:45:00       2.6240   1573.932883      70.0          59  short    WIF  2.575015   3.14880   2.649865  129.062523       2.542          tp  2.187500           0.051793
Testing Report
+--------+------------+--------------+------------+----------+------------+--------------+--------------+----------------+---------+---------+----------+
| Crypto | Num Trades | Win Rate (%) | Avg Profit | Avg Loss | Net Profit | Sharpe Ratio | Max Drawdown | Risk to Reward | Num Tps | Num Sls | Num Liqs |
+--------+------------+--------------+------------+----------+------------+--------------+--------------+----------------+---------+---------+----------+
| EOS    |         42 |        38.10 |      23.30 |   -18.36 |    -104.48 |       -0.980 |        4.640 |          1.386 |      11 |      16 |        2 |
| FET    |         40 |        30.00 |      65.75 |   -53.93 |    -721.05 |       -4.319 |       -0.000 |          1.250 |       8 |       8 |       17 |
| FXS    |         45 |        51.11 |      25.63 |   -23.47 |      73.21 |       -0.501 |        1.468 |          0.844 |      15 |      12 |        3 |
| GMT    |         41 |        46.34 |      30.89 |   -21.20 |     120.61 |        1.908 |        1.299 |          1.579 |      12 |      14 |        0 |
| IMX    |         42 |        50.00 |      36.85 |   -37.89 |     -21.67 |        0.641 |        3.200 |          1.047 |      11 |      11 |        4 |
| RARE   |         45 |        55.56 |      31.65 |   -25.21 |     287.02 |        1.452 |        0.762 |          1.071 |      17 |      12 |        2 |
| STX    |         47 |        53.19 |      29.70 |   -30.54 |      70.52 |       -0.105 |        1.046 |          0.865 |      12 |      13 |        5 |
| W      |         43 |        37.21 |      67.57 |   -37.40 |      71.37 |       -1.192 |        3.746 |          1.412 |      11 |      17 |        6 |
| WIF    |         46 |        30.43 |      81.61 |   -63.00 |    -873.32 |       -4.129 |       64.058 |          1.207 |       8 |       8 |       21 |
| XRP    |         45 |        37.78 |      21.42 |   -23.94 |    -306.11 |       -2.454 |       -0.000 |          1.044 |      10 |      16 |        4 |
+--------+------------+--------------+------------+----------+------------+--------------+--------------+----------------+---------+---------+----------+
+--------+------------+--------------+------------+----------+------------+--------------+--------------+----------------+---------+---------+----------+
| Crypto | Num Trades | Win Rate (%) | Avg Profit | Avg Loss | Net Profit | Sharpe Ratio | Max Drawdown | Risk to Reward | Num Tps | Num Sls | Num Liqs |
+--------+------------+--------------+------------+----------+------------+--------------+--------------+----------------+---------+---------+----------+
| PF     |        436 |        43.12 |      38.48 |   -34.83 |  -1,403.90 |       -1.361 |       33.489 |          1.036 |     115 |     127 |       64 |
+--------+------------+--------------+------------+----------+------------+--------------+--------------+----------------+---------+---------+----------+
Test Performance Score (Strategy Return): -28.08%
---------------------------------------------------------------------------
Starting test 22
Trading Strategy Final Return: 6.33%
Buy and Hold Final Return: -3.24%
Total trades: 438
Average return per trade: 1.4441%
Median return per trade: -8.7999%
Standard deviation of returns: 68.3855%
Percentage of profitable trades: 44.75%
Largest gain: 360.90%
Largest loss: -200.43%
Sharpe Ratio: 0.3352
Maximum Drawdown: -35.63%
Top 5 largest losses:
              timestamp  entry_price          size  leverage  collateral   type symbol  tp_price  sl_price  liq_price         pnl  exit_price exit_reason    return  cumulative_return
403 2024-10-23 09:30:00       0.2766  22548.806677     115.5          54   long      W  0.281027  0.257238   0.275034 -108.234088      0.2718         liq -2.004335           2.489448
9   2024-10-16 11:30:00       2.6290   7316.089911     118.0         163   long    WIF  2.694048  2.444970   2.614429 -248.746471      2.5950         liq -1.526052          -4.495025
203 2024-10-19 23:30:00       2.6460   2675.737054     118.0          60  short    WIF  2.610987  3.175200   2.660665  -90.975483      2.6800         liq -1.516258           4.718318
20  2024-10-16 17:30:00       2.5720   5271.772885      91.0         149  short    WIF  2.503454  3.086400   2.591050 -210.870714      2.6120         liq -1.415240          -5.874976
346 2024-10-22 11:45:00       2.0690   2649.105841     101.5          54  short    FXS  2.046255  2.482800   2.082576  -74.174640      2.0970         liq -1.373604           4.694942
Top 5 largest gains:
              timestamp  entry_price          size  leverage  collateral   type symbol  tp_price  sl_price  liq_price         pnl  exit_price exit_reason    return  cumulative_return
78  2024-10-17 19:15:00       2.4730   2441.366712      87.5          69   long    WIF  2.538188   2.29989   2.453838  249.019400      2.5750          tp  3.608977           2.842214
74  2024-10-17 15:45:00       1.8940   4318.637682      66.5         123  short    STX  1.845878   2.27280   1.913766  354.128364      1.8120          tp  2.879092          -2.577834
52  2024-10-17 03:15:00       2.6290   4393.305525      77.0         150  short    WIF  2.578134   3.15480   2.652422  382.217111      2.5420          tp  2.548114          -4.559344
242 2024-10-20 15:15:00       1.4290   3963.610861     118.0          48   long    FET  1.452865   1.32897   1.421080  110.981093      1.4570          tp  2.312106          12.644370
220 2024-10-20 05:15:00       0.1416  36384.181336      80.5          64  short    GMT  0.138099   0.16992   0.142800  138.260061      0.1378          tp  2.160313           8.055387
Testing Report
+--------+------------+--------------+------------+----------+------------+--------------+--------------+----------------+---------+---------+----------+
| Crypto | Num Trades | Win Rate (%) | Avg Profit | Avg Loss | Net Profit | Sharpe Ratio | Max Drawdown | Risk to Reward | Num Tps | Num Sls | Num Liqs |
+--------+------------+--------------+------------+----------+------------+--------------+--------------+----------------+---------+---------+----------+
| EOS    |         41 |        43.90 |      24.53 |   -19.23 |      -0.71 |       -0.670 |        3.057 |          1.157 |       9 |      17 |        1 |
| FET    |         47 |        44.68 |      76.87 |   -54.98 |     184.96 |        2.047 |        2.557 |          1.674 |      11 |       9 |       16 |
| FXS    |         46 |        43.48 |      39.12 |   -29.52 |      14.78 |       -0.044 |        2.764 |          1.291 |      11 |      17 |        5 |
| GMT    |         43 |        37.21 |      24.89 |   -13.37 |      37.22 |        0.067 |       11.895 |          1.711 |      11 |      16 |        0 |
| IMX    |         44 |        45.45 |      37.13 |   -30.59 |       8.32 |        0.670 |       13.653 |          1.339 |       9 |      15 |        4 |
| RARE   |         41 |        58.54 |      33.29 |   -29.46 |     298.24 |        2.888 |        2.680 |          1.147 |      16 |      15 |        2 |
| STX    |         41 |        60.98 |      33.49 |   -24.92 |     438.50 |        3.064 |        0.335 |          1.191 |      17 |       9 |        2 |
| W      |         46 |        30.43 |      48.60 |   -36.18 |    -477.29 |       -1.648 |        3.888 |          1.730 |      11 |      16 |        8 |
| WIF    |         42 |        30.95 |      92.76 |   -66.22 |    -714.59 |       -2.481 |       37.629 |          1.531 |       8 |       4 |       22 |
| XRP    |         47 |        53.19 |      28.96 |   -18.05 |     326.87 |        2.630 |        1.671 |          1.302 |      13 |      11 |        2 |
+--------+------------+--------------+------------+----------+------------+--------------+--------------+----------------+---------+---------+----------+
+--------+------------+--------------+------------+----------+------------+--------------+--------------+----------------+---------+---------+----------+
| Crypto | Num Trades | Win Rate (%) | Avg Profit | Avg Loss | Net Profit | Sharpe Ratio | Max Drawdown | Risk to Reward | Num Tps | Num Sls | Num Liqs |
+--------+------------+--------------+------------+----------+------------+--------------+--------------+----------------+---------+---------+----------+
| PF     |        438 |        44.75 |      41.97 |   -33.51 |     116.28 |        0.336 |        1.115 |          1.305 |     116 |     129 |       62 |
+--------+------------+--------------+------------+----------+------------+--------------+--------------+----------------+---------+---------+----------+
Test Performance Score (Strategy Return): 2.33%
---------------------------------------------------------------------------
Starting test 23
Trading Strategy Final Return: -6.94%
Buy and Hold Final Return: -3.24%
Total trades: 434
Average return per trade: -1.5981%
Median return per trade: -8.3388%
Standard deviation of returns: 66.1908%
Percentage of profitable trades: 43.78%
Largest gain: 283.33%
Largest loss: -214.30%
Sharpe Ratio: -0.3833
Maximum Drawdown: -2.52%
Top 5 largest losses:
              timestamp  entry_price          size  leverage  collateral   type symbol  tp_price  sl_price  liq_price         pnl  exit_price exit_reason    return  cumulative_return
9   2024-10-16 11:15:00        2.643  10313.280802     118.0         231   long    WIF  2.705892   2.45799   2.628351 -495.036023       2.595         liq -2.143013          -0.090670
105 2024-10-18 01:15:00        2.587   3352.532029      73.5         118  short    WIF  2.535010   3.10440   2.611286 -170.979530       2.638         liq -1.448979          -0.609999
155 2024-10-19 00:00:00        1.566   5140.485363      87.5          92  short    IMX  1.548926   1.87920   1.578134 -128.512012       1.591         liq -1.396870           1.370731
416 2024-10-23 19:00:00        1.305   5696.551953     118.0          63  short    FET  1.280241   1.56600   1.312233  -85.448877       1.320         liq -1.356331          -5.746317
252 2024-10-20 16:30:00        2.647   1877.597227      70.0          71  short    WIF  2.596290   3.17640   2.673092  -93.879772       2.697         liq -1.322250           0.965391
Top 5 largest gains:
              timestamp  entry_price          size  leverage  collateral  type symbol  tp_price  sl_price  liq_price         pnl  exit_price exit_reason    return  cumulative_return
249 2024-10-20 15:00:00       0.2957  27135.609164     118.0          68  long      W  0.300877  0.275001   0.294061  192.662447      0.3028          tp  2.833271           2.458013
394 2024-10-23 09:00:00       2.3590   3301.398943     118.0          66  long    WIF  2.407699  2.193870   2.345926  161.768630      2.4080          tp  2.451040           0.831220
161 2024-10-19 00:45:00       2.6820   3288.590700     105.0          84  long    WIF  2.725925  2.494260   2.665091  203.892743      2.7440          tp  2.427295           3.798026
6   2024-10-16 09:00:00       1.8370   2103.429490      84.0          46  long    STX  1.877470  1.708410   1.822085  107.274902      1.8880          tp  2.332063           2.793005
109 2024-10-18 02:15:00       1.3690  10257.122301     118.0         119  long    FET  1.389435  1.273170   1.361412  276.943016      1.3960          tp  2.327252           1.733444
Testing Report
+--------+------------+--------------+------------+----------+------------+--------------+--------------+----------------+---------+---------+----------+
| Crypto | Num Trades | Win Rate (%) | Avg Profit | Avg Loss | Net Profit | Sharpe Ratio | Max Drawdown | Risk to Reward | Num Tps | Num Sls | Num Liqs |
+--------+------------+--------------+------------+----------+------------+--------------+--------------+----------------+---------+---------+----------+
| EOS    |         41 |        43.90 |      18.71 |   -31.03 |    -376.86 |       -3.295 |        9.694 |          0.766 |       8 |      17 |        4 |
| FET    |         44 |        40.91 |      86.59 |   -62.99 |     -79.10 |        1.255 |        0.605 |          1.761 |      11 |      14 |        8 |
| FXS    |         41 |        51.22 |      31.91 |   -31.77 |      34.64 |       -0.362 |        5.416 |          0.897 |      10 |      17 |        1 |
| GMT    |         43 |        37.21 |      13.99 |   -18.34 |    -271.29 |       -4.781 |       -0.000 |          0.745 |      11 |      17 |        2 |
| IMX    |         43 |        37.21 |      30.09 |   -48.46 |    -826.80 |       -6.433 |       -0.000 |          0.632 |      10 |      11 |       11 |
| RARE   |         48 |        54.17 |      52.18 |   -24.94 |     807.86 |        2.194 |        0.871 |          1.165 |      20 |      11 |        5 |
| STX    |         45 |        55.56 |      29.60 |   -20.88 |     322.47 |        3.222 |        0.417 |          1.464 |      17 |      15 |        2 |
| W      |         40 |        47.50 |      66.08 |   -39.02 |     435.92 |        2.941 |        2.002 |          1.700 |      16 |       7 |        8 |
| WIF    |         43 |        34.88 |      87.44 |   -84.70 |  -1,059.94 |       -2.014 |        5.109 |          1.392 |       9 |       5 |       21 |
| XRP    |         46 |        34.78 |      40.81 |   -20.74 |      30.65 |       -0.229 |        3.388 |          1.805 |      12 |      18 |        0 |
+--------+------------+--------------+------------+----------+------------+--------------+--------------+----------------+---------+---------+----------+
+--------+------------+--------------+------------+----------+------------+--------------+--------------+----------------+---------+---------+----------+
| Crypto | Num Trades | Win Rate (%) | Avg Profit | Avg Loss | Net Profit | Sharpe Ratio | Max Drawdown | Risk to Reward | Num Tps | Num Sls | Num Liqs |
+--------+------------+--------------+------------+----------+------------+--------------+--------------+----------------+---------+---------+----------+
| PF     |        434 |        43.78 |      45.20 |   -39.22 |    -982.44 |       -0.384 |        3.451 |          1.191 |     124 |     132 |       62 |
+--------+------------+--------------+------------+----------+------------+--------------+--------------+----------------+---------+---------+----------+
Test Performance Score (Strategy Return): -19.65%
---------------------------------------------------------------------------
Starting test 24
Trading Strategy Final Return: 6.05%
Buy and Hold Final Return: -3.24%
Total trades: 427
Average return per trade: 1.4165%
Median return per trade: -3.4469%
Standard deviation of returns: 71.6195%
Percentage of profitable trades: 47.54%
Largest gain: 409.10%
Largest loss: -200.43%
Sharpe Ratio: 0.3140
Maximum Drawdown: -7.17%
Top 5 largest losses:
              timestamp  entry_price          size  leverage  collateral   type symbol  tp_price  sl_price  liq_price        pnl  exit_price exit_reason    return  cumulative_return
390 2024-10-23 09:30:00       0.2766  20043.383713     115.5          48   long      W  0.281027  0.257238   0.275034 -96.208078      0.2718         liq -2.004335           8.553521
67  2024-10-17 10:45:00       2.5480   1780.219712      94.5          48  short    WIF  2.495445  3.057600   2.566173 -87.230386      2.5970         liq -1.817300           4.029145
204 2024-10-19 22:45:00       0.2883  11654.526228      70.0          48  short      W  0.285453  0.345960   0.291142 -86.243565      0.2957         liq -1.796741          10.228027
95  2024-10-18 01:15:00       2.5870   1335.330554      73.5          47  short    WIF  2.535010  3.104400   2.611286 -68.102016      2.6380         liq -1.448979           4.548853
263 2024-10-21 00:45:00       2.7300   1633.333322      91.0          49   long    WIF  2.793744  2.538900   2.709780 -66.966875      2.6890         liq -1.366671           9.027770
Top 5 largest gains:
              timestamp  entry_price         size  leverage  collateral   type symbol  tp_price  sl_price  liq_price         pnl  exit_price exit_reason    return  cumulative_return
279 2024-10-21 07:15:00        2.221  2443.944218     118.0          46   long    FXS  2.270226   2.06553   2.208690  188.184050       2.298          tp  4.090958          12.292878
15  2024-10-16 11:30:00        2.629  2468.619295     118.0          55  short    WIF  2.563952   3.15480   2.643571  197.489355       2.549          tp  3.590716           1.810817
25  2024-10-16 15:45:00        2.538  3693.065250      91.0         103   long    WIF  2.614834   2.36034   2.519202  313.909807       2.623          tp  3.047668           6.308752
78  2024-10-17 15:45:00        1.894  1615.100271      66.5          46  short    STX  1.845878   2.27280   1.913766  132.438250       1.812          tp  2.879092           4.571884
300 2024-10-21 13:30:00        1.380  4275.362334     118.0          50   long    FET  1.404229   1.28340   1.372352  123.985695       1.409          tp  2.479714          13.780806
Testing Report
+--------+------------+--------------+------------+----------+------------+--------------+--------------+----------------+---------+---------+----------+
| Crypto | Num Trades | Win Rate (%) | Avg Profit | Avg Loss | Net Profit | Sharpe Ratio | Max Drawdown | Risk to Reward | Num Tps | Num Sls | Num Liqs |
+--------+------------+--------------+------------+----------+------------+--------------+--------------+----------------+---------+---------+----------+
| EOS    |         42 |        52.38 |      21.30 |   -22.55 |      17.58 |        0.183 |        4.019 |          0.935 |      14 |      14 |        2 |
| FET    |         41 |        48.78 |      51.71 |   -30.08 |     402.63 |        2.939 |        1.704 |          1.622 |      13 |       8 |       10 |
| FXS    |         42 |        50.00 |      28.22 |   -20.76 |     156.71 |        2.314 |        3.210 |          1.623 |      16 |      14 |        3 |
| GMT    |         40 |        50.00 |      10.44 |   -10.67 |      -4.55 |       -0.766 |        2.174 |          0.850 |      12 |      14 |        0 |
| IMX    |         43 |        41.86 |      31.65 |   -46.93 |    -603.58 |       -1.707 |        4.916 |          1.073 |      13 |      13 |       10 |
| RARE   |         41 |        48.78 |      20.84 |   -17.00 |      59.75 |        0.112 |        3.522 |          1.018 |      16 |      11 |        3 |
| STX    |         40 |        50.00 |      25.38 |   -24.48 |      18.00 |        2.439 |        0.394 |          1.632 |      13 |      11 |        3 |
| W      |         45 |        40.00 |      42.96 |   -39.61 |    -296.09 |       -2.147 |        3.121 |          1.022 |      10 |      10 |       11 |
| WIF    |         44 |        34.09 |      82.19 |   -49.13 |    -191.76 |       -1.478 |        1.763 |          1.551 |      10 |       5 |       23 |
| XRP    |         49 |        59.18 |      16.62 |   -10.54 |     270.96 |        4.387 |        0.312 |          1.381 |      15 |       9 |        1 |
+--------+------------+--------------+------------+----------+------------+--------------+--------------+----------------+---------+---------+----------+
+--------+------------+--------------+------------+----------+------------+--------------+--------------+----------------+---------+---------+----------+
| Crypto | Num Trades | Win Rate (%) | Avg Profit | Avg Loss | Net Profit | Sharpe Ratio | Max Drawdown | Risk to Reward | Num Tps | Num Sls | Num Liqs |
+--------+------------+--------------+------------+----------+------------+--------------+--------------+----------------+---------+---------+----------+
| PF     |        427 |        47.54 |      30.97 |   -28.82 |    -170.36 |        0.314 |        9.749 |          1.141 |     132 |     109 |       66 |
+--------+------------+--------------+------------+----------+------------+--------------+--------------+----------------+---------+---------+----------+
Test Performance Score (Strategy Return): -3.41%
---------------------------------------------------------------------------
Starting test 25
Trading Strategy Final Return: -19.13%
Buy and Hold Final Return: -3.24%
Total trades: 436
Average return per trade: -4.3873%
Median return per trade: -8.6396%
Standard deviation of returns: 63.3704%
Percentage of profitable trades: 42.89%
Largest gain: 326.94%
Largest loss: -196.95%
Sharpe Ratio: -1.0990
Maximum Drawdown: -4.54%
Top 5 largest losses:
              timestamp  entry_price          size  leverage  collateral   type symbol  tp_price  sl_price  liq_price         pnl  exit_price exit_reason    return  cumulative_return
281 2024-10-21 07:30:00        2.216   4397.111754     101.5          96  short    FXS  2.166236   2.65920   2.230541 -189.075730      2.2590         liq -1.969539         -15.207653
348 2024-10-22 11:30:00        0.279  35949.818976     118.0          85   long      W  0.280800   0.27770   0.277454 -165.369824      0.2744         liq -1.945527         -19.860630
158 2024-10-19 01:00:00        2.687   1490.137680      77.0          52  short    WIF  2.643294   3.22440   2.710939  -84.937731      2.7440         liq -1.633418          -1.597618
107 2024-10-18 03:15:00        2.687   2327.502760     118.0          53  short    WIF  2.624593   3.22440   2.701892  -74.480239      2.7190         liq -1.405288           3.626527
340 2024-10-22 08:45:00        1.369   6636.961489     118.0          77   long    FET  1.389552   1.27317   1.361412 -106.190808      1.3530         liq -1.379101         -16.016738
Top 5 largest gains:
              timestamp  entry_price          size  leverage  collateral   type symbol  tp_price  sl_price  liq_price         pnl  exit_price exit_reason    return  cumulative_return
355 2024-10-22 14:15:00       0.2743  36995.988577     118.0          86   long      W  0.280120  0.255099   0.272780  281.168760      0.2819          tp  3.269404         -16.023000
33  2024-10-16 15:45:00       2.5380   7135.145484      91.0         199   long    WIF  2.614834  2.360340   2.519202  606.485937      2.6230          tp  3.047668           1.647419
35  2024-10-16 20:00:00       2.6230   6765.154644      91.0         195   long    WIF  2.679410  2.439390   2.603572  487.091315      2.6950          tp  2.497904           2.749044
21  2024-10-16 11:30:00       1.4600  13012.328427     118.0         161  short    FET  1.431316  1.752000   1.468092  390.371032      1.4300          tp  2.424665          -0.287947
88  2024-10-17 19:45:00       2.4940   1487.570193      70.0          53   long    WIF  2.554713  2.319420   2.469416  120.493319      2.5750          tp  2.273459           4.338540
Testing Report
+--------+------------+--------------+------------+----------+------------+--------------+--------------+----------------+---------+---------+----------+
| Crypto | Num Trades | Win Rate (%) | Avg Profit | Avg Loss | Net Profit | Sharpe Ratio | Max Drawdown | Risk to Reward | Num Tps | Num Sls | Num Liqs |
+--------+------------+--------------+------------+----------+------------+--------------+--------------+----------------+---------+---------+----------+
| EOS    |         42 |        33.33 |      29.54 |   -26.24 |    -321.05 |       -3.802 |        4.972 |          1.126 |       7 |      22 |        1 |
| FET    |         43 |        34.88 |      79.72 |   -45.57 |     -80.01 |       -1.682 |        3.983 |          1.325 |      11 |       7 |       15 |
| FXS    |         44 |        40.91 |      24.37 |   -37.01 |    -523.47 |       -1.571 |       -0.000 |          1.042 |      13 |      19 |        2 |
| GMT    |         44 |        45.45 |      19.76 |   -16.10 |       8.99 |       -2.331 |        4.651 |          0.813 |      13 |      13 |        1 |
| IMX    |         43 |        41.86 |      34.21 |   -36.38 |    -293.74 |       -2.715 |        2.825 |          0.882 |      10 |      14 |        6 |
| RARE   |         40 |        55.00 |      45.20 |   -25.42 |     536.81 |        3.604 |        1.242 |          1.505 |      16 |      10 |        3 |
| STX    |         44 |        54.55 |      14.21 |   -31.25 |    -284.01 |       -0.334 |       14.872 |          0.748 |      10 |      11 |        2 |
| W      |         49 |        44.90 |      51.54 |   -48.80 |    -183.91 |       -1.730 |       10.869 |          0.916 |      13 |       9 |       12 |
| WIF    |         46 |        36.96 |     113.61 |   -51.73 |     431.22 |       -1.042 |        1.569 |          1.455 |      10 |       6 |       20 |
| XRP    |         41 |        41.46 |      15.66 |   -18.76 |    -184.02 |       -1.504 |        5.673 |          1.104 |      10 |      17 |        1 |
+--------+------------+--------------+------------+----------+------------+--------------+--------------+----------------+---------+---------+----------+
+--------+------------+--------------+------------+----------+------------+--------------+--------------+----------------+---------+---------+----------+
| Crypto | Num Trades | Win Rate (%) | Avg Profit | Avg Loss | Net Profit | Sharpe Ratio | Max Drawdown | Risk to Reward | Num Tps | Num Sls | Num Liqs |
+--------+------------+--------------+------------+----------+------------+--------------+--------------+----------------+---------+---------+----------+
| PF     |        436 |        42.89 |      41.31 |   -34.61 |    -893.21 |       -1.100 |        4.763 |          1.073 |     113 |     128 |       63 |
+--------+------------+--------------+------------+----------+------------+--------------+--------------+----------------+---------+---------+----------+
Test Performance Score (Strategy Return): -17.86%
---------------------------------------------------------------------------
Starting test 26
Trading Strategy Final Return: 4.43%
Buy and Hold Final Return: -3.24%
Total trades: 448
Average return per trade: 0.9894%
Median return per trade: -5.0672%
Standard deviation of returns: 64.7803%
Percentage of profitable trades: 45.76%
Largest gain: 308.06%
Largest loss: -185.13%
Sharpe Ratio: 0.2424
Maximum Drawdown: -1.85%
Top 5 largest losses:
              timestamp  entry_price         size  leverage  collateral   type symbol  tp_price  sl_price  liq_price        pnl  exit_price exit_reason    return  cumulative_return
110 2024-10-18 03:45:00        2.677  2336.197196     118.0          53  short    WIF  2.616252   3.21240   2.691837 -98.120411       2.719         liq -1.851329           0.650404
349 2024-10-22 10:15:00        2.471  2141.643098      98.0          54   long    WIF  2.520528   2.29803   2.454106 -81.382156       2.433         liq -1.507077          -1.360360
78  2024-10-17 15:45:00        1.397  4223.335855     118.0          50   long    FET  1.423752   1.29921   1.389257 -71.796540       1.380         liq -1.435931           0.877208
289 2024-10-21 12:00:00        2.601  1668.588959      70.0          62   long    WIF  2.647136   2.57844   2.575362 -85.098234       2.550         liq -1.372552           0.735330
139 2024-10-18 16:00:00        1.404  4034.187908     118.0          48  short    FET  1.381627   1.68480   1.411782 -64.546656       1.420         liq -1.344722          -4.458357
Top 5 largest gains:
              timestamp  entry_price          size  leverage  collateral   type symbol  tp_price  sl_price  liq_price          pnl  exit_price exit_reason    return  cumulative_return
11  2024-10-16 11:15:00        2.643  14733.258289     118.0         330  short    WIF  2.580107   3.17160   2.657648  1016.594906       2.574          tp  3.080591           3.542807
297 2024-10-21 09:15:00        2.240   3149.999987      98.0          72  short    FXS  2.174183   2.68800   2.255314   220.499789       2.170          tp  3.062497           0.033096
281 2024-10-21 06:30:00        2.700   3214.814758     108.5          80  short    WIF  2.640199   3.24000   2.716474   202.533213       2.637          tp  2.531665          -4.100185
357 2024-10-22 14:00:00        1.365   4927.472493     118.0          57  short    FET  1.339162   1.63800   1.372565   133.041513       1.338          tp  2.334062           1.832995
70  2024-10-17 11:45:00        1.365  17980.952255     118.0         208   long    FET  1.387046   1.26945   1.357435   449.523378       1.390          tp  2.161170           5.599323
Testing Report
+--------+------------+--------------+------------+----------+------------+--------------+--------------+----------------+---------+---------+----------+
| Crypto | Num Trades | Win Rate (%) | Avg Profit | Avg Loss | Net Profit | Sharpe Ratio | Max Drawdown | Risk to Reward | Num Tps | Num Sls | Num Liqs |
+--------+------------+--------------+------------+----------+------------+--------------+--------------+----------------+---------+---------+----------+
| EOS    |         46 |        39.13 |      33.77 |   -72.26 |  -1,415.59 |       -3.105 |        4.219 |          0.896 |      10 |      23 |        2 |
| FET    |         46 |        56.52 |     112.18 |   -56.51 |   1,786.45 |        3.674 |        1.199 |          1.309 |      18 |       9 |       11 |
| FXS    |         42 |        45.24 |      52.03 |   -31.15 |     272.20 |        1.897 |        5.307 |          1.707 |      12 |      17 |        2 |
| GMT    |         44 |        40.91 |      22.91 |   -14.25 |      41.84 |       -1.951 |        5.011 |          1.066 |       9 |      15 |        0 |
| IMX    |         44 |        40.91 |      52.08 |   -67.81 |    -825.52 |       -1.748 |       11.832 |          1.100 |      13 |      14 |        6 |
| RARE   |         45 |        57.78 |      71.93 |   -31.40 |   1,273.54 |        3.984 |        1.289 |          1.382 |      24 |      15 |        1 |
| STX    |         45 |        51.11 |      25.46 |   -33.33 |    -147.51 |        0.943 |       11.457 |          1.059 |      13 |      14 |        2 |
| W      |         45 |        37.78 |      49.37 |   -46.35 |    -458.38 |       -2.869 |        3.032 |          1.058 |      11 |      17 |        9 |
| WIF    |         46 |        36.96 |     143.66 |   -92.41 |    -237.62 |       -2.508 |        2.597 |          1.162 |      10 |       6 |       21 |
| XRP    |         45 |        51.11 |      43.23 |   -32.37 |     282.16 |        3.691 |        1.036 |          1.815 |      16 |      15 |        0 |
+--------+------------+--------------+------------+----------+------------+--------------+--------------+----------------+---------+---------+----------+
+--------+------------+--------------+------------+----------+------------+--------------+--------------+----------------+---------+---------+----------+
| Crypto | Num Trades | Win Rate (%) | Avg Profit | Avg Loss | Net Profit | Sharpe Ratio | Max Drawdown | Risk to Reward | Num Tps | Num Sls | Num Liqs |
+--------+------------+--------------+------------+----------+------------+--------------+--------------+----------------+---------+---------+----------+
| PF     |        448 |        45.76 |      61.44 |   -49.48 |     571.57 |        0.243 |        1.918 |          1.221 |     136 |     145 |       54 |
+--------+------------+--------------+------------+----------+------------+--------------+--------------+----------------+---------+---------+----------+
Test Performance Score (Strategy Return): 11.43%
---------------------------------------------------------------------------
Starting test 27
Trading Strategy Final Return: -24.20%
Buy and Hold Final Return: -3.24%
Total trades: 435
Average return per trade: -5.5632%
Median return per trade: -9.8451%
Standard deviation of returns: 64.1418%
Percentage of profitable trades: 42.53%
Largest gain: 387.43%
Largest loss: -201.89%
Sharpe Ratio: -1.3768
Maximum Drawdown: -4.98%
Top 5 largest losses:
              timestamp  entry_price          size  leverage  collateral   type symbol  tp_price  sl_price  liq_price         pnl  exit_price exit_reason    return  cumulative_return
277 2024-10-21 07:15:00        2.221   4569.113102     118.0          86  short    FXS  2.171774   2.66520   2.233310 -173.626786       2.259         liq -2.018916         -10.177540
346 2024-10-22 10:30:00        2.469   3966.788011     118.0          83   long    WIF  2.517422   2.29617   2.455316 -142.804421       2.433         liq -1.720535         -18.880355
292 2024-10-21 10:15:00        2.604   2602.150446      77.0          88   long    WIF  2.658627   2.42172   2.580801 -140.516486       2.550         liq -1.596778         -12.573211
20  2024-10-16 13:30:00        2.566   4276.695271     118.0          93  short    WIF  2.492799   3.07920   2.580222 -136.854526       2.598         liq -1.471554          -1.424780
79  2024-10-17 13:00:00        1.377  26993.464557     118.0         315   long    FET  1.399233   1.28061   1.369368 -458.887816       1.360         liq -1.456787           1.841560
Top 5 largest gains:
              timestamp  entry_price          size  leverage  collateral   type symbol  tp_price  sl_price  liq_price         pnl  exit_price exit_reason    return  cumulative_return
420 2024-10-23 19:30:00       2.4670   2869.882439     118.0          60   long    WIF  2.534760   2.29431   2.453327  232.460735      2.5480          tp  3.874346         -23.323476
279 2024-10-21 06:15:00       2.7000   3977.036967     118.0          91  short    WIF  2.639789   3.24000   2.714964  250.553185      2.6370          tp  2.753332          -9.370448
260 2024-10-20 21:15:00       2.6930   2631.823169      87.5          81   long    WIF  2.740835   2.50449   2.672133  221.072810      2.7770          tp  2.729294         -11.870736
21  2024-10-16 12:30:00       1.4530  21196.146642     118.0         261  short    FET  1.422724   1.74360   1.461053  657.078403      1.4220          tp  2.517542           1.482325
221 2024-10-20 05:00:00       0.1441  61936.157384      87.5         102  short    GMT  0.140906   0.17292   0.145217  241.550488      0.1402          tp  2.368142          -7.286316
Testing Report
+--------+------------+--------------+------------+----------+------------+--------------+--------------+----------------+---------+---------+----------+
| Crypto | Num Trades | Win Rate (%) | Avg Profit | Avg Loss | Net Profit | Sharpe Ratio | Max Drawdown | Risk to Reward | Num Tps | Num Sls | Num Liqs |
+--------+------------+--------------+------------+----------+------------+--------------+--------------+----------------+---------+---------+----------+
| EOS    |         42 |        47.62 |      45.37 |   -25.94 |     336.80 |        0.594 |        1.186 |          1.210 |      14 |      13 |        2 |
| FET    |         45 |        33.33 |     139.00 |   -62.19 |     219.28 |       -0.199 |        1.083 |          1.941 |      10 |      10 |       15 |
| FXS    |         46 |        41.30 |      17.98 |   -50.45 |  -1,020.43 |       -6.195 |       14.024 |          0.477 |       8 |      18 |        6 |
| GMT    |         41 |        48.78 |      51.97 |   -16.19 |     699.38 |        2.536 |        0.450 |          1.727 |      14 |      15 |        0 |
| IMX    |         39 |        38.46 |      32.68 |   -55.22 |    -835.18 |       -5.092 |       12.680 |          0.740 |       8 |      14 |        6 |
| RARE   |         46 |        50.00 |      45.14 |   -50.02 |    -112.29 |        0.885 |        2.486 |          1.142 |      18 |      12 |        6 |
| STX    |         50 |        60.00 |      25.77 |   -65.34 |    -533.69 |        1.493 |        0.200 |          0.842 |      20 |      11 |        2 |
| W      |         40 |        32.50 |      77.83 |   -44.14 |    -180.04 |       -3.276 |        5.057 |          1.221 |       8 |      13 |       10 |
| WIF    |         40 |        30.00 |      95.18 |   -92.73 |  -1,454.27 |       -2.843 |      122.158 |          1.480 |       6 |       2 |       22 |
| XRP    |         46 |        39.13 |      45.60 |   -25.92 |      94.96 |       -1.584 |        7.456 |          1.166 |       7 |      17 |        1 |
+--------+------------+--------------+------------+----------+------------+--------------+--------------+----------------+---------+---------+----------+
+--------+------------+--------------+------------+----------+------------+--------------+--------------+----------------+---------+---------+----------+
| Crypto | Num Trades | Win Rate (%) | Avg Profit | Avg Loss | Net Profit | Sharpe Ratio | Max Drawdown | Risk to Reward | Num Tps | Num Sls | Num Liqs |
+--------+------------+--------------+------------+----------+------------+--------------+--------------+----------------+---------+---------+----------+
| PF     |        435 |        42.53 |      52.16 |   -49.74 |  -2,785.49 |       -1.378 |        5.592 |          1.047 |     113 |     125 |       70 |
+--------+------------+--------------+------------+----------+------------+--------------+--------------+----------------+---------+---------+----------+
Test Performance Score (Strategy Return): -55.71%
---------------------------------------------------------------------------
Starting test 28
Trading Strategy Final Return: -2.08%
Buy and Hold Final Return: -3.24%
Total trades: 432
Average return per trade: -0.4821%
Median return per trade: -6.0766%
Standard deviation of returns: 66.0528%
Percentage of profitable trades: 47.22%
Largest gain: 289.00%
Largest loss: -195.85%
Sharpe Ratio: -0.1159
Maximum Drawdown: -295.05%
Top 5 largest losses:
              timestamp  entry_price          size  leverage  collateral   type symbol  tp_price  sl_price  liq_price         pnl  exit_price exit_reason    return  cumulative_return
20  2024-10-16 14:00:00        1.446   9874.135683     118.0         121   long    FET  1.478057   1.34478   1.437986 -236.978560      1.4220         liq -1.958500          -5.531981
344 2024-10-22 11:30:00        0.279  21569.891386     118.0          51   long      W  0.280800   0.27770   0.277454  -99.221894      0.2744         liq -1.945527          -5.530906
11  2024-10-16 10:30:00        1.543  20063.188817     101.5         305  short    IMX  1.520418   1.85160   1.553124 -481.517507      1.5670         liq -1.578746          -3.232223
84  2024-10-17 16:15:00        1.382   9573.082701      98.0         135   long    FET  1.410336   1.28526   1.372552 -210.607390      1.3600         liq -1.560055          -4.765723
240 2024-10-20 13:00:00        1.394   6266.857723     112.0          78  short    FET  1.384000   1.39800   1.402190 -119.069884      1.4130         liq -1.526537          -5.346211
Top 5 largest gains:
              timestamp  entry_price          size  leverage  collateral   type symbol  tp_price  sl_price  liq_price         pnl  exit_price exit_reason    return  cumulative_return
111 2024-10-18 02:15:00       2.6540   6046.721829     118.0         136   long    WIF  2.715011  2.468220   2.639291  393.037265      2.7190          tp  2.889980          -5.606018
260 2024-10-20 21:15:00       2.6930   2274.415084      87.5          70   long    WIF  2.740835  2.504490   2.672133  191.050576      2.7770          tp  2.729294          -7.959440
61  2024-10-17 03:15:00       2.6290   3807.531455      77.0         130  short    WIF  2.578134  3.154800   2.652422  331.254830      2.5420          tp  2.548114          -5.857749
211 2024-10-19 23:15:00       0.1211  72890.172786      91.0          97  short   RARE  0.118738  0.145320   0.121997  225.959559      0.1180          tp  2.329480          -3.298368
416 2024-10-23 18:00:00       0.2646  23189.719568     118.0          52   long      W  0.269267  0.246078   0.263133  111.310465      0.2694          tp  2.140586          -2.502615
Testing Report
+--------+------------+--------------+------------+----------+------------+--------------+--------------+----------------+---------+---------+----------+
| Crypto | Num Trades | Win Rate (%) | Avg Profit | Avg Loss | Net Profit | Sharpe Ratio | Max Drawdown | Risk to Reward | Num Tps | Num Sls | Num Liqs |
+--------+------------+--------------+------------+----------+------------+--------------+--------------+----------------+---------+---------+----------+
| EOS    |         42 |        40.48 |      33.81 |   -27.55 |    -114.02 |        0.216 |        2.889 |          1.522 |      11 |      17 |        2 |
| FET    |         45 |        46.67 |      53.38 |   -84.59 |    -909.24 |       -2.677 |       -0.000 |          0.772 |      14 |       4 |       17 |
| FXS    |         44 |        43.18 |      39.39 |   -27.47 |      61.70 |       -1.134 |        1.581 |          1.098 |      16 |      15 |        3 |
| GMT    |         40 |        57.50 |      19.27 |   -19.05 |     119.39 |        2.495 |        1.282 |          1.055 |      15 |      13 |        0 |
| IMX    |         41 |        51.22 |      49.66 |   -54.45 |     -46.16 |        1.503 |        1.700 |          1.209 |      17 |      13 |        5 |
| RARE   |         45 |        57.78 |      41.77 |   -46.08 |     210.45 |        2.353 |        5.867 |          1.094 |      16 |      11 |        4 |
| STX    |         45 |        51.11 |      47.72 |   -22.87 |     594.47 |        3.143 |        5.561 |          1.619 |      16 |      17 |        0 |
| W      |         42 |        30.95 |      54.96 |   -46.84 |    -643.89 |       -4.127 |       59.915 |          1.176 |      10 |      17 |       10 |
| WIF    |         42 |        38.10 |     121.39 |   -92.16 |    -453.98 |       -0.077 |        3.146 |          1.607 |       9 |       7 |       18 |
| XRP    |         46 |        54.35 |      23.27 |   -26.73 |      20.34 |        1.944 |       14.379 |          1.113 |      15 |       9 |        1 |
+--------+------------+--------------+------------+----------+------------+--------------+--------------+----------------+---------+---------+----------+
+--------+------------+--------------+------------+----------+------------+--------------+--------------+----------------+---------+---------+----------+
| Crypto | Num Trades | Win Rate (%) | Avg Profit | Avg Loss | Net Profit | Sharpe Ratio | Max Drawdown | Risk to Reward | Num Tps | Num Sls | Num Liqs |
+--------+------------+--------------+------------+----------+------------+--------------+--------------+----------------+---------+---------+----------+
| PF     |        432 |        47.22 |      45.85 |   -46.11 |  -1,160.94 |       -0.116 |       12.889 |          1.091 |     139 |     123 |       60 |
+--------+------------+--------------+------------+----------+------------+--------------+--------------+----------------+---------+---------+----------+
Test Performance Score (Strategy Return): -23.22%
---------------------------------------------------------------------------
Starting test 29
Trading Strategy Final Return: -18.98%
Buy and Hold Final Return: -3.24%
Total trades: 444
Average return per trade: -4.2741%
Median return per trade: -7.0644%
Standard deviation of returns: 66.3368%
Percentage of profitable trades: 44.37%
Largest gain: 387.43%
Largest loss: -260.36%
Sharpe Ratio: -1.0228
Maximum Drawdown: -12.67%
Top 5 largest losses:
              timestamp  entry_price         size  leverage  collateral   type symbol  tp_price  sl_price  liq_price         pnl  exit_price exit_reason    return  cumulative_return
84  2024-10-17 16:30:00        2.538  4509.850086     118.0          97   long    WIF  2.608165   2.36034   2.523934 -252.551579       2.482         liq -2.603625          -9.437673
7   2024-10-16 11:00:00        2.603  6522.666341     115.5         147  short    WIF  2.543476   3.12360   2.617739 -260.906405       2.643         liq -1.774874          -1.899939
292 2024-10-21 10:15:00        2.604  2099.462292      77.0          71   long    WIF  2.658627   2.42172   2.580801 -113.371256       2.550         liq -1.596778          -8.196870
353 2024-10-22 13:45:00        2.397  3692.115029     118.0          75  short    WIF  2.340980   2.87640   2.410285 -118.147040       2.429         liq -1.575294         -15.149308
81  2024-10-17 16:15:00        1.382  7091.172371      98.0         100   long    FET  1.410336   1.28526   1.372552 -156.005474       1.360         liq -1.560055          -6.834048
Top 5 largest gains:
              timestamp  entry_price          size  leverage  collateral   type symbol  tp_price  sl_price  liq_price         pnl  exit_price exit_reason    return  cumulative_return
428 2024-10-23 19:30:00       2.4670   3061.207935     118.0          64   long    WIF  2.534760  2.294310   2.453327  247.958117      2.5480          tp  3.874346         -17.119008
362 2024-10-22 14:15:00       0.2743  33124.315354     118.0          77   long      W  0.280120  0.255099   0.272780  251.744122      0.2819          tp  3.269404         -11.879904
244 2024-10-20 15:00:00       0.2957  19553.600721     118.0          49   long      W  0.300877  0.275001   0.294061  138.830293      0.3028          tp  2.833271           2.052104
213 2024-10-20 00:30:00       2.6450   3613.610612     118.0          81  short    WIF  2.602993  3.174000   2.659660  180.680358      2.5950          tp  2.230622          -2.787833
129 2024-10-18 10:30:00       1.5350   7994.788447     118.0         104  short    IMX  1.516123  1.842000   1.543508  231.848263      1.5060          tp  2.229310          -7.664481
Testing Report
+--------+------------+--------------+------------+----------+------------+--------------+--------------+----------------+---------+---------+----------+
| Crypto | Num Trades | Win Rate (%) | Avg Profit | Avg Loss | Net Profit | Sharpe Ratio | Max Drawdown | Risk to Reward | Num Tps | Num Sls | Num Liqs |
+--------+------------+--------------+------------+----------+------------+--------------+--------------+----------------+---------+---------+----------+
| EOS    |         50 |        50.00 |      29.50 |   -15.84 |     341.44 |        1.537 |        0.744 |          1.230 |      14 |      19 |        0 |
| FET    |         46 |        28.26 |      92.40 |   -60.84 |    -806.35 |       -4.059 |       82.923 |          1.380 |      11 |       7 |       21 |
| FXS    |         41 |        43.90 |      23.83 |   -49.52 |    -710.00 |       -3.777 |       -0.000 |          0.657 |      12 |      13 |        6 |
| GMT    |         37 |        54.05 |      19.61 |   -11.36 |     199.06 |        3.790 |        1.194 |          1.525 |      13 |      13 |        0 |
| IMX    |         44 |        47.73 |      43.76 |   -35.06 |     112.48 |        0.845 |        2.908 |          1.270 |      14 |      18 |        3 |
| RARE   |         47 |        42.55 |      38.22 |   -34.13 |    -157.14 |       -1.828 |       12.954 |          0.977 |      15 |      17 |        4 |
| STX    |         44 |        38.64 |      31.41 |   -33.70 |    -375.96 |       -1.772 |       -0.000 |          1.204 |       8 |      17 |        2 |
| W      |         45 |        48.89 |      55.04 |   -50.62 |      46.65 |        1.563 |        3.163 |          1.400 |      12 |       9 |        9 |
| WIF    |         46 |        34.78 |      96.68 |   -80.60 |    -871.21 |       -2.373 |       26.559 |          1.294 |      13 |       7 |       20 |
| XRP    |         44 |        56.82 |      20.36 |   -28.95 |     -41.05 |       -0.499 |        2.782 |          0.666 |      11 |      13 |        3 |
+--------+------------+--------------+------------+----------+------------+--------------+--------------+----------------+---------+---------+----------+
+--------+------------+--------------+------------+----------+------------+--------------+--------------+----------------+---------+---------+----------+
| Crypto | Num Trades | Win Rate (%) | Avg Profit | Avg Loss | Net Profit | Sharpe Ratio | Max Drawdown | Risk to Reward | Num Tps | Num Sls | Num Liqs |
+--------+------------+--------------+------------+----------+------------+--------------+--------------+----------------+---------+---------+----------+
| PF     |        444 |        44.37 |      41.85 |   -42.53 |  -2,262.08 |       -1.024 |       35.157 |          1.021 |     123 |     133 |       68 |
+--------+------------+--------------+------------+----------+------------+--------------+--------------+----------------+---------+---------+----------+
Test Performance Score (Strategy Return): -45.24%
---------------------------------------------------------------------------
Starting test 30
Trading Strategy Final Return: 18.97%
Buy and Hold Final Return: -3.24%
Total trades: 423
Average return per trade: 4.4858%
Median return per trade: -4.5786%
Standard deviation of returns: 70.4308%
Percentage of profitable trades: 47.75%
Largest gain: 338.90%
Largest loss: -238.51%
Sharpe Ratio: 1.0111
Maximum Drawdown: -1.92%
Top 5 largest losses:
              timestamp  entry_price         size  leverage  collateral   type symbol  tp_price  sl_price  liq_price         pnl  exit_price exit_reason    return  cumulative_return
154 2024-10-19 00:15:00        2.681  3331.592696     101.5          88  short    WIF  2.638439  3.217200   2.698592 -209.890219       2.744         liq -2.385116           6.436819
213 2024-10-20 06:15:00        1.621  4513.263274     118.0          62  short    IMX  1.589825  1.945200   1.629984 -139.910705       1.652         liq -2.256624          11.249560
286 2024-10-21 15:00:00        2.526  2849.564503     118.0          61   long    WIF  2.578233  2.349180   2.512000  -88.336891       2.495         liq -1.448146          10.652031
279 2024-10-21 12:00:00        2.601  1641.676234      70.0          61   long    WIF  2.647136  2.578440   2.575362  -83.725682       2.550         liq -1.372552          11.227416
333 2024-10-22 10:45:00        2.479  1867.890209      73.5          63   long    WIF  2.526234  2.455903   2.455728  -85.922957       2.433         liq -1.363856          13.914534
Top 5 largest gains:
              timestamp  entry_price          size  leverage  collateral   type symbol  tp_price  sl_price  liq_price          pnl  exit_price exit_reason    return  cumulative_return
270 2024-10-21 08:00:00        2.298   3132.288814     118.0          61  short    FXS  2.234569   2.75760   2.310736   206.731014       2.232          tp  3.389033          15.180718
55  2024-10-17 06:15:00        2.617  20081.199057     115.5         455  short    WIF  2.559963   3.14040   2.631818  1506.090887       2.542          tp  3.310090           9.162091
102 2024-10-18 04:00:00        2.719  14321.441174     118.0         330  short    WIF  2.654646   3.26280   2.734070   988.179523       2.650          tp  2.994483          11.308537
30  2024-10-16 19:00:00        2.612   2123.277192     118.0          47   long    WIF  2.673214   2.42916   2.597523   131.643263       2.674          tp  2.800920           3.664338
90  2024-10-17 20:00:00        2.516  24434.816855     118.0         521   long    WIF  2.577728   2.33988   2.502055  1172.867760       2.564     opening  2.251186          10.420197
Testing Report
+--------+------------+--------------+------------+----------+------------+--------------+--------------+----------------+---------+---------+----------+
| Crypto | Num Trades | Win Rate (%) | Avg Profit | Avg Loss | Net Profit | Sharpe Ratio | Max Drawdown | Risk to Reward | Num Tps | Num Sls | Num Liqs |
+--------+------------+--------------+------------+----------+------------+--------------+--------------+----------------+---------+---------+----------+
| EOS    |         37 |        43.24 |      64.27 |   -42.79 |     129.68 |        1.480 |        0.829 |          1.681 |      10 |      14 |        1 |
| FET    |         42 |        50.00 |     132.56 |  -158.63 |    -547.52 |        2.046 |       13.852 |          1.222 |      17 |       6 |       11 |
| FXS    |         43 |        53.49 |      72.29 |   -58.09 |     500.94 |        3.686 |        0.865 |          1.780 |      16 |      14 |        2 |
| GMT    |         43 |        60.47 |      37.30 |   -27.59 |     500.77 |        4.758 |        1.451 |          1.438 |      18 |       8 |        1 |
| IMX    |         40 |        47.50 |      63.22 |   -43.83 |     280.68 |       -1.754 |        2.720 |          0.838 |      12 |       9 |        6 |
| RARE   |         42 |        52.38 |      42.70 |   -63.91 |    -338.83 |        2.084 |        0.999 |          1.246 |      18 |      16 |        1 |
| STX    |         42 |        45.24 |      81.05 |   -54.73 |     281.14 |       -1.664 |        1.681 |          0.927 |       9 |      15 |        2 |
| W      |         45 |        35.56 |      79.02 |   -77.01 |    -968.99 |       -1.071 |        9.671 |          1.528 |      12 |      11 |        8 |
| WIF    |         46 |        50.00 |     225.36 |  -129.46 |   2,205.74 |        1.908 |        0.818 |          1.336 |      14 |       3 |       19 |
| XRP    |         43 |        39.53 |      51.52 |   -49.29 |    -405.63 |       -1.133 |        2.276 |          1.271 |       7 |      20 |        1 |
+--------+------------+--------------+------------+----------+------------+--------------+--------------+----------------+---------+---------+----------+
+--------+------------+--------------+------------+----------+------------+--------------+--------------+----------------+---------+---------+----------+
| Crypto | Num Trades | Win Rate (%) | Avg Profit | Avg Loss | Net Profit | Sharpe Ratio | Max Drawdown | Risk to Reward | Num Tps | Num Sls | Num Liqs |
+--------+------------+--------------+------------+----------+------------+--------------+--------------+----------------+---------+---------+----------+
| PF     |        423 |        47.75 |      86.38 |   -71.54 |   1,637.99 |        1.012 |        4.641 |          1.291 |     133 |     116 |       52 |
+--------+------------+--------------+------------+----------+------------+--------------+--------------+----------------+---------+---------+----------+
Test Performance Score (Strategy Return): 32.76%
---------------------------------------------------------------------------
Starting test 31
Trading Strategy Final Return: -18.40%
Buy and Hold Final Return: -3.24%
Total trades: 444
Average return per trade: -4.1433%
Median return per trade: -9.7371%
Standard deviation of returns: 66.9421%
Percentage of profitable trades: 43.02%
Largest gain: 273.45%
Largest loss: -259.21%
Sharpe Ratio: -0.9825
Maximum Drawdown: -7.01%
Top 5 largest losses:
              timestamp  entry_price          size  leverage  collateral   type symbol  tp_price  sl_price  liq_price          pnl  exit_price exit_reason    return  cumulative_return
83  2024-10-17 15:00:00       2.5520   3628.918430      94.5          98   long    WIF  2.621820   2.37336   2.533798  -254.024048      2.4820         liq -2.592082         -11.807428
71  2024-10-17 12:15:00       2.5510   5088.200470     118.0         110  short    WIF  2.497707   3.06120   2.565139  -234.056028      2.5970         liq -2.127782          -5.523335
74  2024-10-17 15:00:00       1.8190   6487.080793     118.0         100  short    STX  1.783801   2.18280   1.829082  -201.099622      1.8500         liq -2.010996          -9.215346
20  2024-10-16 14:00:00       1.4460  46596.127893     118.0         571   long    FET  1.478057   1.34478   1.437986 -1118.303781      1.4220         liq -1.958500          -0.239219
248 2024-10-20 13:15:00       0.1225  93436.732875     118.0          97  short   RARE  0.120235   0.14700   0.123179  -168.186182      0.1243         liq -1.733878         -13.969870
Top 5 largest gains:
              timestamp  entry_price         size  leverage  collateral   type symbol  tp_price  sl_price  liq_price         pnl  exit_price exit_reason    return  cumulative_return
251 2024-10-20 14:00:00        1.424  8203.651543     118.0          99   long    FET  1.447013   1.32432   1.416108  270.720438       1.457          tp  2.734550         -11.596796
104 2024-10-17 22:15:00        2.549  3460.180429      73.5         120   long    WIF  2.603071   2.37057   2.525071  307.956012       2.638          tp  2.566300          -8.177903
292 2024-10-21 07:00:00        2.677  3137.840813      87.5          96  short    WIF  2.613183   3.21240   2.697743  232.200597       2.603          tp  2.418756         -12.782840
301 2024-10-21 10:45:00        2.594  3069.583535      87.5          91  short    WIF  2.542798   3.11280   2.614100  208.731920       2.526          tp  2.293757         -10.104755
132 2024-10-18 14:00:00        1.388  9436.599346     118.0         111   long    FET  1.410541   1.29084   1.380307  235.914759       1.413          tp  2.125358          -6.108477
Testing Report
+--------+------------+--------------+------------+----------+------------+--------------+--------------+----------------+---------+---------+----------+
| Crypto | Num Trades | Win Rate (%) | Avg Profit | Avg Loss | Net Profit | Sharpe Ratio | Max Drawdown | Risk to Reward | Num Tps | Num Sls | Num Liqs |
+--------+------------+--------------+------------+----------+------------+--------------+--------------+----------------+---------+---------+----------+
| EOS    |         42 |        30.95 |      23.38 |   -26.20 |    -456.01 |       -4.672 |       71.917 |          1.071 |       4 |      23 |        2 |
| FET    |         44 |        45.45 |     149.13 |  -105.71 |     445.58 |        0.955 |        1.534 |          1.392 |      12 |      12 |       11 |
| FXS    |         46 |        45.65 |      52.79 |   -33.07 |     281.94 |        0.859 |        1.960 |          1.312 |      14 |      17 |        3 |
| GMT    |         50 |        52.00 |      29.26 |   -21.86 |     236.24 |        1.907 |        0.411 |          1.127 |      14 |      17 |        0 |
| IMX    |         36 |        38.89 |      51.88 |   -47.85 |    -326.42 |       -1.834 |        4.950 |          1.134 |       7 |      16 |        4 |
| RARE   |         47 |        53.19 |      35.68 |   -40.90 |      -7.81 |        0.005 |        7.874 |          0.881 |      21 |      14 |        4 |
| STX    |         43 |        51.16 |      38.23 |   -38.88 |      24.58 |       -0.979 |        7.397 |          0.801 |      15 |      11 |        2 |
| W      |         47 |        34.04 |      40.61 |   -47.82 |    -832.67 |       -5.401 |        5.816 |          0.839 |       6 |      13 |       12 |
| WIF    |         45 |        31.11 |     130.99 |   -96.56 |  -1,159.52 |       -2.140 |       17.270 |          1.618 |      12 |       6 |       25 |
| XRP    |         44 |        45.45 |      36.20 |   -21.58 |     206.00 |       -0.103 |        2.447 |          1.131 |      14 |      10 |        1 |
+--------+------------+--------------+------------+----------+------------+--------------+--------------+----------------+---------+---------+----------+
+--------+------------+--------------+------------+----------+------------+--------------+--------------+----------------+---------+---------+----------+
| Crypto | Num Trades | Win Rate (%) | Avg Profit | Avg Loss | Net Profit | Sharpe Ratio | Max Drawdown | Risk to Reward | Num Tps | Num Sls | Num Liqs |
+--------+------------+--------------+------------+----------+------------+--------------+--------------+----------------+---------+---------+----------+
| PF     |        444 |        43.02 |      56.66 |   -49.06 |  -1,588.09 |       -0.984 |       18.153 |          1.086 |     119 |     139 |       64 |
+--------+------------+--------------+------------+----------+------------+--------------+--------------+----------------+---------+---------+----------+
Test Performance Score (Strategy Return): -31.76%
---------------------------------------------------------------------------
Starting test 32
Trading Strategy Final Return: 23.27%
Buy and Hold Final Return: -3.24%
Total trades: 436
Average return per trade: 5.3379%
Median return per trade: -1.6075%
Standard deviation of returns: 67.1813%
Percentage of profitable trades: 48.62%
Largest gain: 358.00%
Largest loss: -181.73%
Sharpe Ratio: 1.2613
Maximum Drawdown: -11.34%
Top 5 largest losses:
              timestamp  entry_price          size  leverage  collateral   type symbol  tp_price  sl_price  liq_price         pnl  exit_price exit_reason    return  cumulative_return
285 2024-10-21 10:30:00       2.6000   4870.384794      94.5         134   long    WIF  2.652347  2.418000   2.581456 -243.519007      2.5500         liq -1.817306          16.873329
101 2024-10-17 21:15:00       2.5640   2407.956420      49.0         126  short    WIF  2.501862  3.076800   2.603397 -178.189064      2.6380         liq -1.414199          -1.190632
128 2024-10-18 13:00:00       1.3820   5024.602137     112.0          62  short    FET  1.362242  1.658400   1.390119  -80.393797      1.3980         liq -1.296674           2.831644
83  2024-10-17 16:15:00       0.2886  51081.081478      94.5         156   long      W  0.293715  0.268398   0.286542 -194.108351      0.2848         liq -1.244284          -5.318417
346 2024-10-22 13:00:00       0.2736  96454.674110      91.0         290  short      W  0.268803  0.328320   0.275626 -327.945694      0.2770         liq -1.130847          25.195251
Top 5 largest gains:
              timestamp  entry_price         size  leverage  collateral   type symbol  tp_price  sl_price  liq_price         pnl  exit_price exit_reason    return  cumulative_return
86  2024-10-17 16:30:00        2.538  6834.515079     118.0         147  short    WIF  2.467835   3.04560   2.552067  526.258626       2.461          tp  3.579991          -1.689286
31  2024-10-16 16:15:00        2.538  6991.725474     105.0         169   long    WIF  2.612971   2.36034   2.521999  594.295265       2.623          tp  3.516540          -2.078638
59  2024-10-17 04:30:00        2.628  4994.292198      87.5         150  short    WIF  2.577342   3.15360   2.648363  429.508958       2.542          tp  2.863393          -1.893515
257 2024-10-20 22:15:00        2.715  2216.574656     118.0          51   long    WIF  2.770365   2.52495   2.699952  137.427709       2.777          tp  2.694661          16.232415
295 2024-10-21 13:15:00        2.551  2266.562027     118.0          49  short    WIF  2.498865   3.06120   2.565139  126.928001       2.495          tp  2.590367          18.741862
Testing Report
+--------+------------+--------------+------------+----------+------------+--------------+--------------+----------------+---------+---------+----------+
| Crypto | Num Trades | Win Rate (%) | Avg Profit | Avg Loss | Net Profit | Sharpe Ratio | Max Drawdown | Risk to Reward | Num Tps | Num Sls | Num Liqs |
+--------+------------+--------------+------------+----------+------------+--------------+--------------+----------------+---------+---------+----------+
| EOS    |         44 |        52.27 |      23.61 |   -26.34 |     -10.03 |        2.688 |        4.626 |          1.357 |      14 |      15 |        1 |
| FET    |         47 |        48.94 |      74.85 |   -57.92 |     331.52 |        2.470 |        1.935 |          1.460 |      15 |      10 |       11 |
| FXS    |         43 |        51.16 |      39.11 |   -30.04 |     229.64 |        2.497 |        0.606 |          1.406 |      17 |      16 |        2 |
| GMT    |         38 |        39.47 |      24.14 |   -19.18 |     -78.95 |       -2.512 |       12.443 |          0.976 |       9 |      15 |        1 |
| IMX    |         42 |        50.00 |      30.95 |   -34.34 |     -71.36 |       -1.098 |        4.995 |          0.849 |      13 |      13 |        4 |
| RARE   |         47 |        63.83 |      24.12 |   -30.12 |     211.56 |        2.591 |        0.700 |          0.875 |      20 |      11 |        3 |
| STX    |         47 |        44.68 |      31.07 |   -34.37 |    -241.21 |        0.155 |       16.058 |          1.272 |      10 |      17 |        1 |
| W      |         42 |        42.86 |      48.85 |   -63.40 |    -642.22 |        0.134 |        3.406 |          1.360 |      15 |      17 |        6 |
| WIF    |         44 |        47.73 |     123.50 |   -78.97 |     777.32 |        2.775 |       72.945 |          1.727 |      14 |       7 |       15 |
| XRP    |         42 |        42.86 |      21.45 |   -24.19 |    -194.39 |       -0.132 |       -0.000 |          1.248 |      11 |      13 |        2 |
+--------+------------+--------------+------------+----------+------------+--------------+--------------+----------------+---------+---------+----------+
+--------+------------+--------------+------------+----------+------------+--------------+--------------+----------------+---------+---------+----------+
| Crypto | Num Trades | Win Rate (%) | Avg Profit | Avg Loss | Net Profit | Sharpe Ratio | Max Drawdown | Risk to Reward | Num Tps | Num Sls | Num Liqs |
+--------+------------+--------------+------------+----------+------------+--------------+--------------+----------------+---------+---------+----------+
| PF     |        436 |        48.62 |      44.21 |   -40.45 |     311.89 |        1.263 |       20.086 |          1.305 |     138 |     134 |       46 |
+--------+------------+--------------+------------+----------+------------+--------------+--------------+----------------+---------+---------+----------+
Test Performance Score (Strategy Return): 6.24%
---------------------------------------------------------------------------
Starting test 33
Trading Strategy Final Return: 10.02%
Buy and Hold Final Return: -3.24%
Total trades: 431
Average return per trade: 2.3253%
Median return per trade: -7.9728%
Standard deviation of returns: 70.5784%
Percentage of profitable trades: 43.62%
Largest gain: 495.87%
Largest loss: -194.11%
Sharpe Ratio: 0.5230
Maximum Drawdown: -13.51%
Top 5 largest losses:
              timestamp  entry_price          size  leverage  collateral   type symbol  tp_price  sl_price  liq_price         pnl  exit_price exit_reason    return  cumulative_return
260 2024-10-20 23:15:00       2.7190   1907.686579      91.0          57  short    WIF  2.664113   3.26280   2.739139 -110.645534      2.7770         liq -1.941150          10.714746
286 2024-10-21 10:30:00       2.6000   2071.730845      94.5          57   long    WIF  2.652347   2.41800   2.581456 -103.586443      2.5500         liq -1.817306           9.785003
243 2024-10-20 13:15:00       0.1225  54906.121380     118.0          57  short   RARE  0.120235   0.14700   0.123179  -98.831055      0.1243         liq -1.733878          10.794060
26  2024-10-16 17:30:00       2.5720   2901.244138      91.0          82  short    WIF  2.503454   3.08640   2.591050 -116.049655      2.6120         liq -1.415240          -2.975821
226 2024-10-20 08:45:00       1.6730   3696.652768     108.5          57   long    IMX  1.711220   1.55589   1.662792  -73.932985      1.6530         liq -1.297070          12.182725
Top 5 largest gains:
              timestamp  entry_price         size  leverage  collateral   type symbol  tp_price  sl_price  liq_price         pnl  exit_price exit_reason    return  cumulative_return
84  2024-10-17 18:15:00        2.469  5379.708164     115.5         115   long    WIF  2.541397   2.29617   2.455020  570.248778       2.575          tp  4.958685           0.322810
414 2024-10-23 19:30:00        2.467  2630.725569     118.0          55   long    WIF  2.534760   2.29431   2.453327  213.089007       2.548          tp  3.874346           6.844942
104 2024-10-18 04:00:00        2.719  2864.288235     118.0          66  short    WIF  2.654646   3.26280   2.734070  197.635905       2.650          tp  2.994483           5.957119
69  2024-10-17 12:00:00        2.534  6193.370362     118.0         133   long    WIF  2.585456   2.35662   2.519956  390.182108       2.597          tp  2.933700          -1.315291
292 2024-10-21 11:00:00        2.234  1842.435121      73.5          56  short    FXS  2.167562   2.68080   2.254972  134.497679       2.161          tp  2.401744          12.186747
Testing Report
+--------+------------+--------------+------------+----------+------------+--------------+--------------+----------------+---------+---------+----------+
| Crypto | Num Trades | Win Rate (%) | Avg Profit | Avg Loss | Net Profit | Sharpe Ratio | Max Drawdown | Risk to Reward | Num Tps | Num Sls | Num Liqs |
+--------+------------+--------------+------------+----------+------------+--------------+--------------+----------------+---------+---------+----------+
| EOS    |         44 |        54.55 |      38.41 |   -18.66 |     548.63 |        4.141 |        1.042 |          1.687 |      14 |      18 |        1 |
| FET    |         41 |        46.34 |      69.61 |   -52.62 |     164.92 |        1.530 |        1.313 |          1.454 |      11 |       9 |       11 |
| FXS    |         46 |        52.17 |      33.61 |   -16.76 |     438.05 |        3.684 |        1.823 |          1.698 |      16 |      16 |        1 |
| GMT    |         46 |        43.48 |      23.61 |    -8.87 |     241.47 |        0.639 |        2.806 |          1.431 |      12 |      15 |        0 |
| IMX    |         41 |        39.02 |      46.57 |   -29.65 |       3.95 |       -0.263 |        3.403 |          1.496 |      12 |      13 |        5 |
| RARE   |         44 |        50.00 |      27.50 |   -23.23 |      93.90 |        0.919 |        1.789 |          1.115 |      18 |      11 |        2 |
| STX    |         43 |        44.19 |      23.75 |   -27.61 |    -211.43 |       -1.769 |        5.486 |          0.926 |      10 |      14 |        1 |
| W      |         44 |        29.55 |      43.91 |   -45.95 |    -853.46 |       -4.391 |       -0.000 |          1.237 |       9 |      13 |       14 |
| WIF    |         40 |        42.50 |     118.95 |   -67.30 |     474.19 |        2.047 |       77.871 |          1.927 |      13 |       7 |       14 |
| XRP    |         42 |        33.33 |      24.92 |   -15.70 |     -90.66 |       -3.128 |        2.927 |          1.143 |       7 |      16 |        3 |
+--------+------------+--------------+------------+----------+------------+--------------+--------------+----------------+---------+---------+----------+
+--------+------------+--------------+------------+----------+------------+--------------+--------------+----------------+---------+---------+----------+
| Crypto | Num Trades | Win Rate (%) | Avg Profit | Avg Loss | Net Profit | Sharpe Ratio | Max Drawdown | Risk to Reward | Num Tps | Num Sls | Num Liqs |
+--------+------------+--------------+------------+----------+------------+--------------+--------------+----------------+---------+---------+----------+
| PF     |        431 |        43.62 |      43.97 |   -30.69 |     809.55 |        0.524 |       17.282 |          1.409 |     122 |     132 |       52 |
+--------+------------+--------------+------------+----------+------------+--------------+--------------+----------------+---------+---------+----------+
Test Performance Score (Strategy Return): 16.19%
---------------------------------------------------------------------------
Starting test 34
Trading Strategy Final Return: 19.33%
Buy and Hold Final Return: -3.24%
Total trades: 439
Average return per trade: 4.4021%
Median return per trade: -4.0323%
Standard deviation of returns: 71.1830%
Percentage of profitable trades: 46.24%
Largest gain: 309.94%
Largest loss: -203.72%
Sharpe Ratio: 0.9817
Maximum Drawdown: -3.81%
Top 5 largest losses:
              timestamp  entry_price          size  leverage  collateral   type symbol  tp_price  sl_price  liq_price         pnl  exit_price exit_reason    return  cumulative_return
289 2024-10-21 07:45:00       2.2590   4387.782082     118.0          84  short    FXS  2.202738  2.710800   2.271520 -171.123652      2.2980         liq -2.037186          10.008974
90  2024-10-17 17:15:00       2.4820  28668.008370     118.0         603  short    WIF  2.408586  2.978400   2.495756 -974.709988      2.5160         liq -1.616434          12.430926
354 2024-10-22 14:00:00       2.4290   3934.952816     118.0          81   long    WIF  2.488963  2.258970   2.415537 -129.853413      2.3960         liq -1.603129          11.095066
404 2024-10-23 09:45:00       0.2763  25056.097259      80.5          86   long      W  0.280654  0.274171   0.273959 -112.752479      0.2718         liq -1.311075          15.482064
131 2024-10-18 13:00:00       2.6310   3033.067226     105.0          76  short    WIF  2.573542  3.157200   2.647588  -97.058348      2.6630         liq -1.277084           9.200136
Top 5 largest gains:
              timestamp  entry_price          size  leverage  collateral   type symbol  tp_price  sl_price  liq_price          pnl  exit_price exit_reason    return  cumulative_return
369 2024-10-22 16:45:00        2.385   3803.773600     112.0          81   long    WIF  2.445847   2.21805   2.370988   251.049000       2.451          tp  3.099370          14.176843
266 2024-10-20 21:15:00        2.693   2501.856593      87.5          77   long    WIF  2.740835   2.50449   2.672133   210.155634       2.777          tp  2.729294          11.647109
19  2024-10-16 12:15:00        2.606  11908.672539     118.0         263  short    WIF  2.531726   3.12720   2.620443   702.611861       2.547     opening  2.671528           5.263395
346 2024-10-22 06:00:00        2.548   3704.866421     118.0          80  short    WIF  2.511884   3.05760   2.562122   207.472498       2.492          tp  2.593406          13.742058
86  2024-10-17 16:30:00        1.376  57113.370153     118.0         666  short    FET  1.347418   1.65120   1.383626  1713.406279       1.346          tp  2.572682          13.817812
Testing Report
+--------+------------+--------------+------------+----------+------------+--------------+--------------+----------------+---------+---------+----------+
| Crypto | Num Trades | Win Rate (%) | Avg Profit | Avg Loss | Net Profit | Sharpe Ratio | Max Drawdown | Risk to Reward | Num Tps | Num Sls | Num Liqs |
+--------+------------+--------------+------------+----------+------------+--------------+--------------+----------------+---------+---------+----------+
| EOS    |         44 |        45.45 |      87.46 |   -50.72 |     531.79 |        0.730 |        1.544 |          1.291 |      12 |      18 |        0 |
| FET    |         42 |        50.00 |     273.75 |  -137.62 |   2,858.71 |        2.204 |        0.820 |          1.365 |      13 |       9 |        8 |
| FXS    |         47 |        48.94 |     154.35 |   -88.93 |   1,415.81 |       -0.322 |        1.898 |          0.981 |      13 |      12 |        5 |
| GMT    |         39 |        51.28 |      42.17 |   -41.91 |      47.13 |        2.049 |        2.136 |          1.368 |      10 |      14 |        0 |
| IMX    |         44 |        34.09 |     112.68 |   -83.90 |    -742.95 |       -1.920 |       75.445 |          1.380 |      12 |      13 |       10 |
| RARE   |         40 |        52.50 |      59.85 |   -78.45 |    -233.68 |        1.507 |        2.346 |          1.136 |      15 |      13 |        2 |
| STX    |         46 |        52.17 |      88.89 |   -78.92 |     397.22 |        1.719 |        0.688 |          1.219 |      15 |      15 |        1 |
| W      |         47 |        40.43 |     162.01 |  -125.24 |    -428.55 |        0.646 |        5.193 |          1.572 |      13 |      12 |        9 |
| WIF    |         44 |        40.91 |     343.94 |  -220.75 |     451.39 |        2.777 |        1.616 |          2.199 |      14 |       5 |       18 |
| XRP    |         46 |        47.83 |      41.19 |   -49.72 |    -287.16 |       -0.315 |        1.544 |          0.951 |       9 |      14 |        1 |
+--------+------------+--------------+------------+----------+------------+--------------+--------------+----------------+---------+---------+----------+
+--------+------------+--------------+------------+----------+------------+--------------+--------------+----------------+---------+---------+----------+
| Crypto | Num Trades | Win Rate (%) | Avg Profit | Avg Loss | Net Profit | Sharpe Ratio | Max Drawdown | Risk to Reward | Num Tps | Num Sls | Num Liqs |
+--------+------------+--------------+------------+----------+------------+--------------+--------------+----------------+---------+---------+----------+
| PF     |        439 |        46.24 |     133.73 |   -98.04 |   4,009.70 |        0.983 |        1.537 |          1.355 |     126 |     125 |       54 |
+--------+------------+--------------+------------+----------+------------+--------------+--------------+----------------+---------+---------+----------+
Test Performance Score (Strategy Return): 80.19%
---------------------------------------------------------------------------
Starting test 35
Trading Strategy Final Return: -19.55%
Buy and Hold Final Return: -3.24%
Total trades: 431
Average return per trade: -4.5363%
Median return per trade: -11.1535%
Standard deviation of returns: 63.8483%
Percentage of profitable trades: 43.39%
Largest gain: 308.06%
Largest loss: -227.35%
Sharpe Ratio: -1.1279
Maximum Drawdown: -8.24%
Top 5 largest losses:
              timestamp  entry_price          size  leverage  collateral   type symbol  tp_price  sl_price  liq_price         pnl  exit_price exit_reason    return  cumulative_return
91  2024-10-17 19:45:00       2.4940   3003.207749      70.0         107  short    WIF  2.433286  2.992800   2.518584 -243.260097      2.5750         liq -2.273459          -9.163958
393 2024-10-23 09:30:00       0.2766  31735.357546     115.5          76   long      W  0.281027  0.257238   0.275034 -152.329457      0.2718         liq -2.004335         -19.078157
85  2024-10-17 17:00:00       1.3820   9076.700635      98.0         128   long    FET  1.409158  1.285260   1.372552 -199.687007      1.3600         liq -1.560055          -8.508040
284 2024-10-21 11:15:00       2.6030   2904.341228      70.0         108   long    WIF  2.651955  2.579062   2.577342 -153.930008      2.5500         liq -1.425278         -23.564963
144 2024-10-18 11:15:00       2.6540   3957.045903     118.0          89  short    WIF  2.599755  3.184800   2.668710 -122.668023      2.6850         liq -1.378292         -10.578720
Top 5 largest gains:
              timestamp  entry_price          size  leverage  collateral   type symbol  tp_price  sl_price  liq_price         pnl  exit_price exit_reason    return  cumulative_return
14  2024-10-16 11:15:00        2.643  14331.442154     118.0         321  short    WIF  2.580107    3.1716   2.657648  988.869591       2.574          tp  3.080591           4.232785
400 2024-10-23 13:30:00        2.453   3463.513967     118.0          72  short    WIF  2.404927    2.9436   2.466596  214.737991       2.391          tp  2.982472         -15.054561
332 2024-10-22 06:00:00        2.548   3890.109742     118.0          84  short    WIF  2.511884    3.0576   2.562122  217.846123       2.492          tp  2.593406         -21.018282
348 2024-10-22 14:00:00        1.365   7607.325954     118.0          88  short    FET  1.339162    1.6380   1.372565  205.397424       1.338          tp  2.334062         -18.037700
218 2024-10-20 00:30:00        2.645   4639.697576     118.0         104  short    WIF  2.602993    3.1740   2.659660  231.984658       2.595          tp  2.230622          -9.187611
Testing Report
+--------+------------+--------------+------------+----------+------------+--------------+--------------+----------------+---------+---------+----------+
| Crypto | Num Trades | Win Rate (%) | Avg Profit | Avg Loss | Net Profit | Sharpe Ratio | Max Drawdown | Risk to Reward | Num Tps | Num Sls | Num Liqs |
+--------+------------+--------------+------------+----------+------------+--------------+--------------+----------------+---------+---------+----------+
| EOS    |         48 |        37.50 |      31.45 |   -31.01 |    -364.13 |       -2.948 |       53.654 |          1.065 |      11 |      16 |        4 |
| FET    |         44 |        40.91 |      66.57 |   -55.53 |    -245.39 |       -0.838 |        5.490 |          1.272 |      11 |      11 |       12 |
| FXS    |         42 |        47.62 |      24.74 |   -37.66 |    -333.70 |       -3.174 |       11.827 |          0.637 |      11 |      16 |        4 |
| GMT    |         43 |        44.19 |      16.94 |   -19.48 |    -145.61 |       -2.639 |       12.249 |          0.856 |      12 |      17 |        0 |
| IMX    |         39 |        43.59 |      50.32 |   -50.06 |    -245.80 |       -0.242 |        2.465 |          1.248 |      12 |      15 |        4 |
| RARE   |         42 |        47.62 |      52.47 |   -38.50 |     202.50 |       -0.881 |        1.416 |          0.952 |      13 |      14 |        4 |
| STX    |         43 |        41.86 |      55.27 |   -25.16 |     366.05 |        0.498 |        2.340 |          1.509 |      13 |      16 |        1 |
| W      |         44 |        38.64 |      59.42 |   -49.43 |    -324.43 |       -2.004 |       51.331 |          1.153 |       7 |      14 |        9 |
| WIF    |         41 |        34.15 |     170.68 |   -89.97 |     -39.58 |       -1.228 |        4.360 |          1.599 |       7 |       5 |       19 |
| XRP    |         45 |        57.78 |      17.74 |   -33.71 |    -179.11 |       -0.179 |        6.801 |          0.710 |       8 |      16 |        2 |
+--------+------------+--------------+------------+----------+------------+--------------+--------------+----------------+---------+---------+----------+
+--------+------------+--------------+------------+----------+------------+--------------+--------------+----------------+---------+---------+----------+
| Crypto | Num Trades | Win Rate (%) | Avg Profit | Avg Loss | Net Profit | Sharpe Ratio | Max Drawdown | Risk to Reward | Num Tps | Num Sls | Num Liqs |
+--------+------------+--------------+------------+----------+------------+--------------+--------------+----------------+---------+---------+----------+
| PF     |        431 |        43.39 |      49.96 |   -43.65 |  -1,309.21 |       -1.129 |        8.318 |          1.067 |     105 |     140 |       59 |
+--------+------------+--------------+------------+----------+------------+--------------+--------------+----------------+---------+---------+----------+
Test Performance Score (Strategy Return): -26.18%
---------------------------------------------------------------------------
Starting test 36
Trading Strategy Final Return: 5.38%
Buy and Hold Final Return: -3.24%
Total trades: 437
Average return per trade: 1.2308%
Median return per trade: -2.3103%
Standard deviation of returns: 66.1362%
Percentage of profitable trades: 48.97%
Largest gain: 283.33%
Largest loss: -242.73%
Sharpe Ratio: 0.2954
Maximum Drawdown: -2.26%
Top 5 largest losses:
              timestamp  entry_price          size  leverage  collateral   type symbol  tp_price  sl_price  liq_price         pnl  exit_price exit_reason    return  cumulative_return
151 2024-10-19 00:45:00        2.682   1761.745018     105.0          45  short    WIF  2.638075   3.21840   2.698909 -109.228255      2.7440         liq -2.427295          -1.659360
198 2024-10-19 23:15:00        0.291  18247.422142     118.0          45  short      W  0.287943   0.34920   0.292613  -85.762976      0.2957         liq -1.905844          -2.330185
19  2024-10-16 12:30:00        1.545  12601.942098     118.0         165   long    IMX  1.573303   1.43685   1.536437 -302.445721      1.5210         liq -1.833004          -1.182144
79  2024-10-17 16:15:00        1.382   5105.644107      98.0          72   long    FET  1.410336   1.28526   1.372552 -112.323942      1.3600         liq -1.560055          -0.137357
236 2024-10-20 13:45:00        0.122  37868.852033      77.0          60  short   RARE  0.119860   0.14640   0.123087  -87.098423      0.1243         liq -1.451640          -5.195512
Top 5 largest gains:
              timestamp  entry_price          size  leverage  collateral   type symbol  tp_price  sl_price  liq_price         pnl  exit_price exit_reason    return  cumulative_return
239 2024-10-20 15:00:00       0.2957  24741.290709     118.0          62   long      W  0.300877  0.275001   0.294061  175.662820      0.3028          tp  2.833271          -3.371558
27  2024-10-16 16:30:00       2.5380   7252.954778     118.0         156   long    WIF  2.612156  2.360340   2.523934  435.176872      2.5980     opening  2.789595           1.556183
97  2024-10-18 01:45:00       2.6380   1610.310835     118.0          36   long    WIF  2.697838  2.453340   2.623379   96.618558      2.6980          tp  2.683849           1.568448
253 2024-10-20 21:30:00       2.6920   1747.399760      84.0          56   long    WIF  2.739499  2.503560   2.670143  148.529046      2.7770          tp  2.652304          -1.690062
289 2024-10-21 10:45:00       2.5940   1248.072426      87.5          37  short    WIF  2.542798  3.112800   2.614100   84.869023      2.5260          tp  2.293757           2.513894
Testing Report
+--------+------------+--------------+------------+----------+------------+--------------+--------------+----------------+---------+---------+----------+
| Crypto | Num Trades | Win Rate (%) | Avg Profit | Avg Loss | Net Profit | Sharpe Ratio | Max Drawdown | Risk to Reward | Num Tps | Num Sls | Num Liqs |
+--------+------------+--------------+------------+----------+------------+--------------+--------------+----------------+---------+---------+----------+
| EOS    |         44 |        47.73 |      42.80 |   -22.17 |     388.79 |        1.991 |        1.207 |          1.529 |      15 |      16 |        2 |
| FET    |         40 |        50.00 |      36.12 |   -89.88 |  -1,075.24 |        0.123 |       39.374 |          1.018 |       9 |       6 |       13 |
| FXS    |         44 |        36.36 |      51.42 |   -21.03 |     233.96 |       -1.961 |        1.801 |          1.255 |      11 |      21 |        4 |
| GMT    |         40 |        60.00 |      19.23 |    -8.38 |     327.40 |        3.744 |        0.597 |          1.149 |      13 |      10 |        0 |
| IMX    |         42 |        57.14 |      33.66 |   -37.09 |     140.33 |        3.296 |        1.048 |          1.282 |      17 |      11 |        3 |
| RARE   |         42 |        64.29 |      42.42 |   -35.63 |     610.77 |        2.568 |        1.542 |          0.843 |      18 |       8 |        3 |
| STX    |         46 |        50.00 |      19.84 |   -33.83 |    -321.89 |        0.249 |        1.004 |          1.040 |      15 |      18 |        2 |
| W      |         48 |        47.92 |      34.62 |   -33.86 |     -50.33 |       -1.528 |        6.159 |          0.850 |      13 |      11 |       13 |
| WIF    |         47 |        38.30 |      71.32 |   -72.34 |    -814.10 |       -0.672 |        3.750 |          1.449 |       9 |       6 |       21 |
| XRP    |         44 |        40.91 |      20.90 |   -30.13 |    -407.10 |       -1.328 |        4.325 |          1.148 |       9 |      15 |        4 |
+--------+------------+--------------+------------+----------+------------+--------------+--------------+----------------+---------+---------+----------+
+--------+------------+--------------+------------+----------+------------+--------------+--------------+----------------+---------+---------+----------+
| Crypto | Num Trades | Win Rate (%) | Avg Profit | Avg Loss | Net Profit | Sharpe Ratio | Max Drawdown | Risk to Reward | Num Tps | Num Sls | Num Liqs |
+--------+------------+--------------+------------+----------+------------+--------------+--------------+----------------+---------+---------+----------+
| PF     |        437 |        48.97 |      36.31 |   -39.19 |    -967.41 |        0.296 |       11.066 |          1.087 |     129 |     122 |       65 |
+--------+------------+--------------+------------+----------+------------+--------------+--------------+----------------+---------+---------+----------+
Test Performance Score (Strategy Return): -19.35%
---------------------------------------------------------------------------
Starting test 37
Trading Strategy Final Return: -2.72%
Buy and Hold Final Return: -3.24%
Total trades: 438
Average return per trade: -0.6209%
Median return per trade: -5.9959%
Standard deviation of returns: 67.0268%
Percentage of profitable trades: 46.12%
Largest gain: 495.87%
Largest loss: -209.09%
Sharpe Ratio: -0.1471
Maximum Drawdown: -99.46%
Top 5 largest losses:
              timestamp  entry_price          size  leverage  collateral   type symbol  tp_price  sl_price  liq_price         pnl  exit_price exit_reason    return  cumulative_return
286 2024-10-21 11:00:00       2.5960   2181.818219     118.0          48   long    WIF  2.646625  2.414280   2.581612 -100.363646      2.5500         liq -2.090909           2.479011
46  2024-10-17 00:15:00       0.5495  14171.974817      87.5          89  short    XRP  0.545766  0.553234   0.553758 -144.554478      0.5597         liq -1.624208          -3.603842
6   2024-10-16 11:00:00       1.4450   9940.484068      94.5         152  short    FET  1.419121  1.734000   1.455306 -218.690204      1.4670         liq -1.438751          -3.024395
268 2024-10-21 03:00:00       0.1224  32883.986742      80.5          50   long   RARE  0.124042  0.121597   0.121363  -69.056316      0.1203         liq -1.381126           3.812385
275 2024-10-21 06:30:00       0.3025  16857.850708     108.5          47   long      W  0.307582  0.281325   0.300654  -57.316658      0.2991         liq -1.219503           3.104658
Top 5 largest gains:
              timestamp  entry_price          size  leverage  collateral   type symbol  tp_price  sl_price  liq_price         pnl  exit_price exit_reason    return  cumulative_return
84  2024-10-17 18:15:00       2.4690   5052.247667     115.5         108   long    WIF  2.541397   2.29617   2.455020  535.537983      2.5750          tp  4.958685           0.487322
102 2024-10-18 04:15:00       2.7220   2037.472534     118.0          47  short    WIF  2.659000   3.26640   2.737086  146.697591      2.6500          tp  3.121225           6.008355
288 2024-10-21 10:30:00       1.4160   3875.706191     112.0          49  short    FET  1.393474   1.69920   1.424319  139.525475      1.3800          tp  2.847459           4.445282
65  2024-10-17 11:00:00       2.5230   1456.599285      87.5          42   long    WIF  2.577152   2.34639   2.503450  107.788175      2.5970          tp  2.566385          -0.667596
264 2024-10-21 00:15:00       0.3061  18889.251208     118.0          49  short      W  0.301361   0.36732   0.307797  120.891565      0.2997          tp  2.467175           7.834476
Testing Report
+--------+------------+--------------+------------+----------+------------+--------------+--------------+----------------+---------+---------+----------+
| Crypto | Num Trades | Win Rate (%) | Avg Profit | Avg Loss | Net Profit | Sharpe Ratio | Max Drawdown | Risk to Reward | Num Tps | Num Sls | Num Liqs |
+--------+------------+--------------+------------+----------+------------+--------------+--------------+----------------+---------+---------+----------+
| EOS    |         39 |        41.03 |      22.16 |   -25.31 |    -227.47 |       -1.074 |       -0.000 |          1.205 |      14 |      12 |        5 |
| FET    |         46 |        39.13 |      40.24 |   -39.88 |    -392.41 |       -1.637 |        2.811 |          1.168 |      13 |       9 |       14 |
| FXS    |         46 |        50.00 |      22.27 |   -18.26 |      92.39 |        0.507 |        1.299 |          0.994 |      15 |      14 |        4 |
| GMT    |         40 |        55.00 |      17.84 |    -9.02 |     230.22 |        3.248 |        1.190 |          1.695 |      17 |      13 |        0 |
| IMX    |         45 |        37.78 |      34.77 |   -26.16 |    -141.31 |       -1.432 |        2.902 |          1.318 |      12 |      18 |        4 |
| RARE   |         45 |        51.11 |      21.62 |   -24.72 |     -46.65 |       -0.529 |        3.529 |          0.881 |      17 |      15 |        3 |
| STX    |         42 |        59.52 |      21.19 |   -17.17 |     237.94 |        3.937 |        1.130 |          1.184 |      17 |       9 |        0 |
| W      |         39 |        48.72 |      32.67 |   -32.05 |     -20.28 |       -1.056 |        2.377 |          0.896 |      10 |      11 |        7 |
| WIF    |         48 |        35.42 |      91.82 |   -55.96 |    -173.84 |        0.304 |       82.526 |          1.919 |      10 |       7 |       20 |
| XRP    |         48 |        45.83 |      30.09 |   -18.53 |     180.20 |       -1.290 |        4.753 |          0.906 |      10 |      19 |        2 |
+--------+------------+--------------+------------+----------+------------+--------------+--------------+----------------+---------+---------+----------+
+--------+------------+--------------+------------+----------+------------+--------------+--------------+----------------+---------+---------+----------+
| Crypto | Num Trades | Win Rate (%) | Avg Profit | Avg Loss | Net Profit | Sharpe Ratio | Max Drawdown | Risk to Reward | Num Tps | Num Sls | Num Liqs |
+--------+------------+--------------+------------+----------+------------+--------------+--------------+----------------+---------+---------+----------+
| PF     |        438 |        46.12 |      31.91 |   -28.42 |    -261.21 |       -0.147 |        1.306 |          1.114 |     135 |     127 |       59 |
+--------+------------+--------------+------------+----------+------------+--------------+--------------+----------------+---------+---------+----------+
Test Performance Score (Strategy Return): -5.22%
---------------------------------------------------------------------------
Starting test 38
Trading Strategy Final Return: -0.64%
Buy and Hold Final Return: -3.24%
Total trades: 439
Average return per trade: -0.1448%
Median return per trade: -7.3024%
Standard deviation of returns: 70.1887%
Percentage of profitable trades: 48.06%
Largest gain: 422.53%
Largest loss: -200.43%
Sharpe Ratio: -0.0327
Maximum Drawdown: -2.15%
Top 5 largest losses:
              timestamp  entry_price          size  leverage  collateral   type symbol  tp_price  sl_price  liq_price         pnl  exit_price exit_reason    return  cumulative_return
404 2024-10-23 09:30:00       0.2766  19625.813219     115.5          47   long      W  0.281027  0.257238   0.275034  -94.203743      0.2718         liq -2.004335           6.314793
418 2024-10-23 17:00:00       2.4310   2232.826003     118.0          46   long    WIF  2.433000  2.405000   2.417526  -91.545619      2.3900         liq -1.990122           1.677117
31  2024-10-16 19:00:00       2.6120  11339.203725     118.0         251  short    WIF  2.550786  3.134400   2.626477 -396.873104      2.6470         liq -1.581168          -0.667443
136 2024-10-18 12:30:00       2.6300   2063.878237     118.0          46  short    WIF  2.575411  3.156000   2.644577  -68.107966      2.6630         liq -1.480608           5.107252
248 2024-10-20 13:45:00       0.1220  28401.639025      77.0          45  short   RARE  0.119860  0.146400   0.123087  -65.323817      0.1243         liq -1.451640          -0.951419
Top 5 largest gains:
              timestamp  entry_price          size  leverage  collateral   type symbol  tp_price  sl_price  liq_price         pnl  exit_price exit_reason    return  cumulative_return
265 2024-10-20 22:00:00        2.681   1936.590828     118.0          44   long    WIF  2.734163   2.49333   2.666141  185.912635       2.777          tp  4.225287           1.611899
276 2024-10-21 01:15:00        2.751   1805.343559     115.5          43  short    WIF  2.686529   3.30120   2.766577  139.011278       2.674          tp  3.232820           2.539417
114 2024-10-18 04:00:00        2.719   1952.923796     118.0          45  short    WIF  2.654646   3.26280   2.734070  134.751753       2.650          tp  2.994483           3.661898
84  2024-10-17 16:00:00        1.380   3762.318854     118.0          44  short    FET  1.351754   1.65600   1.387648  127.918988       1.346          tp  2.907250           2.750153
20  2024-10-16 12:30:00        1.453  11613.214444     118.0         143  short    FET  1.422724   1.74360   1.461053  360.008474       1.422          tp  2.517542           2.510037
Testing Report
+--------+------------+--------------+------------+----------+------------+--------------+--------------+----------------+---------+---------+----------+
| Crypto | Num Trades | Win Rate (%) | Avg Profit | Avg Loss | Net Profit | Sharpe Ratio | Max Drawdown | Risk to Reward | Num Tps | Num Sls | Num Liqs |
+--------+------------+--------------+------------+----------+------------+--------------+--------------+----------------+---------+---------+----------+
| EOS    |         41 |        31.71 |      27.86 |   -25.29 |    -345.77 |       -3.079 |        7.470 |          1.305 |       8 |      21 |        3 |
| FET    |         45 |        48.89 |      61.67 |   -39.40 |     450.50 |        2.763 |        0.758 |          1.607 |      15 |       7 |       13 |
| FXS    |         43 |        51.16 |      21.03 |   -14.51 |     158.05 |        1.522 |        0.641 |          1.251 |      12 |      16 |        3 |
| GMT    |         39 |        56.41 |      20.32 |   -11.93 |     244.19 |        1.487 |        1.440 |          0.984 |      11 |      13 |        1 |
| IMX    |         47 |        55.32 |      28.26 |   -38.55 |     -74.61 |       -0.417 |        4.253 |          0.758 |      13 |      12 |        7 |
| RARE   |         44 |        54.55 |      27.19 |   -20.98 |     232.88 |        0.451 |        2.892 |          0.897 |      14 |      14 |        3 |
| STX    |         42 |        54.76 |      29.54 |   -29.62 |     116.68 |        2.777 |        1.542 |          1.280 |      15 |      11 |        1 |
| W      |         46 |        47.83 |      36.91 |   -40.91 |    -169.87 |       -1.896 |       25.931 |          0.808 |      12 |      10 |       12 |
| WIF    |         44 |        29.55 |      65.92 |   -69.92 |  -1,310.35 |       -1.854 |       -0.000 |          1.765 |      10 |       5 |       23 |
| XRP    |         48 |        50.00 |      22.11 |   -15.27 |     164.23 |       -0.658 |        2.813 |          0.904 |      14 |      13 |        2 |
+--------+------------+--------------+------------+----------+------------+--------------+--------------+----------------+---------+---------+----------+
+--------+------------+--------------+------------+----------+------------+--------------+--------------+----------------+---------+---------+----------+
| Crypto | Num Trades | Win Rate (%) | Avg Profit | Avg Loss | Net Profit | Sharpe Ratio | Max Drawdown | Risk to Reward | Num Tps | Num Sls | Num Liqs |
+--------+------------+--------------+------------+----------+------------+--------------+--------------+----------------+---------+---------+----------+
| PF     |        439 |        48.06 |      32.68 |   -32.58 |    -534.08 |       -0.033 |        2.842 |          1.074 |     124 |     122 |       68 |
+--------+------------+--------------+------------+----------+------------+--------------+--------------+----------------+---------+---------+----------+
Test Performance Score (Strategy Return): -10.68%
---------------------------------------------------------------------------
Starting test 39
Trading Strategy Final Return: 6.32%
Buy and Hold Final Return: -3.24%
Total trades: 427
Average return per trade: 1.4790%
Median return per trade: -4.7297%
Standard deviation of returns: 67.9766%
Percentage of profitable trades: 47.07%
Largest gain: 453.67%
Largest loss: -191.02%
Sharpe Ratio: 0.3454
Maximum Drawdown: -8.18%
Top 5 largest losses:
              timestamp  entry_price          size  leverage  collateral   type symbol  tp_price  sl_price  liq_price         pnl  exit_price exit_reason    return  cumulative_return
403 2024-10-23 11:30:00       0.2718  22575.422159     118.0          52   long      W  0.275930  0.252774   0.270294  -99.332193      0.2674         liq -1.910234          14.303158
296 2024-10-21 10:15:00       2.6040   1389.784897      77.0          47   long    WIF  2.658627  2.421720   2.580801  -75.048578      2.5500         liq -1.596778           4.659009
125 2024-10-18 11:45:00       1.5420   3268.482373     112.0          45   long    IMX  1.562526  1.434060   1.532941  -65.369975      1.5220         liq -1.452666           6.443113
66  2024-10-17 09:00:00       1.4040  19330.483726     118.0         230   long    FET  1.425737  1.305720   1.396219 -309.288366      1.3880         liq -1.344732           6.893554
421 2024-10-24 00:15:00       0.4670  11152.034079     108.5          48  short    EOS  0.463002  0.560400   0.469849  -63.566507      0.4727         liq -1.324302           6.165427
Top 5 largest gains:
              timestamp  entry_price         size  leverage  collateral   type symbol  tp_price  sl_price  liq_price         pnl  exit_price exit_reason    return  cumulative_return
31  2024-10-16 14:30:00        2.549  7499.411461     118.0         162   long    WIF  2.628919   2.37057   2.534873  734.942695       2.647          tp  4.536683           3.362779
304 2024-10-21 12:30:00        2.213  2559.421531     118.0          48  short    FXS  2.152110   2.65560   2.225265  161.243464       2.150          tp  3.359239          10.168521
274 2024-10-21 01:30:00        2.741  1894.199241     118.0          44  short    WIF  2.674810   3.28920   2.756192  126.911183       2.674          tp  2.884345           1.808141
289 2024-10-21 08:00:00        1.448  3335.635465     105.0          46  short    FET  1.425536   1.73760   1.457129  116.747130       1.413          tp  2.537981           5.588455
218 2024-10-20 00:30:00        2.645  1962.948974     118.0          44  short    WIF  2.602993   3.17400   2.659660   98.147355       2.595          tp  2.230622           4.213157
Testing Report
+--------+------------+--------------+------------+----------+------------+--------------+--------------+----------------+---------+---------+----------+
| Crypto | Num Trades | Win Rate (%) | Avg Profit | Avg Loss | Net Profit | Sharpe Ratio | Max Drawdown | Risk to Reward | Num Tps | Num Sls | Num Liqs |
+--------+------------+--------------+------------+----------+------------+--------------+--------------+----------------+---------+---------+----------+
| EOS    |         43 |        53.49 |      45.21 |   -21.27 |     614.47 |        2.067 |        0.455 |          1.161 |      14 |      14 |        1 |
| FET    |         41 |        48.78 |      54.05 |   -87.06 |    -747.40 |        1.081 |        0.821 |          1.234 |      13 |       6 |       13 |
| FXS    |         41 |        51.22 |      44.95 |   -43.47 |      74.54 |        2.529 |        1.239 |          1.456 |      15 |      10 |        2 |
| GMT    |         41 |        46.34 |      17.24 |   -14.51 |       8.34 |       -1.812 |        1.778 |          0.848 |      10 |      13 |        1 |
| IMX    |         44 |        40.91 |      48.63 |   -55.88 |    -577.44 |       -2.746 |       -0.000 |          0.961 |      12 |      18 |        5 |
| RARE   |         50 |        48.00 |      43.83 |   -40.14 |       8.15 |        1.191 |        2.018 |          1.305 |      17 |      13 |        4 |
| STX    |         43 |        55.81 |      39.81 |   -23.56 |     507.74 |        1.840 |        0.662 |          1.064 |      16 |      12 |        2 |
| W      |         42 |        45.24 |      63.11 |   -55.51 |     -77.58 |       -0.375 |        1.173 |          1.141 |      12 |      10 |        8 |
| WIF    |         42 |        47.62 |     124.76 |   -79.88 |     737.83 |        1.426 |        0.704 |          1.382 |      11 |       3 |       17 |
| XRP    |         40 |        32.50 |      12.11 |   -28.97 |    -624.82 |       -6.157 |        9.297 |          0.705 |       6 |      16 |        3 |
+--------+------------+--------------+------------+----------+------------+--------------+--------------+----------------+---------+---------+----------+
+--------+------------+--------------+------------+----------+------------+--------------+--------------+----------------+---------+---------+----------+
| Crypto | Num Trades | Win Rate (%) | Avg Profit | Avg Loss | Net Profit | Sharpe Ratio | Max Drawdown | Risk to Reward | Num Tps | Num Sls | Num Liqs |
+--------+------------+--------------+------------+----------+------------+--------------+--------------+----------------+---------+---------+----------+
| PF     |        427 |        47.07 |      50.38 |   -45.15 |     -76.18 |        0.346 |        5.657 |          1.175 |     126 |     115 |       56 |
+--------+------------+--------------+------------+----------+------------+--------------+--------------+----------------+---------+---------+----------+
Test Performance Score (Strategy Return): -1.52%
---------------------------------------------------------------------------
Starting test 40
Trading Strategy Final Return: -30.16%
Buy and Hold Final Return: -3.24%
Total trades: 437
Average return per trade: -6.9011%
Median return per trade: -11.3668%
Standard deviation of returns: 64.7082%
Percentage of profitable trades: 39.36%
Largest gain: 283.33%
Largest loss: -259.21%
Sharpe Ratio: -1.6930
Maximum Drawdown: -12.77%
Top 5 largest losses:
              timestamp  entry_price         size  leverage  collateral   type symbol  tp_price  sl_price  liq_price         pnl  exit_price exit_reason    return  cumulative_return
84  2024-10-17 15:00:00        2.552  5258.228746      94.5         142   long    WIF  2.621820   2.37336   2.533798 -368.075661       2.482         liq -2.592082          -9.080021
76  2024-10-17 12:15:00        2.551  6892.198818     118.0         149  short    WIF  2.497707   3.06120   2.565139 -317.039529       2.597         liq -2.127782          -5.301670
424 2024-10-23 19:30:00        2.467  3013.376561     118.0          63  short    WIF  2.399240   2.96040   2.480673 -108.481596       2.503         liq -1.721930         -27.813922
82  2024-10-17 15:15:00        1.385  7846.570451      80.5         135   long    FET  1.410841   1.28805   1.373266 -196.164074       1.360         liq -1.453067         -11.040939
153 2024-10-19 00:15:00        1.570  5550.955229     105.0          83  short    IMX  1.551714   1.88400   1.579899 -116.569552       1.591         liq -1.404452         -21.117997
Top 5 largest gains:
              timestamp  entry_price          size  leverage  collateral   type symbol  tp_price  sl_price  liq_price         pnl  exit_price exit_reason    return  cumulative_return
246 2024-10-20 15:00:00       0.2957  32722.352228     118.0          82   long      W  0.300877  0.275001   0.294061  232.328245      0.3028          tp  2.833271         -15.800178
350 2024-10-22 12:15:00       2.4590   2927.206050     118.0          61  short    WIF  2.409873  2.950800   2.472629  163.923522      2.4030          tp  2.687271         -22.984011
16  2024-10-16 12:00:00       1.4630  12663.020678     118.0         157  short    FET  1.431527  1.755600   1.471109  417.881095      1.4300          tp  2.661663           0.266262
240 2024-10-20 13:15:00       2.5940   3548.187988     118.0          78   long    WIF  2.636545  2.412420   2.579623  191.601799      2.6480          tp  2.456433         -16.299562
220 2024-10-20 05:00:00       0.1441  44934.074965      87.5          74  short    GMT  0.140906  0.172920   0.145217  175.242511      0.1402          tp  2.368142         -16.512462
Testing Report
+--------+------------+--------------+------------+----------+------------+--------------+--------------+----------------+---------+---------+----------+
| Crypto | Num Trades | Win Rate (%) | Avg Profit | Avg Loss | Net Profit | Sharpe Ratio | Max Drawdown | Risk to Reward | Num Tps | Num Sls | Num Liqs |
+--------+------------+--------------+------------+----------+------------+--------------+--------------+----------------+---------+---------+----------+
| EOS    |         41 |        31.71 |      33.47 |   -32.29 |    -469.14 |       -3.426 |        9.036 |          1.210 |       7 |      18 |        3 |
| FET    |         42 |        33.33 |      89.89 |   -72.31 |    -766.12 |       -2.510 |        4.013 |          1.360 |      10 |      11 |       15 |
| FXS    |         45 |        40.00 |      28.42 |   -35.48 |    -446.35 |       -4.759 |        5.999 |          0.687 |      10 |      19 |        5 |
| GMT    |         43 |        44.19 |      27.33 |   -17.74 |      93.42 |        2.844 |        0.106 |          2.415 |      10 |      17 |        0 |
| IMX    |         47 |        51.06 |      43.42 |   -46.82 |     -34.90 |        0.815 |        1.347 |          1.084 |      18 |       9 |        6 |
| RARE   |         44 |        52.27 |      45.40 |   -30.72 |     399.02 |        2.993 |        1.050 |          1.514 |      14 |      11 |        1 |
| STX    |         43 |        37.21 |      22.24 |   -31.41 |    -492.20 |       -4.342 |        5.677 |          0.804 |      11 |      17 |        3 |
| W      |         42 |        33.33 |      75.07 |   -38.62 |     -30.33 |       -0.011 |        1.006 |          1.997 |       7 |      16 |        7 |
| WIF    |         45 |        28.89 |      70.35 |   -88.66 |  -1,922.66 |       -5.628 |       -0.000 |          1.030 |       7 |       7 |       21 |
| XRP    |         45 |        40.00 |      21.44 |   -21.86 |    -204.21 |       -3.294 |        5.408 |          0.881 |       9 |      18 |        2 |
+--------+------------+--------------+------------+----------+------------+--------------+--------------+----------------+---------+---------+----------+
+--------+------------+--------------+------------+----------+------------+--------------+--------------+----------------+---------+---------+----------+
| Crypto | Num Trades | Win Rate (%) | Avg Profit | Avg Loss | Net Profit | Sharpe Ratio | Max Drawdown | Risk to Reward | Num Tps | Num Sls | Num Liqs |
+--------+------------+--------------+------------+----------+------------+--------------+--------------+----------------+---------+---------+----------+
| PF     |        437 |        39.36 |      43.71 |   -42.99 |  -3,873.46 |       -1.695 |       17.979 |          1.142 |     103 |     143 |       63 |
+--------+------------+--------------+------------+----------+------------+--------------+--------------+----------------+---------+---------+----------+
Test Performance Score (Strategy Return): -77.47%
---------------------------------------------------------------------------
Starting test 41
Trading Strategy Final Return: -9.14%
Buy and Hold Final Return: -3.24%
Total trades: 426
Average return per trade: -2.1458%
Median return per trade: -7.8926%
Standard deviation of returns: 63.5286%
Percentage of profitable trades: 45.77%
Largest gain: 299.45%
Largest loss: -190.58%
Sharpe Ratio: -0.5362
Maximum Drawdown: -53.32%
Top 5 largest losses:
              timestamp  entry_price          size  leverage  collateral   type symbol  tp_price  sl_price  liq_price         pnl  exit_price exit_reason    return  cumulative_return
196 2024-10-19 23:15:00        0.291  35683.847745     118.0          88  short      W  0.287943   0.34920   0.292613 -167.714265      0.2957         liq -1.905844          -8.252279
197 2024-10-19 22:45:00        2.631   3626.377745     101.5          94  short    WIF  2.595021   3.15720   2.648264 -177.692599      2.6800         liq -1.890347          -6.656111
337 2024-10-22 13:45:00        2.397   3593.658629     118.0          73  short    WIF  2.340980   2.87640   2.410285 -114.996452      2.4290         liq -1.575294          -6.643360
279 2024-10-21 10:45:00        2.594   2091.364606      87.5          62   long    WIF  2.645202   2.41242   2.573900  -92.020354      2.5500         liq -1.484199          -6.587245
71  2024-10-17 15:45:00        1.397  10473.872920     118.0         124   long    FET  1.423752   1.29921   1.389257 -178.055420      1.3800         liq -1.435931          -7.433586
Top 5 largest gains:
              timestamp  entry_price          size  leverage  collateral   type symbol  tp_price  sl_price  liq_price         pnl  exit_price exit_reason    return  cumulative_return
98  2024-10-18 04:00:00       2.7190   4470.025579     118.0         103  short    WIF  2.654646  3.262800   2.734070  308.431790      2.6500          tp  2.994483          -4.559044
209 2024-10-20 06:15:00       1.6210   5532.387239     118.0          76   long    IMX  1.652175  1.507530   1.612016  182.568737      1.6540          tp  2.402220          -0.607512
206 2024-10-20 05:00:00       0.1441  46755.726653      87.5          77  short    GMT  0.140906  0.172920   0.145217  182.346937      0.1402          tp  2.368142          -3.009732
255 2024-10-21 01:15:00       1.4720   4569.293469     118.0          57  short    FET  1.447168  1.766400   1.480158  127.940204      1.4440          tp  2.244565           0.839169
230 2024-10-20 15:15:00       0.2957  18938.112079      87.5          64   long      W  0.300962  0.275001   0.293409  134.460332      0.3028          tp  2.100943           1.902437
Testing Report
+--------+------------+--------------+------------+----------+------------+--------------+--------------+----------------+---------+---------+----------+
| Crypto | Num Trades | Win Rate (%) | Avg Profit | Avg Loss | Net Profit | Sharpe Ratio | Max Drawdown | Risk to Reward | Num Tps | Num Sls | Num Liqs |
+--------+------------+--------------+------------+----------+------------+--------------+--------------+----------------+---------+---------+----------+
| EOS    |         44 |        36.36 |      21.29 |   -27.75 |    -436.25 |       -3.664 |       -0.000 |          0.990 |      11 |      18 |        2 |
| FET    |         43 |        46.51 |      63.52 |   -94.80 |    -910.03 |       -0.477 |       14.902 |          1.072 |      11 |       7 |       14 |
| FXS    |         43 |        41.86 |      31.44 |   -50.52 |    -697.02 |       -3.487 |       12.417 |          0.789 |      10 |      14 |        5 |
| GMT    |         38 |        55.26 |      25.53 |   -13.60 |     304.85 |        3.160 |        0.650 |          1.719 |      12 |      16 |        0 |
| IMX    |         42 |        50.00 |      42.36 |   -37.20 |     108.30 |        2.105 |        9.457 |          1.423 |      15 |      13 |        2 |
| RARE   |         41 |        53.66 |      37.05 |   -29.35 |     257.34 |        2.052 |        0.615 |          1.201 |      15 |      13 |        4 |
| STX    |         42 |        57.14 |      34.21 |   -39.09 |     117.49 |        0.914 |        5.668 |          0.817 |      16 |      11 |        5 |
| W      |         49 |        34.69 |      67.64 |   -52.74 |    -537.79 |       -1.081 |        4.963 |          1.580 |      11 |      13 |       11 |
| WIF    |         43 |        41.86 |      80.44 |   -75.16 |    -431.29 |       -2.438 |        2.921 |          0.973 |       8 |       4 |       19 |
| XRP    |         41 |        43.90 |      26.10 |   -24.96 |    -104.24 |       -1.560 |       28.600 |          0.993 |      10 |      13 |        3 |
+--------+------------+--------------+------------+----------+------------+--------------+--------------+----------------+---------+---------+----------+
+--------+------------+--------------+------------+----------+------------+--------------+--------------+----------------+---------+---------+----------+
| Crypto | Num Trades | Win Rate (%) | Avg Profit | Avg Loss | Net Profit | Sharpe Ratio | Max Drawdown | Risk to Reward | Num Tps | Num Sls | Num Liqs |
+--------+------------+--------------+------------+----------+------------+--------------+--------------+----------------+---------+---------+----------+
| PF     |        426 |        45.77 |      42.60 |   -46.04 |  -2,328.64 |       -0.537 |       26.591 |          1.077 |     119 |     122 |       65 |
+--------+------------+--------------+------------+----------+------------+--------------+--------------+----------------+---------+---------+----------+
Test Performance Score (Strategy Return): -46.57%
---------------------------------------------------------------------------
Starting test 42
Trading Strategy Final Return: -10.40%
Buy and Hold Final Return: -3.24%
Total trades: 447
Average return per trade: -2.3260%
Median return per trade: -9.9483%
Standard deviation of returns: 65.2261%
Percentage of profitable trades: 42.51%
Largest gain: 338.05%
Largest loss: -172.05%
Sharpe Ratio: -0.5661
Maximum Drawdown: -12.04%
Top 5 largest losses:
              timestamp  entry_price          size  leverage  collateral   type symbol  tp_price  sl_price  liq_price         pnl  exit_price exit_reason    return  cumulative_return
358 2024-10-22 10:30:00        2.469   3488.861745     118.0          73   long    WIF  2.517422   2.29617   2.455316 -125.599069       2.433         liq -1.720535          -2.883810
301 2024-10-21 09:45:00        2.611   2144.772068      70.0          80   long    WIF  2.667263   2.42823   2.585263 -130.831329       2.550         liq -1.635392           2.403147
12  2024-10-16 10:30:00        1.543  21378.807756     101.5         325  short    IMX  1.520418   1.85160   1.553124 -513.092426       1.567         liq -1.578746          -3.458868
360 2024-10-22 13:45:00        2.397   3741.343230     118.0          76  short    WIF  2.340980   2.87640   2.410285 -119.722334       2.429         liq -1.575294          -5.471975
416 2024-10-23 13:30:00        2.453   3559.722689     118.0          74   long    WIF  2.501073   2.28129   2.439405 -106.791579       2.423         liq -1.443129          -8.266226
Top 5 largest gains:
              timestamp  entry_price          size  leverage  collateral   type symbol  tp_price  sl_price  liq_price         pnl  exit_price exit_reason    return  cumulative_return
81  2024-10-17 15:15:00        1.850   7781.621521     118.0         122   long    STX  1.888846   1.72050   1.839747  412.425733       1.903          tp  3.380539          -3.955256
273 2024-10-20 22:15:00        2.715   4085.451326     118.0          94   long    WIF  2.770365   2.52495   2.699952  253.298130       2.777          tp  2.694661          -2.488892
85  2024-10-17 13:30:00        1.390  11969.784296     118.0         141  short    FET  1.365560   1.66800   1.397704  359.093186       1.360          tp  2.546760          -5.250512
249 2024-10-20 13:15:00        2.594   5276.792393     118.0         116   long    WIF  2.636545   2.41242   2.579623  284.946266       2.648          tp  2.456433          -3.038884
253 2024-10-20 15:15:00        1.429   8340.097854     118.0         101   long    FET  1.452865   1.32897   1.421080  233.522716       1.457          tp  2.312106          -3.258971
Testing Report
+--------+------------+--------------+------------+----------+------------+--------------+--------------+----------------+---------+---------+----------+
| Crypto | Num Trades | Win Rate (%) | Avg Profit | Avg Loss | Net Profit | Sharpe Ratio | Max Drawdown | Risk to Reward | Num Tps | Num Sls | Num Liqs |
+--------+------------+--------------+------------+----------+------------+--------------+--------------+----------------+---------+---------+----------+
| EOS    |         42 |        38.10 |      31.66 |   -41.63 |    -575.73 |       -2.548 |       -0.000 |          1.079 |      13 |      18 |        3 |
| FET    |         44 |        36.36 |     108.77 |   -69.13 |    -195.42 |       -0.940 |        1.569 |          1.509 |      10 |      11 |       14 |
| FXS    |         52 |        53.85 |      49.39 |   -30.39 |     653.72 |        3.386 |        1.042 |          1.428 |      18 |      15 |        1 |
| GMT    |         40 |        47.50 |      27.00 |   -24.64 |      -4.46 |        1.119 |        3.879 |          1.318 |      11 |      14 |        0 |
| IMX    |         43 |        46.51 |      72.12 |   -59.96 |      63.52 |        1.513 |        6.349 |          1.494 |      14 |       9 |        6 |
| RARE   |         51 |        49.02 |      33.08 |   -36.82 |    -130.37 |       -0.912 |        4.746 |          0.865 |      19 |      14 |        4 |
| STX    |         44 |        56.82 |      53.81 |   -45.64 |     478.11 |        3.182 |        2.302 |          1.461 |      19 |       8 |        3 |
| W      |         45 |        24.44 |      96.10 |   -56.20 |    -853.78 |       -5.766 |       10.344 |          1.281 |       6 |      20 |       11 |
| WIF    |         43 |        37.21 |     122.65 |   -98.73 |    -703.21 |       -1.211 |       -0.000 |          1.417 |      13 |       3 |       21 |
| XRP    |         43 |        32.56 |      35.48 |   -28.86 |    -340.20 |       -5.687 |        8.325 |          0.870 |       8 |      19 |        1 |
+--------+------------+--------------+------------+----------+------------+--------------+--------------+----------------+---------+---------+----------+
+--------+------------+--------------+------------+----------+------------+--------------+--------------+----------------+---------+---------+----------+
| Crypto | Num Trades | Win Rate (%) | Avg Profit | Avg Loss | Net Profit | Sharpe Ratio | Max Drawdown | Risk to Reward | Num Tps | Num Sls | Num Liqs |
+--------+------------+--------------+------------+----------+------------+--------------+--------------+----------------+---------+---------+----------+
| PF     |        447 |        42.51 |      59.34 |   -50.12 |  -1,607.82 |       -0.567 |       13.774 |          1.215 |     131 |     131 |       64 |
+--------+------------+--------------+------------+----------+------------+--------------+--------------+----------------+---------+---------+----------+
Test Performance Score (Strategy Return): -32.16%
---------------------------------------------------------------------------
Starting test 43
Trading Strategy Final Return: 1.22%
Buy and Hold Final Return: -3.24%
Total trades: 442
Average return per trade: 0.2759%
Median return per trade: -9.6829%
Standard deviation of returns: 71.4388%
Percentage of profitable trades: 42.31%
Largest gain: 325.29%
Largest loss: -338.05%
Sharpe Ratio: 0.0613
Maximum Drawdown: -4.16%
Top 5 largest losses:
              timestamp  entry_price          size  leverage  collateral   type symbol  tp_price  sl_price  liq_price         pnl  exit_price exit_reason    return  cumulative_return
72  2024-10-17 15:15:00       1.8500  18688.648408     118.0         293  short    STX  1.811154  2.220000   1.860253 -990.497867      1.9030         liq -3.380539          -3.007336
402 2024-10-23 09:30:00       0.2766  30065.075569     115.5          72   long      W  0.281027  0.257238   0.275034 -144.312118      0.2718         liq -2.004335           2.885840
102 2024-10-18 03:45:00       2.6770   3261.860236     118.0          74  short    WIF  2.616252  3.212400   2.691837 -136.998310      2.7190         liq -1.851329          -3.395361
297 2024-10-21 10:15:00       2.6040   2129.032183      77.0          72   long    WIF  2.658627  2.421720   2.580801 -114.968034      2.5500         liq -1.596778           4.628078
26  2024-10-16 19:00:00       2.6120   4382.082714     118.0          97  short    WIF  2.550786  3.134400   2.626477 -153.373271      2.6470         liq -1.581168          -1.341303
Top 5 largest gains:
              timestamp  entry_price         size  leverage  collateral   type symbol  tp_price  sl_price  liq_price         pnl  exit_price exit_reason    return  cumulative_return
84  2024-10-17 19:00:00        2.479  3219.039817      84.0          95   long    WIF  2.546234   2.30547   2.458873  309.027681       2.575          tp  3.252923          -0.965737
295 2024-10-21 08:45:00        1.429  5862.841065     118.0          71  short    FET  1.406746   1.71480   1.436920  205.199242       1.394          tp  2.890130           7.072378
346 2024-10-22 11:00:00        2.493  3644.604849     118.0          77  short    WIF  2.446222   2.99160   2.506817  218.676082       2.433          tp  2.839949           3.125050
236 2024-10-20 08:45:00        1.673  5382.845259     108.5          83  short    IMX  1.634780   2.00760   1.683208  226.079157       1.631          tp  2.723845          -2.709028
284 2024-10-21 06:30:00        2.700  3174.629574     108.5          79  short    WIF  2.640199   3.24000   2.716474  200.001548       2.637          tp  2.531665           2.421855
Testing Report
+--------+------------+--------------+------------+----------+------------+--------------+--------------+----------------+---------+---------+----------+
| Crypto | Num Trades | Win Rate (%) | Avg Profit | Avg Loss | Net Profit | Sharpe Ratio | Max Drawdown | Risk to Reward | Num Tps | Num Sls | Num Liqs |
+--------+------------+--------------+------------+----------+------------+--------------+--------------+----------------+---------+---------+----------+
| EOS    |         40 |        47.50 |      48.99 |   -21.26 |     484.37 |        1.400 |        1.482 |          1.406 |      11 |      14 |        1 |
| FET    |         44 |        36.36 |     125.63 |   -81.16 |    -262.22 |        0.329 |        2.042 |          1.843 |      13 |      11 |       11 |
| FXS    |         48 |        37.50 |      50.92 |   -35.59 |    -151.15 |       -3.462 |        9.530 |          0.941 |       8 |      22 |        5 |
| GMT    |         45 |        40.00 |      16.26 |   -17.50 |    -179.83 |       -2.478 |        3.532 |          1.002 |      10 |      19 |        0 |
| IMX    |         47 |        63.83 |      74.59 |   -34.10 |   1,658.12 |        7.036 |        0.096 |          1.928 |      22 |      10 |        3 |
| RARE   |         44 |        50.00 |      41.04 |   -29.96 |     243.91 |        2.842 |        2.709 |          1.593 |      17 |      16 |        2 |
| STX    |         46 |        36.96 |      66.58 |   -54.04 |    -435.45 |       -1.953 |        3.244 |          1.096 |      12 |      18 |        3 |
| W      |         47 |        31.91 |      43.20 |   -51.15 |    -988.76 |       -4.483 |        5.498 |          1.039 |      11 |      22 |        7 |
| WIF    |         41 |        31.71 |     132.13 |   -79.99 |    -521.84 |       -1.197 |       -0.000 |          1.802 |       9 |       5 |       20 |
| XRP    |         40 |        47.50 |      24.78 |   -27.92 |    -115.46 |        1.631 |       31.893 |          1.442 |      10 |      17 |        0 |
+--------+------------+--------------+------------+----------+------------+--------------+--------------+----------------+---------+---------+----------+
+--------+------------+--------------+------------+----------+------------+--------------+--------------+----------------+---------+---------+----------+
| Crypto | Num Trades | Win Rate (%) | Avg Profit | Avg Loss | Net Profit | Sharpe Ratio | Max Drawdown | Risk to Reward | Num Tps | Num Sls | Num Liqs |
+--------+------------+--------------+------------+----------+------------+--------------+--------------+----------------+---------+---------+----------+
| PF     |        442 |        42.31 |      60.21 |   -45.21 |    -268.32 |        0.061 |        3.243 |          1.363 |     123 |     154 |       52 |
+--------+------------+--------------+------------+----------+------------+--------------+--------------+----------------+---------+---------+----------+
Test Performance Score (Strategy Return): -5.37%
---------------------------------------------------------------------------
Starting test 44
Trading Strategy Final Return: 16.69%
Buy and Hold Final Return: -3.24%
Total trades: 442
Average return per trade: 3.7766%
Median return per trade: -7.1411%
Standard deviation of returns: 69.8344%
Percentage of profitable trades: 45.70%
Largest gain: 377.38%
Largest loss: -199.01%
Sharpe Ratio: 0.8585
Maximum Drawdown: -4.22%
Top 5 largest losses:
              timestamp  entry_price          size  leverage  collateral   type symbol  tp_price  sl_price  liq_price         pnl  exit_price exit_reason    return  cumulative_return
418 2024-10-23 17:15:00        2.431   2766.762656     118.0          57   long    WIF  2.433000   2.40500   2.417526 -113.436963       2.390         liq -1.990122          11.275072
70  2024-10-17 13:00:00        2.573   2293.043181     118.0          50  short    WIF  2.512809   3.08760   2.587260  -68.791230       2.603         liq -1.375825          -0.607615
412 2024-10-23 14:30:00        2.442   2283.169615      94.5          59   long    WIF  2.491954   2.27106   2.424583  -79.910588       2.407         liq -1.354417          15.981208
12  2024-10-16 11:00:00        2.603  14376.489078     115.5         324   long    WIF  2.662524   2.42079   2.588261 -416.918814       2.574         liq -1.286786          -1.717033
227 2024-10-20 04:30:00        1.850   3763.243195     118.0          59  short    STX  1.848000   1.86800   1.860253  -71.501373       1.869         liq -1.211888          15.839693
Top 5 largest gains:
              timestamp  entry_price         size  leverage  collateral   type symbol  tp_price  sl_price  liq_price         pnl  exit_price exit_reason    return  cumulative_return
80  2024-10-17 16:00:00        2.564  2531.201355     118.0          55  short    WIF  2.493437   3.07680   2.578211  207.557951       2.482          tp  3.773781           7.640786
76  2024-10-17 15:15:00        1.850  3444.324280     118.0          54   long    STX  1.888846   1.72050   1.839747  182.549095       1.903          tp  3.380539           3.492671
102 2024-10-17 22:45:00        2.552  1579.937276      84.0          48   long    WIF  2.601449   2.37336   2.531280  135.874551       2.638          tp  2.830720          11.566783
82  2024-10-17 16:15:00        1.382  3900.144804      98.0          55  short    FET  1.353664   1.65840   1.391448  140.405265       1.346          tp  2.552823          10.193609
163 2024-10-19 03:00:00        2.744  2494.169134     118.0          58  short    WIF  2.690790   3.29280   2.759208  142.167446       2.687          tp  2.451163          11.646294
Testing Report
+--------+------------+--------------+------------+----------+------------+--------------+--------------+----------------+---------+---------+----------+
| Crypto | Num Trades | Win Rate (%) | Avg Profit | Avg Loss | Net Profit | Sharpe Ratio | Max Drawdown | Risk to Reward | Num Tps | Num Sls | Num Liqs |
+--------+------------+--------------+------------+----------+------------+--------------+--------------+----------------+---------+---------+----------+
| EOS    |         40 |        32.50 |      41.18 |   -25.33 |    -148.48 |       -4.752 |        8.161 |          0.997 |       8 |      18 |        2 |
| FET    |         41 |        46.34 |      90.60 |   -46.65 |     695.15 |        1.786 |        1.622 |          1.537 |      13 |       8 |       10 |
| FXS    |         48 |        43.75 |      21.10 |   -29.92 |    -364.85 |       -2.609 |        3.345 |          0.851 |      12 |      16 |        4 |
| GMT    |         40 |        50.00 |      14.40 |   -14.31 |       1.84 |        2.425 |        0.430 |          1.476 |      12 |      11 |        0 |
| IMX    |         45 |        48.89 |     106.22 |   -39.57 |   1,426.65 |        4.805 |        1.562 |          2.215 |      12 |      16 |        3 |
| RARE   |         49 |        53.06 |      21.52 |   -48.08 |    -546.49 |        0.761 |        2.074 |          0.957 |      22 |      16 |        3 |
| STX    |         47 |        46.81 |      38.43 |   -24.13 |     242.35 |        1.157 |        0.937 |          1.395 |      12 |      19 |        1 |
| W      |         44 |        47.73 |      42.28 |   -29.15 |     217.36 |        0.711 |        7.004 |          1.233 |      12 |      13 |        6 |
| WIF    |         44 |        40.91 |     112.19 |   -83.05 |    -140.03 |        0.866 |        1.735 |          1.650 |      11 |       6 |       19 |
| XRP    |         44 |        45.45 |      19.64 |   -27.92 |    -277.26 |        0.278 |        2.092 |          1.254 |      14 |      14 |        1 |
+--------+------------+--------------+------------+----------+------------+--------------+--------------+----------------+---------+---------+----------+
+--------+------------+--------------+------------+----------+------------+--------------+--------------+----------------+---------+---------+----------+
| Crypto | Num Trades | Win Rate (%) | Avg Profit | Avg Loss | Net Profit | Sharpe Ratio | Max Drawdown | Risk to Reward | Num Tps | Num Sls | Num Liqs |
+--------+------------+--------------+------------+----------+------------+--------------+--------------+----------------+---------+---------+----------+
| PF     |        442 |        45.70 |      49.65 |   -37.18 |   1,106.24 |        0.859 |        2.146 |          1.373 |     128 |     137 |       49 |
+--------+------------+--------------+------------+----------+------------+--------------+--------------+----------------+---------+---------+----------+
Test Performance Score (Strategy Return): 22.12%
---------------------------------------------------------------------------
Starting test 45
Trading Strategy Final Return: 10.35%
Buy and Hold Final Return: -3.24%
Total trades: 428
Average return per trade: 2.4180%
Median return per trade: -5.9122%
Standard deviation of returns: 75.0017%
Percentage of profitable trades: 46.26%
Largest gain: 544.91%
Largest loss: -203.15%
Sharpe Ratio: 0.5118
Maximum Drawdown: -20.73%
Top 5 largest losses:
              timestamp  entry_price           size  leverage  collateral   type symbol  tp_price  sl_price  liq_price         pnl  exit_price exit_reason    return  cumulative_return
258 2024-10-20 23:00:00       2.7300    3846.886420     118.0          89  short    WIF  2.673335   3.27600   2.745131 -180.803398      2.7770         liq -2.031499          11.137600
282 2024-10-21 10:30:00       1.4160    7197.740069     112.0          91   long    FET  1.438526   1.31688   1.407681 -158.349959      1.3940         liq -1.740109          13.668275
202 2024-10-19 23:30:00       0.2903  154226.655893      91.0         492  short      W  0.287120   0.34836   0.292450 -832.824251      0.2957         liq -1.692732          17.944510
235 2024-10-20 11:30:00       0.1205  200473.031822     101.5         238  short   RARE  0.118636   0.14460   0.121291 -400.946876      0.1225         liq -1.684651          12.361376
341 2024-10-22 11:45:00       2.4740    3327.405043      98.0          84   long    WIF  2.519411   2.30082   2.457086 -136.423239      2.4330         liq -1.624086           5.888127
Top 5 largest gains:
              timestamp  entry_price          size  leverage  collateral   type symbol  tp_price  sl_price  liq_price          pnl  exit_price exit_reason    return  cumulative_return
68  2024-10-17 15:00:00        1.819  24975.261054     118.0         385   long    STX  1.854199   1.69167   1.808918  2097.921714       1.903          tp  5.449147          13.354608
75  2024-10-17 15:45:00        2.588  18695.517347      94.5         512  short    WIF  2.518296   3.10560   2.606458  1981.723840       2.482          tp  3.870554          16.895983
274 2024-10-21 07:30:00        2.216   4030.685775     101.5          88   long    FXS  2.265764   2.06088   2.201460   330.516303       2.298          tp  3.755867          17.648939
17  2024-10-16 12:00:00        2.623   9042.318279     118.0         201  short    WIF  2.548949   3.14760   2.637538   750.511917       2.540          tp  3.733890          -0.127034
23  2024-10-16 16:15:00        2.538   3723.404099     105.0          90   long    WIF  2.612971   2.36034   2.521999   275.531463       2.612     opening  3.061461           2.669206
Testing Report
+--------+------------+--------------+------------+----------+------------+--------------+--------------+----------------+---------+---------+----------+
| Crypto | Num Trades | Win Rate (%) | Avg Profit | Avg Loss | Net Profit | Sharpe Ratio | Max Drawdown | Risk to Reward | Num Tps | Num Sls | Num Liqs |
+--------+------------+--------------+------------+----------+------------+--------------+--------------+----------------+---------+---------+----------+
| EOS    |         42 |        64.29 |      89.14 |   -87.84 |   1,089.30 |        4.612 |        1.079 |          1.118 |      18 |      10 |        1 |
| FET    |         46 |        45.65 |     233.02 |  -166.81 |     723.21 |       -0.733 |       13.245 |          1.024 |      10 |      10 |       13 |
| FXS    |         41 |        41.46 |      94.67 |   -95.28 |    -677.29 |        1.183 |        1.217 |          1.836 |      14 |      12 |        4 |
| GMT    |         41 |        48.78 |      57.72 |   -91.55 |    -768.17 |        1.364 |        2.383 |          1.272 |      15 |      19 |        0 |
| IMX    |         42 |        38.10 |     156.57 |  -195.08 |  -2,566.98 |       -5.746 |       -0.000 |          0.666 |      10 |      14 |       10 |
| RARE   |         43 |        48.84 |     152.28 |  -114.72 |     674.10 |        2.210 |        5.138 |          1.547 |      18 |      16 |        3 |
| STX    |         44 |        38.64 |     192.06 |  -105.87 |     406.51 |        0.717 |        0.823 |          1.780 |      14 |      13 |        3 |
| W      |         40 |        35.00 |     229.10 |  -135.52 |    -316.20 |       -0.020 |        6.811 |          1.780 |       9 |      12 |        7 |
| WIF    |         47 |        51.06 |     427.27 |  -246.06 |   4,594.89 |        2.198 |        0.465 |          1.368 |      14 |       4 |       17 |
| XRP    |         42 |        50.00 |     116.03 |   -80.38 |     748.84 |       -0.187 |        1.069 |          0.923 |       9 |      11 |        3 |
+--------+------------+--------------+------------+----------+------------+--------------+--------------+----------------+---------+---------+----------+
+--------+------------+--------------+------------+----------+------------+--------------+--------------+----------------+---------+---------+----------+
| Crypto | Num Trades | Win Rate (%) | Avg Profit | Avg Loss | Net Profit | Sharpe Ratio | Max Drawdown | Risk to Reward | Num Tps | Num Sls | Num Liqs |
+--------+------------+--------------+------------+----------+------------+--------------+--------------+----------------+---------+---------+----------+
| PF     |        428 |        46.26 |     176.42 |  -134.88 |   3,908.20 |        0.512 |       69.325 |          1.246 |     131 |     121 |       61 |
+--------+------------+--------------+------------+----------+------------+--------------+--------------+----------------+---------+---------+----------+
Test Performance Score (Strategy Return): 78.16%
---------------------------------------------------------------------------
Starting test 46
Trading Strategy Final Return: 1.61%
Buy and Hold Final Return: -3.24%
Total trades: 436
Average return per trade: 0.3702%
Median return per trade: -3.7039%
Standard deviation of returns: 62.4748%
Percentage of profitable trades: 47.48%
Largest gain: 323.28%
Largest loss: -144.81%
Sharpe Ratio: 0.0941
Maximum Drawdown: -16.73%
Top 5 largest losses:
              timestamp  entry_price          size  leverage  collateral   type symbol  tp_price  sl_price  liq_price         pnl  exit_price exit_reason    return  cumulative_return
308 2024-10-21 15:00:00        2.526   2522.565298     118.0          54   long    WIF  2.578233   2.34918   2.512000  -78.199871       2.495         liq -1.448146           4.352778
66  2024-10-17 13:00:00        2.573  11190.050724     118.0         244  short    WIF  2.512809   3.08760   2.587260 -335.701202       2.603         liq -1.375825          -0.312808
422 2024-10-23 19:00:00        1.305   4159.387140     118.0          46  short    FET  1.280241   1.56600   1.312233  -62.391243       1.320         liq -1.356331           0.978236
384 2024-10-23 02:45:00        1.493   4188.881361     118.0          53   long    IMX  1.502000   1.47900   1.484725  -67.022238       1.477         liq -1.264571          -0.134078
415 2024-10-23 17:30:00        2.418   2214.640214     105.0          51   long    WIF  2.433000   2.40500   2.402755  -62.009656       2.390         liq -1.215876          -0.258935
Top 5 largest gains:
              timestamp  entry_price          size  leverage  collateral   type symbol  tp_price  sl_price  liq_price         pnl  exit_price exit_reason    return  cumulative_return
280 2024-10-21 01:15:00       2.7510   1973.282495     115.5          47  short    WIF  2.686529  3.301200   2.766577  151.942560      2.6740          tp  3.232820           9.338995
80  2024-10-17 16:30:00       1.8790   2831.293319      66.5          80  short    STX  1.827355  2.254800   1.898609  189.696404      1.8120          tp  2.371205           0.195316
54  2024-10-17 05:30:00       2.6100   2078.544145      87.5          62  short    WIF  2.555043  3.132000   2.630224  141.340669      2.5420          tp  2.279688          -1.131607
135 2024-10-18 14:30:00       1.3980   7258.941335     118.0          86   long    FET  1.421316  1.300140   1.390252  195.991056      1.4250          tp  2.278966          -3.656800
426 2024-10-23 17:45:00       0.2651  20463.975681     108.5          50   long      W  0.269410  0.246543   0.263483  104.366518      0.2702          tp  2.087330           1.828395
Testing Report
+--------+------------+--------------+------------+----------+------------+--------------+--------------+----------------+---------+---------+----------+
| Crypto | Num Trades | Win Rate (%) | Avg Profit | Avg Loss | Net Profit | Sharpe Ratio | Max Drawdown | Risk to Reward | Num Tps | Num Sls | Num Liqs |
+--------+------------+--------------+------------+----------+------------+--------------+--------------+----------------+---------+---------+----------+
| EOS    |         43 |        41.86 |      19.47 |   -26.86 |    -320.98 |       -1.546 |        5.017 |          1.104 |      14 |      18 |        1 |
| FET    |         47 |        38.30 |      77.30 |   -62.07 |    -408.61 |        0.637 |        0.661 |          1.713 |      13 |      11 |       15 |
| FXS    |         47 |        57.45 |      29.03 |   -18.57 |     412.41 |        2.246 |        0.555 |          1.006 |      15 |      13 |        2 |
| GMT    |         42 |        50.00 |      17.37 |   -12.63 |      99.67 |        1.704 |        1.258 |          1.321 |      15 |      11 |        1 |
| IMX    |         39 |        46.15 |      28.78 |   -31.07 |    -134.44 |       -4.171 |        3.613 |          0.627 |      12 |       9 |       10 |
| RARE   |         41 |        58.54 |      28.18 |   -33.90 |     100.04 |       -0.203 |        1.669 |          0.686 |      18 |       8 |        6 |
| STX    |         43 |        48.84 |      28.91 |   -28.31 |     -15.83 |        0.951 |        1.179 |          1.199 |       9 |      13 |        3 |
| W      |         46 |        39.13 |      51.22 |   -29.24 |     103.25 |        1.122 |       10.043 |          1.787 |      14 |      17 |        5 |
| WIF    |         41 |        39.02 |      66.45 |   -71.23 |    -717.67 |       -1.001 |       21.548 |          1.351 |      10 |       3 |       20 |
| XRP    |         47 |        55.32 |      22.31 |   -16.29 |     237.83 |        2.144 |        1.059 |          1.187 |      12 |      13 |        1 |
+--------+------------+--------------+------------+----------+------------+--------------+--------------+----------------+---------+---------+----------+
+--------+------------+--------------+------------+----------+------------+--------------+--------------+----------------+---------+---------+----------+
| Crypto | Num Trades | Win Rate (%) | Avg Profit | Avg Loss | Net Profit | Sharpe Ratio | Max Drawdown | Risk to Reward | Num Tps | Num Sls | Num Liqs |
+--------+------------+--------------+------------+----------+------------+--------------+--------------+----------------+---------+---------+----------+
| PF     |        436 |        47.48 |      35.06 |   -34.50 |    -644.32 |        0.094 |       16.011 |          1.105 |     132 |     116 |       64 |
+--------+------------+--------------+------------+----------+------------+--------------+--------------+----------------+---------+---------+----------+
Test Performance Score (Strategy Return): -12.89%
---------------------------------------------------------------------------
Starting test 47
Trading Strategy Final Return: -13.00%
Buy and Hold Final Return: -3.24%
Total trades: 424
Average return per trade: -3.0661%
Median return per trade: -10.1691%
Standard deviation of returns: 64.5862%
Percentage of profitable trades: 42.92%
Largest gain: 409.10%
Largest loss: -161.64%
Sharpe Ratio: -0.7536
Maximum Drawdown: -6.01%
Top 5 largest losses:
              timestamp  entry_price          size  leverage  collateral   type symbol  tp_price  sl_price  liq_price         pnl  exit_price exit_reason    return  cumulative_return
87  2024-10-17 17:15:00        2.482   1854.149795     118.0          39  short    WIF  2.408586   2.97840   2.495756  -63.040944      2.5160         liq -1.616434           3.975796
286 2024-10-21 12:45:00        1.401   5695.931384     105.0          76   long    FET  1.423063   1.30293   1.392167 -119.614717      1.3800         liq -1.573878          -4.137391
317 2024-10-22 02:00:00        0.286  37545.452793     118.0          91   long      W  0.289817   0.26598   0.284415 -138.918848      0.2823         liq -1.526581          -6.794008
202 2024-10-19 22:30:00        2.619   1563.573908      63.0          65  short    WIF  2.583571   3.14280   2.648017  -95.378178      2.6800         liq -1.467357          -0.660763
19  2024-10-16 14:15:00        1.438  17232.267472     118.0         210   long    FET  1.471335   1.33734   1.430030 -275.714784      1.4220         liq -1.312928          -1.705385
Top 5 largest gains:
              timestamp  entry_price          size  leverage  collateral   type symbol  tp_price  sl_price  liq_price         pnl  exit_price exit_reason    return  cumulative_return
275 2024-10-21 07:15:00        2.221   4409.725436     118.0          83   long    FXS  2.270226   2.06553   2.208690  339.549481       2.298          tp  4.090958           0.373876
254 2024-10-20 22:30:00        2.714   3608.695670     118.0          83   long    WIF  2.768166   2.52402   2.698958  227.347696       2.777          tp  2.739129          -4.065527
80  2024-10-17 16:15:00        1.382   2694.645501      98.0          38  short    FET  1.353664   1.65840   1.391448   97.007274       1.346          tp  2.552823           5.321454
409 2024-10-23 18:00:00        1.430   7096.503757     118.0          86   long    IMX  1.453381   1.32990   1.422074  184.509260       1.456          tp  2.145457         -11.312454
70  2024-10-17 11:15:00        1.366  23928.256701     118.0         277   long    FET  1.388184   1.27038   1.358429  574.276472       1.390          tp  2.073200           2.946087
Testing Report
+--------+------------+--------------+------------+----------+------------+--------------+--------------+----------------+---------+---------+----------+
| Crypto | Num Trades | Win Rate (%) | Avg Profit | Avg Loss | Net Profit | Sharpe Ratio | Max Drawdown | Risk to Reward | Num Tps | Num Sls | Num Liqs |
+--------+------------+--------------+------------+----------+------------+--------------+--------------+----------------+---------+---------+----------+
| EOS    |         41 |        31.71 |      23.59 |   -32.29 |    -597.49 |       -6.122 |       59.036 |          0.802 |      10 |      17 |        4 |
| FET    |         44 |        43.18 |      86.17 |   -66.28 |     -19.73 |        0.452 |        0.780 |          1.409 |      12 |       9 |       15 |
| FXS    |         40 |        57.50 |      37.60 |   -19.36 |     535.55 |        3.623 |        0.453 |          1.667 |      14 |      12 |        2 |
| GMT    |         41 |        43.90 |      12.67 |   -12.44 |     -58.18 |        0.129 |        0.972 |          1.191 |       9 |      15 |        0 |
| IMX    |         44 |        52.27 |      53.64 |   -28.45 |     636.27 |        3.254 |        1.032 |          1.543 |      15 |      16 |        1 |
| RARE   |         44 |        43.18 |      48.98 |   -32.05 |     129.36 |       -0.386 |        2.893 |          1.237 |      13 |      19 |        3 |
| STX    |         43 |        46.51 |      31.59 |   -33.36 |    -135.40 |        1.443 |        2.768 |          1.386 |      14 |      12 |        1 |
| W      |         44 |        38.64 |      43.21 |   -48.17 |    -565.90 |       -2.510 |        3.238 |          1.086 |      11 |      14 |       11 |
| WIF    |         39 |        25.64 |      62.79 |   -81.08 |  -1,723.42 |       -7.217 |       -0.000 |          1.060 |       5 |       2 |       26 |
| XRP    |         44 |        45.45 |      22.70 |   -22.20 |     -78.85 |       -0.861 |        4.837 |          0.949 |       8 |      17 |        1 |
+--------+------------+--------------+------------+----------+------------+--------------+--------------+----------------+---------+---------+----------+
+--------+------------+--------------+------------+----------+------------+--------------+--------------+----------------+---------+---------+----------+
| Crypto | Num Trades | Win Rate (%) | Avg Profit | Avg Loss | Net Profit | Sharpe Ratio | Max Drawdown | Risk to Reward | Num Tps | Num Sls | Num Liqs |
+--------+------------+--------------+------------+----------+------------+--------------+--------------+----------------+---------+---------+----------+
| PF     |        424 |        42.92 |      42.03 |   -39.37 |  -1,877.80 |       -0.755 |       18.214 |          1.136 |     111 |     133 |       64 |
+--------+------------+--------------+------------+----------+------------+--------------+--------------+----------------+---------+---------+----------+
Test Performance Score (Strategy Return): -37.56%
---------------------------------------------------------------------------
Starting test 48
Trading Strategy Final Return: -1.24%
Buy and Hold Final Return: -3.24%
Total trades: 434
Average return per trade: -0.2864%
Median return per trade: -5.4302%
Standard deviation of returns: 61.9588%
Percentage of profitable trades: 47.24%
Largest gain: 287.91%
Largest loss: -209.09%
Sharpe Ratio: -0.0734
Maximum Drawdown: -2.74%
Top 5 largest losses:
              timestamp  entry_price          size  leverage  collateral   type symbol  tp_price  sl_price  liq_price         pnl  exit_price exit_reason    return  cumulative_return
286 2024-10-21 11:00:00       2.5960   2727.272773     118.0          60   long    WIF  2.646625   2.41428   2.581612 -125.454558      2.5500         liq -2.090909           0.608886
237 2024-10-20 12:45:00       0.1201  35495.420775     101.5          42  short   RARE  0.118101   0.14412   0.120888  -85.189130      0.1225         liq -2.028313           4.132692
352 2024-10-22 14:00:00       2.4290   2380.403555     118.0          49   long    WIF  2.488963   2.25897   2.415537  -78.553299      2.3960         liq -1.603129           0.802334
22  2024-10-16 13:45:00       2.5670  21926.763508     118.0         477  short    WIF  2.493353   3.08040   2.581227 -679.732680      2.5980         liq -1.425016           3.508484
431 2024-10-24 00:00:00       0.2687  15682.917541      98.0          43  short      W  0.265387   0.32244   0.270537  -59.595161      0.2725         liq -1.385934           1.791746
Top 5 largest gains:
              timestamp  entry_price          size  leverage  collateral   type symbol  tp_price  sl_price  liq_price         pnl  exit_price exit_reason    return  cumulative_return
84  2024-10-17 15:45:00       1.8940   1299.102392      66.5          37  short    STX  1.845878  2.272800   1.913766  106.526418      1.8120          tp  2.879092           7.493561
231 2024-10-20 10:00:00       1.6680   3273.381329     105.0          52  short    IMX  1.632127  2.001600   1.678516  121.114916      1.6310          tp  2.329133           8.658631
417 2024-10-23 18:00:00       0.1117  38603.402530      98.0          44   long   RARE  0.114191  0.103881   0.110936   96.508702      0.1142          tp  2.193380           3.845037
241 2024-10-20 14:45:00       1.4340   4443.514597     118.0          54   long    FET  1.458265  1.333620   1.426052  115.531481      1.4600          tp  2.139472           6.227753
30  2024-10-16 17:45:00       2.5610    737.992940      63.0          30   long    WIF  2.627082  2.381730   2.532626   63.467368      2.6470          tp  2.115579           6.731291
Testing Report
+--------+------------+--------------+------------+----------+------------+--------------+--------------+----------------+---------+---------+----------+
| Crypto | Num Trades | Win Rate (%) | Avg Profit | Avg Loss | Net Profit | Sharpe Ratio | Max Drawdown | Risk to Reward | Num Tps | Num Sls | Num Liqs |
+--------+------------+--------------+------------+----------+------------+--------------+--------------+----------------+---------+---------+----------+
| EOS    |         43 |        39.53 |      24.02 |   -12.60 |      80.81 |       -0.423 |        1.124 |          1.426 |      12 |      16 |        2 |
| FET    |         43 |        46.51 |      37.43 |   -39.44 |    -158.56 |       -0.163 |        1.597 |          1.122 |      11 |       8 |       13 |
| FXS    |         46 |        56.52 |      34.87 |   -21.71 |     472.43 |        2.803 |        1.427 |          1.191 |      18 |       9 |        2 |
| GMT    |         48 |        54.17 |      16.67 |   -15.37 |      95.25 |        4.186 |        1.760 |          1.655 |      17 |      13 |        0 |
| IMX    |         42 |        47.62 |      27.41 |   -28.66 |     -82.26 |        0.761 |        0.796 |          1.251 |      11 |      18 |        2 |
| RARE   |         46 |        56.52 |      30.45 |   -33.92 |     113.12 |        1.809 |        3.967 |          1.070 |      19 |      13 |        2 |
| STX    |         44 |        45.45 |      43.00 |   -19.34 |     395.86 |        0.820 |        1.087 |          1.423 |      12 |      15 |        3 |
| W      |         42 |        38.10 |      45.54 |   -38.87 |    -281.96 |       -2.933 |       11.368 |          1.038 |       7 |      14 |        9 |
| WIF    |         37 |        35.14 |      39.23 |   -97.09 |  -1,820.32 |       -4.481 |       -0.000 |          0.999 |      10 |       3 |       20 |
| XRP    |         43 |        48.84 |      29.14 |   -20.23 |     166.76 |        1.688 |        0.628 |          1.361 |      13 |      14 |        0 |
+--------+------------+--------------+------------+----------+------------+--------------+--------------+----------------+---------+---------+----------+
+--------+------------+--------------+------------+----------+------------+--------------+--------------+----------------+---------+---------+----------+
| Crypto | Num Trades | Win Rate (%) | Avg Profit | Avg Loss | Net Profit | Sharpe Ratio | Max Drawdown | Risk to Reward | Num Tps | Num Sls | Num Liqs |
+--------+------------+--------------+------------+----------+------------+--------------+--------------+----------------+---------+---------+----------+
| PF     |        434 |        47.24 |      31.94 |   -33.04 |  -1,018.88 |       -0.073 |        1.657 |          1.098 |     130 |     123 |       53 |
+--------+------------+--------------+------------+----------+------------+--------------+--------------+----------------+---------+---------+----------+
Test Performance Score (Strategy Return): -20.38%
---------------------------------------------------------------------------
Starting test 49
Trading Strategy Final Return: -6.03%
Buy and Hold Final Return: -3.24%
Total trades: 438
Average return per trade: -1.3757%
Median return per trade: -9.2909%
Standard deviation of returns: 69.4104%
Percentage of profitable trades: 44.29%
Largest gain: 452.62%
Largest loss: -203.72%
Sharpe Ratio: -0.3146
Maximum Drawdown: -4.24%
Top 5 largest losses:
              timestamp  entry_price          size  leverage  collateral   type symbol  tp_price  sl_price  liq_price         pnl  exit_price exit_reason    return  cumulative_return
278 2024-10-21 07:45:00        2.259   3604.249568     118.0          69  short    FXS  2.202738   2.71080   2.271520 -140.565857       2.298         liq -2.037186           2.603582
292 2024-10-21 12:45:00        2.560   2535.156307     118.0          55   long    WIF  2.609719   2.38080   2.545811  -86.195111       2.526         liq -1.567184           4.781068
75  2024-10-17 16:15:00        1.382   7020.260647      98.0          99   long    FET  1.410336   1.28526   1.372552 -154.445420       1.360         liq -1.560055           4.157735
15  2024-10-16 12:45:00        1.453  30454.233682     118.0         375   long    FET  1.483059   1.35129   1.444947 -548.176410       1.435         liq -1.461804           3.201693
154 2024-10-19 00:15:00        1.570   3343.948933     105.0          50  short    IMX  1.551714   1.88400   1.579899  -70.222621       1.591         liq -1.404452          11.352702
Top 5 largest gains:
              timestamp  entry_price         size  leverage  collateral   type symbol  tp_price  sl_price  liq_price         pnl  exit_price exit_reason    return  cumulative_return
78  2024-10-17 14:45:00        2.581  4846.183481     118.0         106  short    WIF  2.511223   3.09720   2.595305  479.772054       2.482          tp  4.526151           4.336524
102 2024-10-18 02:15:00        2.654  4801.808511     118.0         108   long    WIF  2.715011   2.46822   2.639291  312.117828       2.719          tp  2.889980           6.143211
57  2024-10-17 04:00:00        2.648  1916.163141     118.0          43  short    WIF  2.598369   3.17760   2.662676  103.472620       2.594          tp  2.406340           6.673354
130 2024-10-18 14:15:00        1.393  4066.044489     118.0          48   long    FET  1.416364   1.29549   1.385279  109.783000       1.420          tp  2.287146           9.348474
153 2024-10-18 21:15:00        2.620  1632.442819      91.0          47   long    WIF  2.665078   2.43660   2.600595   99.579189       2.681          tp  2.118706          12.102345
Testing Report
+--------+------------+--------------+------------+----------+------------+--------------+--------------+----------------+---------+---------+----------+
| Crypto | Num Trades | Win Rate (%) | Avg Profit | Avg Loss | Net Profit | Sharpe Ratio | Max Drawdown | Risk to Reward | Num Tps | Num Sls | Num Liqs |
+--------+------------+--------------+------------+----------+------------+--------------+--------------+----------------+---------+---------+----------+
| EOS    |         42 |        47.62 |      13.01 |   -18.86 |    -154.77 |       -1.291 |       -0.000 |          0.895 |      13 |      15 |        2 |
| FET    |         48 |        47.92 |      55.10 |   -70.50 |    -495.24 |        0.205 |       23.935 |          1.075 |      14 |       7 |       15 |
| FXS    |         42 |        40.48 |      28.76 |   -27.54 |    -199.55 |       -3.797 |        3.196 |          0.749 |      10 |      16 |        6 |
| GMT    |         41 |        58.54 |      17.80 |   -10.40 |     250.48 |        3.552 |        2.593 |          1.190 |      16 |      13 |        0 |
| IMX    |         47 |        42.55 |      39.00 |   -29.76 |     -23.59 |       -2.172 |        3.570 |          0.967 |      11 |      16 |        7 |
| RARE   |         44 |        38.64 |      34.66 |   -20.64 |      31.97 |       -0.584 |        2.445 |          1.446 |      14 |      16 |        4 |
| STX    |         37 |        54.05 |      21.58 |   -14.64 |     182.74 |        2.793 |        1.261 |          1.238 |      15 |       7 |        1 |
| W      |         46 |        32.61 |      42.13 |   -43.84 |    -727.07 |       -2.544 |        4.942 |          1.400 |      10 |      14 |       12 |
| WIF    |         46 |        45.65 |      80.90 |   -54.84 |     327.76 |        1.710 |        0.656 |          1.570 |      12 |       4 |       19 |
| XRP    |         45 |        37.78 |      27.01 |   -18.44 |     -57.25 |       -0.599 |        2.931 |          1.500 |      12 |      18 |        0 |
+--------+------------+--------------+------------+----------+------------+--------------+--------------+----------------+---------+---------+----------+
+--------+------------+--------------+------------+----------+------------+--------------+--------------+----------------+---------+---------+----------+
| Crypto | Num Trades | Win Rate (%) | Avg Profit | Avg Loss | Net Profit | Sharpe Ratio | Max Drawdown | Risk to Reward | Num Tps | Num Sls | Num Liqs |
+--------+------------+--------------+------------+----------+------------+--------------+--------------+----------------+---------+---------+----------+
| PF     |        438 |        44.29 |      36.26 |   -32.37 |    -864.52 |       -0.315 |        2.681 |          1.180 |     127 |     126 |       66 |
+--------+------------+--------------+------------+----------+------------+--------------+--------------+----------------+---------+---------+----------+
Test Performance Score (Strategy Return): -17.29%
---------------------------------------------------------------------------
Starting test 50
Trading Strategy Final Return: -0.24%
Buy and Hold Final Return: -3.24%
Total trades: 449
Average return per trade: -0.0535%
Median return per trade: -7.2237%
Standard deviation of returns: 69.9634%
Percentage of profitable trades: 45.43%
Largest gain: 372.52%
Largest loss: -210.49%
Sharpe Ratio: -0.0121
Maximum Drawdown: -2.10%
Top 5 largest losses:
              timestamp  entry_price          size  leverage  collateral   type symbol  tp_price  sl_price  liq_price          pnl  exit_price exit_reason    return  cumulative_return
55  2024-10-17 05:45:00        2.594  25824.979718     105.0         638   long    WIF  2.650707   2.41242   2.577646 -1342.900128       2.542         liq -2.104859           4.142284
118 2024-10-18 09:30:00        2.631   2502.280462     115.5          57  short    WIF  2.575246   3.15720   2.645898   -85.077335       2.665         liq -1.492585          -1.369936
128 2024-10-18 12:30:00        2.630   2557.414337     118.0          57  short    WIF  2.575411   3.15600   2.644577   -84.394654       2.663         liq -1.480608          -0.295205
77  2024-10-17 15:15:00        1.385  29410.108506      80.5         506   long    FET  1.410841   1.28805   1.373266  -735.252011       1.360         liq -1.453067           7.254860
420 2024-10-23 13:30:00        2.453   2790.052918     118.0          58   long    WIF  2.501073   2.28129   2.439405   -83.701508       2.423         liq -1.443129           2.291528
Top 5 largest gains:
              timestamp  entry_price          size  leverage  collateral   type symbol  tp_price  sl_price  liq_price          pnl  exit_price exit_reason    return  cumulative_return
286 2024-10-21 06:45:00       2.1540   2848.653610     118.0          52   long    FXS  2.190997  2.003220   2.142062   193.707989      2.2220          tp  3.725154          -4.121953
68  2024-10-17 11:30:00       2.5190  28012.702860     118.0         598   long    WIF  2.571853  2.342670   2.505039  2184.986068      2.5970          tp  3.653823          10.584862
372 2024-10-22 14:15:00       0.2743  24090.411166     118.0          56   long      W  0.280120  0.255099   0.272780   183.086634      0.2819          tp  3.269404          -3.168143
289 2024-10-21 06:30:00       2.7000   2089.629593     108.5          52  short    WIF  2.640199  3.240000   2.716474   131.646589      2.6370          tp  2.531665          -8.669281
412 2024-10-23 09:00:00       2.3590   3001.271767     118.0          60   long    WIF  2.407699  2.193870   2.345926   147.062391      2.4080          tp  2.451040           4.079463
Testing Report
+--------+------------+--------------+------------+----------+------------+--------------+--------------+----------------+---------+---------+----------+
| Crypto | Num Trades | Win Rate (%) | Avg Profit | Avg Loss | Net Profit | Sharpe Ratio | Max Drawdown | Risk to Reward | Num Tps | Num Sls | Num Liqs |
+--------+------------+--------------+------------+----------+------------+--------------+--------------+----------------+---------+---------+----------+
| EOS    |         42 |        35.71 |      54.22 |   -46.80 |    -450.17 |       -1.910 |        3.244 |          1.331 |       7 |      20 |        2 |
| FET    |         44 |        34.09 |     105.26 |  -118.81 |  -1,866.56 |       -3.802 |       -0.000 |          1.112 |      11 |       8 |       17 |
| FXS    |         46 |        47.83 |      60.10 |   -45.86 |     221.66 |        1.556 |       18.518 |          1.518 |      15 |      14 |        3 |
| GMT    |         43 |        55.81 |      25.88 |   -24.35 |     158.43 |        2.436 |        0.966 |          1.152 |      13 |      17 |        0 |
| IMX    |         46 |        50.00 |      87.15 |   -49.96 |     855.36 |        0.378 |        1.091 |          1.060 |      12 |      14 |        7 |
| RARE   |         48 |        47.92 |      50.29 |   -47.65 |     -34.48 |        0.708 |        2.371 |          1.188 |      16 |      16 |        1 |
| STX    |         45 |        55.56 |      72.27 |   -37.05 |   1,065.91 |        4.017 |        0.299 |          1.603 |      19 |      14 |        0 |
| W      |         47 |        38.30 |     134.36 |   -83.38 |       0.44 |       -0.013 |        1.450 |          1.608 |       8 |      16 |       10 |
| WIF    |         45 |        35.56 |     340.99 |  -142.58 |   1,320.94 |       -0.513 |        2.403 |          1.671 |      10 |       4 |       18 |
| XRP    |         43 |        53.49 |      38.27 |   -57.89 |    -277.69 |        0.548 |        1.246 |          0.951 |      12 |       9 |        4 |
+--------+------------+--------------+------------+----------+------------+--------------+--------------+----------------+---------+---------+----------+
+--------+------------+--------------+------------+----------+------------+--------------+--------------+----------------+---------+---------+----------+
| Crypto | Num Trades | Win Rate (%) | Avg Profit | Avg Loss | Net Profit | Sharpe Ratio | Max Drawdown | Risk to Reward | Num Tps | Num Sls | Num Liqs |
+--------+------------+--------------+------------+----------+------------+--------------+--------------+----------------+---------+---------+----------+
| PF     |        449 |        45.43 |      88.52 |   -69.65 |     993.85 |       -0.012 |        5.477 |          1.193 |     123 |     132 |       62 |
+--------+------------+--------------+------------+----------+------------+--------------+--------------+----------------+---------+---------+----------+
Test Performance Score (Strategy Return): 19.88%
